[35m[1mConsolidate compiler generated dependencies of target gtest_main[0m
[35m[1mConsolidate compiler generated dependencies of target gtest[0m
[35m[1mConsolidate compiler generated dependencies of target serial[0m
[ 14%] Built target gtest_main
[ 28%] Built target gtest
[ 57%] Built target serial
[35m[1mConsolidate compiler generated dependencies of target serial-test[0m
[35m[1mConsolidate compiler generated dependencies of target serial_example[0m
[35m[1mConsolidate compiler generated dependencies of target serial-test-timer[0m
[ 71%] Built target serial_example
[ 85%] Built target serial-test
[100%] Built target serial-test-timer
-- Install configuration: ""
-- Installing: /home/pi/seav2/install/serial/lib/libserial.a
-- Installing: /home/pi/seav2/install/serial/include/serial/serial.h
-- Installing: /home/pi/seav2/install/serial/include/serial/v8stdint.h
-- Installing: /home/pi/seav2/install/serial/share/serial/environment/library_path.sh
-- Installing: /home/pi/seav2/install/serial/share/serial/environment/library_path.dsv
-- Installing: /home/pi/seav2/install/serial/share/ament_index/resource_index/package_run_dependencies/serial
-- Installing: /home/pi/seav2/install/serial/share/ament_index/resource_index/parent_prefix_path/serial
-- Installing: /home/pi/seav2/install/serial/share/serial/environment/ament_prefix_path.sh
-- Installing: /home/pi/seav2/install/serial/share/serial/environment/ament_prefix_path.dsv
-- Installing: /home/pi/seav2/install/serial/share/serial/environment/path.sh
-- Installing: /home/pi/seav2/install/serial/share/serial/environment/path.dsv
-- Installing: /home/pi/seav2/install/serial/share/serial/local_setup.bash
-- Installing: /home/pi/seav2/install/serial/share/serial/local_setup.sh
-- Installing: /home/pi/seav2/install/serial/share/serial/local_setup.zsh
-- Installing: /home/pi/seav2/install/serial/share/serial/local_setup.dsv
-- Installing: /home/pi/seav2/install/serial/share/serial/package.dsv
-- Installing: /home/pi/seav2/install/serial/share/ament_index/resource_index/packages/serial
-- Installing: /home/pi/seav2/install/serial/share/serial/cmake/ament_cmake_export_include_directories-extras.cmake
-- Installing: /home/pi/seav2/install/serial/share/serial/cmake/ament_cmake_export_libraries-extras.cmake
-- Installing: /home/pi/seav2/install/serial/share/serial/cmake/serialConfig.cmake
-- Installing: /home/pi/seav2/install/serial/share/serial/cmake/serialConfig-version.cmake
-- Installing: /home/pi/seav2/install/serial/share/serial/package.xml
