[7.060s] Invoking command in '/home/pi/seav2/src/ball_tracker': PYTHONPATH=/home/pi/seav2/build/ball_tracker/prefix_override:/usr/lib/python3/dist-packages/colcon_core/task/python/colcon_distutils_commands:/home/pi/seav2/install/ball_tracker/lib/python3.10/site-packages:${PYTHONPATH} /usr/bin/python3 -W ignore:setup.py install is deprecated -W ignore:easy_install command is deprecated setup.py egg_info --egg-base ../../build/ball_tracker build --build-base /home/pi/seav2/build/ball_tracker/build install --record /home/pi/seav2/build/ball_tracker/install.log --install-scripts $base/lib/ball_tracker --single-version-externally-managed install_data
[8.912s] /usr/lib/python3/dist-packages/setuptools/dist.py:723: UserWarning: Usage of dash-separated 'script-dir' will not be supported in future versions. Please use the underscore name 'script_dir' instead
[8.912s]   warnings.warn(
[8.962s] running egg_info
[8.972s] writing ../../build/ball_tracker/ball_tracker.egg-info/PKG-INFO
[8.974s] writing dependency_links to ../../build/ball_tracker/ball_tracker.egg-info/dependency_links.txt
[8.975s] writing entry points to ../../build/ball_tracker/ball_tracker.egg-info/entry_points.txt
[8.976s] writing requirements to ../../build/ball_tracker/ball_tracker.egg-info/requires.txt
[8.977s] writing top-level names to ../../build/ball_tracker/ball_tracker.egg-info/top_level.txt
[8.991s] reading manifest file '../../build/ball_tracker/ball_tracker.egg-info/SOURCES.txt'
[8.997s] writing manifest file '../../build/ball_tracker/ball_tracker.egg-info/SOURCES.txt'
[8.998s] running build
[8.998s] running build_py
[9.003s] running install
[9.004s] running install_lib
[9.016s] running install_data
[9.019s] running install_egg_info
[9.030s] removing '/home/pi/seav2/install/ball_tracker/lib/python3.10/site-packages/ball_tracker-0.0.0-py3.10.egg-info' (and everything under it)
[9.032s] Copying ../../build/ball_tracker/ball_tracker.egg-info to /home/pi/seav2/install/ball_tracker/lib/python3.10/site-packages/ball_tracker-0.0.0-py3.10.egg-info
[9.040s] running install_scripts
[9.186s] Installing detect_ball script to /home/pi/seav2/install/ball_tracker/lib/ball_tracker
[9.190s] Installing detect_ball_3d script to /home/pi/seav2/install/ball_tracker/lib/ball_tracker
[9.192s] Installing follow_ball script to /home/pi/seav2/install/ball_tracker/lib/ball_tracker
[9.195s] writing list of installed files to '/home/pi/seav2/build/ball_tracker/install.log'
