[2.327s] Invoking command in '/home/pi/seav2/build/seav2': CMAKE_PREFIX_PATH=${CMAKE_PREFIX_PATH}:/home/pi/seav2/install/robot_cam_ros:/home/pi/ss25/install/wheel_odometry:/home/pi/ss25/install/vup_2k7:/home/pi/ss25/install/summary:/home/pi/ss25/install/safety_control:/home/pi/ss25/install/project:/home/pi/ss25/install/my_slam:/home/pi/ss25/install/my_motor_driver:/home/pi/ss25/install/final:/home/pi/ss25/install/description:/home/pi/ss25/install/bringup_pkg:/home/pi/ss25/src/summary/install/summary:/home/pi/ss25/src/install/wheel_odometry:/home/pi/ss25/src/install/summary:/home/pi/ss25/src/install/safety_control:/home/pi/ss25/src/install/project:/home/pi/ss25/src/install/my_motor_driver:/home/pi/ss25/src/install/description:/home/pi/ss25/src/install/bringup_pkg:/home/pi/install/summary:/home/pi/demo_testing_9_april/seav/install/yolov8_ros:/home/pi/demo_testing_9_april/seav/install/static_tf_publisher:/home/pi/demo_testing_9_april/seav/install/seav_test_sensors:/home/pi/demo_testing_9_april/seav/install/my_robot_controller:/opt/ros/humble /usr/bin/cmake /home/pi/seav2/src/seav-ii/seav2 -DCMAKE_INSTALL_PREFIX=/home/pi/seav2/install/seav2
[2.771s] -- The C compiler identification is GNU 11.4.0
[3.163s] -- The CXX compiler identification is GNU 11.4.0
[3.207s] -- Detecting C compiler ABI info
[3.745s] -- Detecting C compiler ABI info - done
[3.782s] -- Check for working C compiler: /usr/bin/cc - skipped
[3.784s] -- Detecting C compile features
[3.787s] -- Detecting C compile features - done
[3.805s] -- Detecting CXX compiler ABI info
[4.333s] -- Detecting CXX compiler ABI info - done
[4.366s] -- Check for working CXX compiler: /usr/bin/c++ - skipped
[4.369s] -- Detecting CXX compile features
[4.372s] -- Detecting CXX compile features - done
[4.456s] -- Found ament_cmake: 1.3.12 (/opt/ros/humble/share/ament_cmake/cmake)
[6.037s] -- Found Python3: /usr/bin/python3 (found version "3.10.12") found components: Interpreter 
[7.749s] -- Found ament_lint_auto: 0.12.14 (/opt/ros/humble/share/ament_lint_auto/cmake)
[9.347s] -- Added test 'copyright' to check source files copyright and LICENSE
[9.472s] -- Added test 'flake8' to check Python code syntax and style conventions
[9.503s] -- Added test 'lint_cmake' to check CMake code style
[9.531s] -- Added test 'pep257' to check Python code against some of the docstring style conventions in PEP 257
[9.616s] -- Added test 'xmllint' to check XML markup files
[9.664s] -- Configuring done
[9.722s] -- Generating done
[9.757s] -- Build files have been written to: /home/pi/seav2/build/seav2
[9.808s] Invoked command in '/home/pi/seav2/build/seav2' returned '0': CMAKE_PREFIX_PATH=${CMAKE_PREFIX_PATH}:/home/pi/seav2/install/robot_cam_ros:/home/pi/ss25/install/wheel_odometry:/home/pi/ss25/install/vup_2k7:/home/pi/ss25/install/summary:/home/pi/ss25/install/safety_control:/home/pi/ss25/install/project:/home/pi/ss25/install/my_slam:/home/pi/ss25/install/my_motor_driver:/home/pi/ss25/install/final:/home/pi/ss25/install/description:/home/pi/ss25/install/bringup_pkg:/home/pi/ss25/src/summary/install/summary:/home/pi/ss25/src/install/wheel_odometry:/home/pi/ss25/src/install/summary:/home/pi/ss25/src/install/safety_control:/home/pi/ss25/src/install/project:/home/pi/ss25/src/install/my_motor_driver:/home/pi/ss25/src/install/description:/home/pi/ss25/src/install/bringup_pkg:/home/pi/install/summary:/home/pi/demo_testing_9_april/seav/install/yolov8_ros:/home/pi/demo_testing_9_april/seav/install/static_tf_publisher:/home/pi/demo_testing_9_april/seav/install/seav_test_sensors:/home/pi/demo_testing_9_april/seav/install/my_robot_controller:/opt/ros/humble /usr/bin/cmake /home/pi/seav2/src/seav-ii/seav2 -DCMAKE_INSTALL_PREFIX=/home/pi/seav2/install/seav2
[9.811s] Invoking command in '/home/pi/seav2/build/seav2': CMAKE_PREFIX_PATH=${CMAKE_PREFIX_PATH}:/home/pi/seav2/install/robot_cam_ros:/home/pi/ss25/install/wheel_odometry:/home/pi/ss25/install/vup_2k7:/home/pi/ss25/install/summary:/home/pi/ss25/install/safety_control:/home/pi/ss25/install/project:/home/pi/ss25/install/my_slam:/home/pi/ss25/install/my_motor_driver:/home/pi/ss25/install/final:/home/pi/ss25/install/description:/home/pi/ss25/install/bringup_pkg:/home/pi/ss25/src/summary/install/summary:/home/pi/ss25/src/install/wheel_odometry:/home/pi/ss25/src/install/summary:/home/pi/ss25/src/install/safety_control:/home/pi/ss25/src/install/project:/home/pi/ss25/src/install/my_motor_driver:/home/pi/ss25/src/install/description:/home/pi/ss25/src/install/bringup_pkg:/home/pi/install/summary:/home/pi/demo_testing_9_april/seav/install/yolov8_ros:/home/pi/demo_testing_9_april/seav/install/static_tf_publisher:/home/pi/demo_testing_9_april/seav/install/seav_test_sensors:/home/pi/demo_testing_9_april/seav/install/my_robot_controller:/opt/ros/humble /usr/bin/cmake --build /home/pi/seav2/build/seav2 -- -j4 -l4
[10.347s] Invoked command in '/home/pi/seav2/build/seav2' returned '0': CMAKE_PREFIX_PATH=${CMAKE_PREFIX_PATH}:/home/pi/seav2/install/robot_cam_ros:/home/pi/ss25/install/wheel_odometry:/home/pi/ss25/install/vup_2k7:/home/pi/ss25/install/summary:/home/pi/ss25/install/safety_control:/home/pi/ss25/install/project:/home/pi/ss25/install/my_slam:/home/pi/ss25/install/my_motor_driver:/home/pi/ss25/install/final:/home/pi/ss25/install/description:/home/pi/ss25/install/bringup_pkg:/home/pi/ss25/src/summary/install/summary:/home/pi/ss25/src/install/wheel_odometry:/home/pi/ss25/src/install/summary:/home/pi/ss25/src/install/safety_control:/home/pi/ss25/src/install/project:/home/pi/ss25/src/install/my_motor_driver:/home/pi/ss25/src/install/description:/home/pi/ss25/src/install/bringup_pkg:/home/pi/install/summary:/home/pi/demo_testing_9_april/seav/install/yolov8_ros:/home/pi/demo_testing_9_april/seav/install/static_tf_publisher:/home/pi/demo_testing_9_april/seav/install/seav_test_sensors:/home/pi/demo_testing_9_april/seav/install/my_robot_controller:/opt/ros/humble /usr/bin/cmake --build /home/pi/seav2/build/seav2 -- -j4 -l4
[10.349s] Invoking command in '/home/pi/seav2/build/seav2': CMAKE_PREFIX_PATH=${CMAKE_PREFIX_PATH}:/home/pi/seav2/install/robot_cam_ros:/home/pi/ss25/install/wheel_odometry:/home/pi/ss25/install/vup_2k7:/home/pi/ss25/install/summary:/home/pi/ss25/install/safety_control:/home/pi/ss25/install/project:/home/pi/ss25/install/my_slam:/home/pi/ss25/install/my_motor_driver:/home/pi/ss25/install/final:/home/pi/ss25/install/description:/home/pi/ss25/install/bringup_pkg:/home/pi/ss25/src/summary/install/summary:/home/pi/ss25/src/install/wheel_odometry:/home/pi/ss25/src/install/summary:/home/pi/ss25/src/install/safety_control:/home/pi/ss25/src/install/project:/home/pi/ss25/src/install/my_motor_driver:/home/pi/ss25/src/install/description:/home/pi/ss25/src/install/bringup_pkg:/home/pi/install/summary:/home/pi/demo_testing_9_april/seav/install/yolov8_ros:/home/pi/demo_testing_9_april/seav/install/static_tf_publisher:/home/pi/demo_testing_9_april/seav/install/seav_test_sensors:/home/pi/demo_testing_9_april/seav/install/my_robot_controller:/opt/ros/humble /usr/bin/cmake --install /home/pi/seav2/build/seav2
[10.424s] -- Install configuration: ""
[10.425s] -- Installing: /home/pi/seav2/install/seav2/share/seav2/config
[10.437s] -- Installing: /home/pi/seav2/install/seav2/share/seav2/config/gazebo_params.yaml
[10.438s] -- Installing: /home/pi/seav2/install/seav2/share/seav2/config/gaz_ros2_ctl_use_sim.yaml
[10.440s] -- Installing: /home/pi/seav2/install/seav2/share/seav2/config/drive_car.rviz
[10.441s] -- Installing: /home/pi/seav2/install/seav2/share/seav2/config/mapper_params_online_async.yaml
[10.453s] -- Installing: /home/pi/seav2/install/seav2/share/seav2/config/joystick.yaml
[10.454s] -- Installing: /home/pi/seav2/install/seav2/share/seav2/config/twist_mux.yaml
[10.455s] -- Installing: /home/pi/seav2/install/seav2/share/seav2/config/nav2_params.yaml
[10.457s] -- Installing: /home/pi/seav2/install/seav2/share/seav2/config/view_car.rviz
[10.460s] -- Installing: /home/pi/seav2/install/seav2/share/seav2/config/main.rviz
[10.463s] -- Installing: /home/pi/seav2/install/seav2/share/seav2/config/my_controllers.yaml
[10.467s] -- Installing: /home/pi/seav2/install/seav2/share/seav2/description
[10.473s] -- Installing: /home/pi/seav2/install/seav2/share/seav2/description/inertial_macros.xacro
[10.476s] -- Installing: /home/pi/seav2/install/seav2/share/seav2/description/camera.xacro
[10.489s] -- Installing: /home/pi/seav2/install/seav2/share/seav2/description/ros2_control.xacro
[10.492s] -- Installing: /home/pi/seav2/install/seav2/share/seav2/description/robot.urdf.xacro
[10.495s] -- Installing: /home/pi/seav2/install/seav2/share/seav2/description/lidar.xacro
[10.497s] -- Installing: /home/pi/seav2/install/seav2/share/seav2/description/robot_core.xacro
[10.500s] -- Installing: /home/pi/seav2/install/seav2/share/seav2/description/gazebo_control.xacro
[10.503s] -- Installing: /home/pi/seav2/install/seav2/share/seav2/launch
[10.516s] -- Installing: /home/pi/seav2/install/seav2/share/seav2/launch/joystick.launch.py
[10.518s] -- Installing: /home/pi/seav2/install/seav2/share/seav2/launch/rsp.launch.py
[10.521s] -- Installing: /home/pi/seav2/install/seav2/share/seav2/launch/launch_robot.launch.py
[10.525s] -- Installing: /home/pi/seav2/install/seav2/share/seav2/launch/localization_launch.py
[10.528s] -- Installing: /home/pi/seav2/install/seav2/share/seav2/launch/__pycache__
[10.531s] -- Installing: /home/pi/seav2/install/seav2/share/seav2/launch/__pycache__/launch_robot.launch.cpython-310.pyc
[10.537s] -- Installing: /home/pi/seav2/install/seav2/share/seav2/launch/launch_sim.launch.py
[10.540s] -- Installing: /home/pi/seav2/install/seav2/share/seav2/launch/online_async_launch.py
[10.543s] -- Installing: /home/pi/seav2/install/seav2/share/seav2/launch/navigation_launch.py
[10.549s] -- Installing: /home/pi/seav2/install/seav2/share/seav2/launch/rplidar.launch.py
[10.554s] -- Installing: /home/pi/seav2/install/seav2/share/seav2/worlds
[10.568s] -- Installing: /home/pi/seav2/install/seav2/share/seav2/worlds/obstacles.world
[10.572s] -- Installing: /home/pi/seav2/install/seav2/share/seav2/worlds/empty.world
[10.577s] -- Installing: /home/pi/seav2/install/seav2/share/ament_index/resource_index/package_run_dependencies/seav2
[10.582s] -- Installing: /home/pi/seav2/install/seav2/share/ament_index/resource_index/parent_prefix_path/seav2
[10.586s] -- Installing: /home/pi/seav2/install/seav2/share/seav2/environment/ament_prefix_path.sh
[10.589s] -- Installing: /home/pi/seav2/install/seav2/share/seav2/environment/ament_prefix_path.dsv
[10.601s] -- Installing: /home/pi/seav2/install/seav2/share/seav2/environment/path.sh
[10.603s] -- Installing: /home/pi/seav2/install/seav2/share/seav2/environment/path.dsv
[10.605s] -- Installing: /home/pi/seav2/install/seav2/share/seav2/local_setup.bash
[10.617s] -- Installing: /home/pi/seav2/install/seav2/share/seav2/local_setup.sh
[10.619s] -- Installing: /home/pi/seav2/install/seav2/share/seav2/local_setup.zsh
[10.620s] -- Installing: /home/pi/seav2/install/seav2/share/seav2/local_setup.dsv
[10.622s] -- Installing: /home/pi/seav2/install/seav2/share/seav2/package.dsv
[10.624s] -- Installing: /home/pi/seav2/install/seav2/share/ament_index/resource_index/packages/seav2
[10.627s] -- Installing: /home/pi/seav2/install/seav2/share/seav2/cmake/seav2Config.cmake
[10.641s] -- Installing: /home/pi/seav2/install/seav2/share/seav2/cmake/seav2Config-version.cmake
[10.643s] -- Installing: /home/pi/seav2/install/seav2/share/seav2/package.xml
[10.668s] Invoked command in '/home/pi/seav2/build/seav2' returned '0': CMAKE_PREFIX_PATH=${CMAKE_PREFIX_PATH}:/home/pi/seav2/install/robot_cam_ros:/home/pi/ss25/install/wheel_odometry:/home/pi/ss25/install/vup_2k7:/home/pi/ss25/install/summary:/home/pi/ss25/install/safety_control:/home/pi/ss25/install/project:/home/pi/ss25/install/my_slam:/home/pi/ss25/install/my_motor_driver:/home/pi/ss25/install/final:/home/pi/ss25/install/description:/home/pi/ss25/install/bringup_pkg:/home/pi/ss25/src/summary/install/summary:/home/pi/ss25/src/install/wheel_odometry:/home/pi/ss25/src/install/summary:/home/pi/ss25/src/install/safety_control:/home/pi/ss25/src/install/project:/home/pi/ss25/src/install/my_motor_driver:/home/pi/ss25/src/install/description:/home/pi/ss25/src/install/bringup_pkg:/home/pi/install/summary:/home/pi/demo_testing_9_april/seav/install/yolov8_ros:/home/pi/demo_testing_9_april/seav/install/static_tf_publisher:/home/pi/demo_testing_9_april/seav/install/seav_test_sensors:/home/pi/demo_testing_9_april/seav/install/my_robot_controller:/opt/ros/humble /usr/bin/cmake --install /home/pi/seav2/build/seav2
