[17.243s] Invoking command in '/home/pi/seav2/src/ball_tracker': PYTHONPATH=/home/pi/seav2/build/ball_tracker/prefix_override:/usr/lib/python3/dist-packages/colcon_core/task/python/colcon_distutils_commands:/home/pi/seav2/install/ball_tracker/lib/python3.10/site-packages:${PYTHONPATH} /usr/bin/python3 -W ignore:setup.py install is deprecated -W ignore:easy_install command is deprecated setup.py egg_info --egg-base ../../build/ball_tracker build --build-base /home/pi/seav2/build/ball_tracker/build install --record /home/pi/seav2/build/ball_tracker/install.log --install-scripts $base/lib/ball_tracker --single-version-externally-managed install_data
[24.870s] /usr/lib/python3/dist-packages/setuptools/dist.py:723: UserWarning: Usage of dash-separated 'script-dir' will not be supported in future versions. Please use the underscore name 'script_dir' instead
[24.872s]   warnings.warn(
[25.193s] running egg_info
[25.236s] writing ../../build/ball_tracker/ball_tracker.egg-info/PKG-INFO
[25.247s] writing dependency_links to ../../build/ball_tracker/ball_tracker.egg-info/dependency_links.txt
[25.262s] writing entry points to ../../build/ball_tracker/ball_tracker.egg-info/entry_points.txt
[25.272s] writing requirements to ../../build/ball_tracker/ball_tracker.egg-info/requires.txt
[25.289s] writing top-level names to ../../build/ball_tracker/ball_tracker.egg-info/top_level.txt
[25.338s] reading manifest file '../../build/ball_tracker/ball_tracker.egg-info/SOURCES.txt'
[25.355s] writing manifest file '../../build/ball_tracker/ball_tracker.egg-info/SOURCES.txt'
[25.357s] running build
[25.358s] running build_py
[25.374s] running install
[25.375s] running install_lib
[25.421s] running install_data
[25.435s] running install_egg_info
[25.502s] removing '/home/pi/seav2/install/ball_tracker/lib/python3.10/site-packages/ball_tracker-0.0.0-py3.10.egg-info' (and everything under it)
[25.517s] Copying ../../build/ball_tracker/ball_tracker.egg-info to /home/pi/seav2/install/ball_tracker/lib/python3.10/site-packages/ball_tracker-0.0.0-py3.10.egg-info
[25.583s] running install_scripts
[26.040s] Installing detect_ball script to /home/pi/seav2/install/ball_tracker/lib/ball_tracker
[26.051s] Installing detect_ball_3d script to /home/pi/seav2/install/ball_tracker/lib/ball_tracker
[26.073s] Installing follow_ball script to /home/pi/seav2/install/ball_tracker/lib/ball_tracker
[26.104s] writing list of installed files to '/home/pi/seav2/build/ball_tracker/install.log'
[26.852s] Invoked command in '/home/pi/seav2/src/ball_tracker' returned '0': PYTHONPATH=/home/pi/seav2/build/ball_tracker/prefix_override:/usr/lib/python3/dist-packages/colcon_core/task/python/colcon_distutils_commands:/home/pi/seav2/install/ball_tracker/lib/python3.10/site-packages:${PYTHONPATH} /usr/bin/python3 -W ignore:setup.py install is deprecated -W ignore:easy_install command is deprecated setup.py egg_info --egg-base ../../build/ball_tracker build --build-base /home/pi/seav2/build/ball_tracker/build install --record /home/pi/seav2/build/ball_tracker/install.log --install-scripts $base/lib/ball_tracker --single-version-externally-managed install_data
