[0.114s] Invoking command in '/home/pi/seav2/build/carlikebot_ros2_control': AMENT_PREFIX_PATH=/home/pi/seav2/install/serial:/home/pi/seav2/install/ros2_control_demo_description:${AMENT_PREFIX_PATH} CMAKE_PREFIX_PATH=/home/pi/seav2/install/serial:/home/pi/seav2/install/ros2_control_demo_description:/home/pi/ss25/install/sllidar_ros2:/home/pi/ss25/src/install/sllidar_ros2:/home/pi/demo_testing_9_april/seav/install/seav_simulation:/home/pi/demo_testing_9_april/seav/install/seav_description:/home/pi/demo_testing_9_april/seav/install/rplidar_ros:/home/pi/demo_testing_9_april/seav/install/my_nav2_pkg:/home/pi/ss25/install/wheel_odometry:/home/pi/ss25/install/vup_2k7:/home/pi/ss25/install/summary:/home/pi/ss25/install/safety_control:/home/pi/ss25/install/project:/home/pi/ss25/install/my_slam:/home/pi/ss25/install/my_motor_driver:/home/pi/ss25/install/final:/home/pi/ss25/install/description:/home/pi/ss25/install/bringup_pkg:/home/pi/ss25/src/summary/install/summary:/home/pi/ss25/src/install/wheel_odometry:/home/pi/ss25/src/install/summary:/home/pi/ss25/src/install/safety_control:/home/pi/ss25/src/install/project:/home/pi/ss25/src/install/my_motor_driver:/home/pi/ss25/src/install/description:/home/pi/ss25/src/install/bringup_pkg:/home/pi/install/summary:/home/pi/demo_testing_9_april/seav/install/yolov8_ros:/home/pi/demo_testing_9_april/seav/install/static_tf_publisher:/home/pi/demo_testing_9_april/seav/install/seav_test_sensors:/home/pi/demo_testing_9_april/seav/install/my_robot_controller:/opt/ros/humble LD_LIBRARY_PATH=/home/pi/seav2/install/serial/lib:${LD_LIBRARY_PATH} /usr/bin/cmake --build /home/pi/seav2/build/carlikebot_ros2_control -- -j4 -l4
[0.884s] [100%] Built target carlikebot_ros2_control
[1.011s] Invoked command in '/home/pi/seav2/build/carlikebot_ros2_control' returned '0': AMENT_PREFIX_PATH=/home/pi/seav2/install/serial:/home/pi/seav2/install/ros2_control_demo_description:${AMENT_PREFIX_PATH} CMAKE_PREFIX_PATH=/home/pi/seav2/install/serial:/home/pi/seav2/install/ros2_control_demo_description:/home/pi/ss25/install/sllidar_ros2:/home/pi/ss25/src/install/sllidar_ros2:/home/pi/demo_testing_9_april/seav/install/seav_simulation:/home/pi/demo_testing_9_april/seav/install/seav_description:/home/pi/demo_testing_9_april/seav/install/rplidar_ros:/home/pi/demo_testing_9_april/seav/install/my_nav2_pkg:/home/pi/ss25/install/wheel_odometry:/home/pi/ss25/install/vup_2k7:/home/pi/ss25/install/summary:/home/pi/ss25/install/safety_control:/home/pi/ss25/install/project:/home/pi/ss25/install/my_slam:/home/pi/ss25/install/my_motor_driver:/home/pi/ss25/install/final:/home/pi/ss25/install/description:/home/pi/ss25/install/bringup_pkg:/home/pi/ss25/src/summary/install/summary:/home/pi/ss25/src/install/wheel_odometry:/home/pi/ss25/src/install/summary:/home/pi/ss25/src/install/safety_control:/home/pi/ss25/src/install/project:/home/pi/ss25/src/install/my_motor_driver:/home/pi/ss25/src/install/description:/home/pi/ss25/src/install/bringup_pkg:/home/pi/install/summary:/home/pi/demo_testing_9_april/seav/install/yolov8_ros:/home/pi/demo_testing_9_april/seav/install/static_tf_publisher:/home/pi/demo_testing_9_april/seav/install/seav_test_sensors:/home/pi/demo_testing_9_april/seav/install/my_robot_controller:/opt/ros/humble LD_LIBRARY_PATH=/home/pi/seav2/install/serial/lib:${LD_LIBRARY_PATH} /usr/bin/cmake --build /home/pi/seav2/build/carlikebot_ros2_control -- -j4 -l4
[1.014s] Invoking command in '/home/pi/seav2/build/carlikebot_ros2_control': AMENT_PREFIX_PATH=/home/pi/seav2/install/serial:/home/pi/seav2/install/ros2_control_demo_description:${AMENT_PREFIX_PATH} CMAKE_PREFIX_PATH=/home/pi/seav2/install/serial:/home/pi/seav2/install/ros2_control_demo_description:/home/pi/ss25/install/sllidar_ros2:/home/pi/ss25/src/install/sllidar_ros2:/home/pi/demo_testing_9_april/seav/install/seav_simulation:/home/pi/demo_testing_9_april/seav/install/seav_description:/home/pi/demo_testing_9_april/seav/install/rplidar_ros:/home/pi/demo_testing_9_april/seav/install/my_nav2_pkg:/home/pi/ss25/install/wheel_odometry:/home/pi/ss25/install/vup_2k7:/home/pi/ss25/install/summary:/home/pi/ss25/install/safety_control:/home/pi/ss25/install/project:/home/pi/ss25/install/my_slam:/home/pi/ss25/install/my_motor_driver:/home/pi/ss25/install/final:/home/pi/ss25/install/description:/home/pi/ss25/install/bringup_pkg:/home/pi/ss25/src/summary/install/summary:/home/pi/ss25/src/install/wheel_odometry:/home/pi/ss25/src/install/summary:/home/pi/ss25/src/install/safety_control:/home/pi/ss25/src/install/project:/home/pi/ss25/src/install/my_motor_driver:/home/pi/ss25/src/install/description:/home/pi/ss25/src/install/bringup_pkg:/home/pi/install/summary:/home/pi/demo_testing_9_april/seav/install/yolov8_ros:/home/pi/demo_testing_9_april/seav/install/static_tf_publisher:/home/pi/demo_testing_9_april/seav/install/seav_test_sensors:/home/pi/demo_testing_9_april/seav/install/my_robot_controller:/opt/ros/humble LD_LIBRARY_PATH=/home/pi/seav2/install/serial/lib:${LD_LIBRARY_PATH} /usr/bin/cmake --install /home/pi/seav2/build/carlikebot_ros2_control
[1.175s] -- Install configuration: ""
[1.179s] -- Up-to-date: /home/pi/seav2/install/carlikebot_ros2_control/share/carlikebot_ros2_control/carlikebot_ros2_control.xml
[1.182s] -- Up-to-date: /home/pi/seav2/install/carlikebot_ros2_control/include/carlikebot_ros2_control
[1.186s] -- Up-to-date: /home/pi/seav2/install/carlikebot_ros2_control/include/carlikebot_ros2_control/carlikebot_ros2_control
[1.193s] -- Up-to-date: /home/pi/seav2/install/carlikebot_ros2_control/include/carlikebot_ros2_control/carlikebot_ros2_control/arduino_comms.hpp
[1.196s] -- Up-to-date: /home/pi/seav2/install/carlikebot_ros2_control/include/carlikebot_ros2_control/carlikebot_ros2_control/carlikebot_system.hpp
[1.199s] -- Up-to-date: /home/pi/seav2/install/carlikebot_ros2_control/share/carlikebot_ros2_control/launch
[1.208s] -- Up-to-date: /home/pi/seav2/install/carlikebot_ros2_control/share/carlikebot_ros2_control/launch/view_robot.launch.py
[1.214s] -- Up-to-date: /home/pi/seav2/install/carlikebot_ros2_control/share/carlikebot_ros2_control/ros2_control
[1.218s] -- Up-to-date: /home/pi/seav2/install/carlikebot_ros2_control/share/carlikebot_ros2_control/ros2_control/carlikebot.ros2_control.xacro
[1.221s] -- Up-to-date: /home/pi/seav2/install/carlikebot_ros2_control/share/carlikebot_ros2_control/urdf
[1.224s] -- Up-to-date: /home/pi/seav2/install/carlikebot_ros2_control/share/carlikebot_ros2_control/urdf/carlikebot.urdf.xacro
[1.230s] -- Up-to-date: /home/pi/seav2/install/carlikebot_ros2_control/share/carlikebot_ros2_control/launch
[1.232s] -- Up-to-date: /home/pi/seav2/install/carlikebot_ros2_control/share/carlikebot_ros2_control/launch/carlikebot.launch.py
[1.236s] -- Up-to-date: /home/pi/seav2/install/carlikebot_ros2_control/share/carlikebot_ros2_control/config
[1.243s] -- Up-to-date: /home/pi/seav2/install/carlikebot_ros2_control/share/carlikebot_ros2_control/config/carlikebot_controllers.yaml
[1.253s] -- Up-to-date: /home/pi/seav2/install/carlikebot_ros2_control/lib/libcarlikebot_ros2_control.so
[1.255s] -- Up-to-date: /home/pi/seav2/install/carlikebot_ros2_control/share/carlikebot_ros2_control/environment/library_path.sh
[1.271s] -- Up-to-date: /home/pi/seav2/install/carlikebot_ros2_control/share/carlikebot_ros2_control/environment/library_path.dsv
[1.272s] -- Up-to-date: /home/pi/seav2/install/carlikebot_ros2_control/share/ament_index/resource_index/package_run_dependencies/carlikebot_ros2_control
[1.273s] -- Up-to-date: /home/pi/seav2/install/carlikebot_ros2_control/share/ament_index/resource_index/parent_prefix_path/carlikebot_ros2_control
[1.274s] -- Up-to-date: /home/pi/seav2/install/carlikebot_ros2_control/share/carlikebot_ros2_control/environment/ament_prefix_path.sh
[1.275s] -- Up-to-date: /home/pi/seav2/install/carlikebot_ros2_control/share/carlikebot_ros2_control/environment/ament_prefix_path.dsv
[1.276s] -- Up-to-date: /home/pi/seav2/install/carlikebot_ros2_control/share/carlikebot_ros2_control/environment/path.sh
[1.277s] -- Up-to-date: /home/pi/seav2/install/carlikebot_ros2_control/share/carlikebot_ros2_control/environment/path.dsv
[1.278s] -- Up-to-date: /home/pi/seav2/install/carlikebot_ros2_control/share/carlikebot_ros2_control/local_setup.bash
[1.279s] -- Up-to-date: /home/pi/seav2/install/carlikebot_ros2_control/share/carlikebot_ros2_control/local_setup.sh
[1.280s] -- Up-to-date: /home/pi/seav2/install/carlikebot_ros2_control/share/carlikebot_ros2_control/local_setup.zsh
[1.280s] -- Up-to-date: /home/pi/seav2/install/carlikebot_ros2_control/share/carlikebot_ros2_control/local_setup.dsv
[1.281s] -- Installing: /home/pi/seav2/install/carlikebot_ros2_control/share/carlikebot_ros2_control/package.dsv
[1.305s] -- Up-to-date: /home/pi/seav2/install/carlikebot_ros2_control/share/ament_index/resource_index/packages/carlikebot_ros2_control
[1.306s] -- Up-to-date: /home/pi/seav2/install/carlikebot_ros2_control/share/ament_index/resource_index/hardware_interface__pluginlib__plugin/carlikebot_ros2_control
[1.316s] -- Up-to-date: /home/pi/seav2/install/carlikebot_ros2_control/share/carlikebot_ros2_control/cmake/export_carlikebot_ros2_controlExport.cmake
[1.317s] -- Up-to-date: /home/pi/seav2/install/carlikebot_ros2_control/share/carlikebot_ros2_control/cmake/export_carlikebot_ros2_controlExport-noconfig.cmake
[1.319s] -- Up-to-date: /home/pi/seav2/install/carlikebot_ros2_control/share/carlikebot_ros2_control/cmake/ament_cmake_export_targets-extras.cmake
[1.320s] -- Up-to-date: /home/pi/seav2/install/carlikebot_ros2_control/share/carlikebot_ros2_control/cmake/ament_cmake_export_dependencies-extras.cmake
[1.320s] -- Up-to-date: /home/pi/seav2/install/carlikebot_ros2_control/share/carlikebot_ros2_control/cmake/carlikebot_ros2_controlConfig.cmake
[1.321s] -- Up-to-date: /home/pi/seav2/install/carlikebot_ros2_control/share/carlikebot_ros2_control/cmake/carlikebot_ros2_controlConfig-version.cmake
[1.322s] -- Up-to-date: /home/pi/seav2/install/carlikebot_ros2_control/share/carlikebot_ros2_control/package.xml
[1.358s] Invoked command in '/home/pi/seav2/build/carlikebot_ros2_control' returned '0': AMENT_PREFIX_PATH=/home/pi/seav2/install/serial:/home/pi/seav2/install/ros2_control_demo_description:${AMENT_PREFIX_PATH} CMAKE_PREFIX_PATH=/home/pi/seav2/install/serial:/home/pi/seav2/install/ros2_control_demo_description:/home/pi/ss25/install/sllidar_ros2:/home/pi/ss25/src/install/sllidar_ros2:/home/pi/demo_testing_9_april/seav/install/seav_simulation:/home/pi/demo_testing_9_april/seav/install/seav_description:/home/pi/demo_testing_9_april/seav/install/rplidar_ros:/home/pi/demo_testing_9_april/seav/install/my_nav2_pkg:/home/pi/ss25/install/wheel_odometry:/home/pi/ss25/install/vup_2k7:/home/pi/ss25/install/summary:/home/pi/ss25/install/safety_control:/home/pi/ss25/install/project:/home/pi/ss25/install/my_slam:/home/pi/ss25/install/my_motor_driver:/home/pi/ss25/install/final:/home/pi/ss25/install/description:/home/pi/ss25/install/bringup_pkg:/home/pi/ss25/src/summary/install/summary:/home/pi/ss25/src/install/wheel_odometry:/home/pi/ss25/src/install/summary:/home/pi/ss25/src/install/safety_control:/home/pi/ss25/src/install/project:/home/pi/ss25/src/install/my_motor_driver:/home/pi/ss25/src/install/description:/home/pi/ss25/src/install/bringup_pkg:/home/pi/install/summary:/home/pi/demo_testing_9_april/seav/install/yolov8_ros:/home/pi/demo_testing_9_april/seav/install/static_tf_publisher:/home/pi/demo_testing_9_april/seav/install/seav_test_sensors:/home/pi/demo_testing_9_april/seav/install/my_robot_controller:/opt/ros/humble LD_LIBRARY_PATH=/home/pi/seav2/install/serial/lib:${LD_LIBRARY_PATH} /usr/bin/cmake --install /home/pi/seav2/build/carlikebot_ros2_control
