[14.859s] Invoking command in '/home/pi/seav2/build/seav2_imu': PYTHONPATH=/home/pi/seav2/build/seav2_imu/prefix_override:/usr/lib/python3/dist-packages/colcon_core/task/python/colcon_distutils_commands:/home/pi/seav2/install/seav2_imu/lib/python3.10/site-packages:${PYTHONPATH} /usr/bin/python3 -W ignore:setup.py install is deprecated -W ignore:easy_install command is deprecated setup.py develop --uninstall --editable --build-directory /home/pi/seav2/build/seav2_imu/build
[24.491s] running develop
[30.049s] Removing /home/pi/seav2/install/seav2_imu/lib/python3.10/site-packages/seav2-imu.egg-link (link to .)
[30.330s] Invoked command in '/home/pi/seav2/build/seav2_imu' returned '0': PYTHONPATH=/home/pi/seav2/build/seav2_imu/prefix_override:/usr/lib/python3/dist-packages/colcon_core/task/python/colcon_distutils_commands:/home/pi/seav2/install/seav2_imu/lib/python3.10/site-packages:${PYTHONPATH} /usr/bin/python3 -W ignore:setup.py install is deprecated -W ignore:easy_install command is deprecated setup.py develop --uninstall --editable --build-directory /home/pi/seav2/build/seav2_imu/build
[30.366s] Invoking command in '/home/pi/seav2/src/seav2_imu': PYTHONPATH=/home/pi/seav2/build/seav2_imu/prefix_override:/usr/lib/python3/dist-packages/colcon_core/task/python/colcon_distutils_commands:/home/pi/seav2/install/seav2_imu/lib/python3.10/site-packages:${PYTHONPATH} /usr/bin/python3 -W ignore:setup.py install is deprecated -W ignore:easy_install command is deprecated setup.py egg_info --egg-base ../../build/seav2_imu build --build-base /home/pi/seav2/build/seav2_imu/build install --record /home/pi/seav2/build/seav2_imu/install.log --single-version-externally-managed install_data --force
[36.754s] running egg_info
[36.770s] writing ../../build/seav2_imu/seav2_imu.egg-info/PKG-INFO
[36.778s] writing dependency_links to ../../build/seav2_imu/seav2_imu.egg-info/dependency_links.txt
[36.788s] writing entry points to ../../build/seav2_imu/seav2_imu.egg-info/entry_points.txt
[36.798s] writing requirements to ../../build/seav2_imu/seav2_imu.egg-info/requires.txt
[36.808s] writing top-level names to ../../build/seav2_imu/seav2_imu.egg-info/top_level.txt
[36.865s] reading manifest file '../../build/seav2_imu/seav2_imu.egg-info/SOURCES.txt'
[36.892s] writing manifest file '../../build/seav2_imu/seav2_imu.egg-info/SOURCES.txt'
[36.898s] running build
[36.901s] running build_py
[36.926s] running install
[36.939s] running install_lib
[36.950s] creating /home/pi/seav2/install/seav2_imu/lib/python3.10/site-packages/seav2_imu
[36.958s] copying /home/pi/seav2/build/seav2_imu/build/lib/seav2_imu/__init__.py -> /home/pi/seav2/install/seav2_imu/lib/python3.10/site-packages/seav2_imu
[36.959s] copying /home/pi/seav2/build/seav2_imu/build/lib/seav2_imu/mpu6050_node.py -> /home/pi/seav2/install/seav2_imu/lib/python3.10/site-packages/seav2_imu
[36.967s] byte-compiling /home/pi/seav2/install/seav2_imu/lib/python3.10/site-packages/seav2_imu/__init__.py to __init__.cpython-310.pyc
[36.971s] byte-compiling /home/pi/seav2/install/seav2_imu/lib/python3.10/site-packages/seav2_imu/mpu6050_node.py to mpu6050_node.cpython-310.pyc
[37.000s] running install_data
[37.005s] copying resource/seav2_imu -> /home/pi/seav2/install/seav2_imu/share/ament_index/resource_index/packages
[37.006s] copying package.xml -> /home/pi/seav2/install/seav2_imu/share/seav2_imu
[37.012s] running install_egg_info
[37.062s] Copying ../../build/seav2_imu/seav2_imu.egg-info to /home/pi/seav2/install/seav2_imu/lib/python3.10/site-packages/seav2_imu-0.0.0-py3.10.egg-info
[37.086s] running install_scripts
[37.662s] Installing mpu6050_node script to /home/pi/seav2/install/seav2_imu/lib/seav2_imu
[37.675s] writing list of installed files to '/home/pi/seav2/build/seav2_imu/install.log'
[38.146s] Invoked command in '/home/pi/seav2/src/seav2_imu' returned '0': PYTHONPATH=/home/pi/seav2/build/seav2_imu/prefix_override:/usr/lib/python3/dist-packages/colcon_core/task/python/colcon_distutils_commands:/home/pi/seav2/install/seav2_imu/lib/python3.10/site-packages:${PYTHONPATH} /usr/bin/python3 -W ignore:setup.py install is deprecated -W ignore:easy_install command is deprecated setup.py egg_info --egg-base ../../build/seav2_imu build --build-base /home/pi/seav2/build/seav2_imu/build install --record /home/pi/seav2/build/seav2_imu/install.log --single-version-externally-managed install_data --force
