[0.126s] Invoking command in '/home/pi/seav2/build/carlikebot_ros2_control': CMAKE_PREFIX_PATH=/home/pi/seav2/install/serial:/home/pi/seav2/install/ros2_control_demo_description:/home/pi/seav2/install/carlikebot_ros2_control:/home/pi/seav2/install/seav2:/home/pi/ss25/install/sllidar_ros2:/home/pi/ss25/src/install/sllidar_ros2:/home/pi/demo_testing_9_april/seav/install/seav_simulation:/home/pi/demo_testing_9_april/seav/install/seav_description:/home/pi/demo_testing_9_april/seav/install/rplidar_ros:/home/pi/demo_testing_9_april/seav/install/my_nav2_pkg:/home/pi/seav2/install/robot_cam_ros:/home/pi/seav2/install/ball_tracker:/home/pi/ss25/install/wheel_odometry:/home/pi/ss25/install/vup_2k7:/home/pi/ss25/install/summary:/home/pi/ss25/install/safety_control:/home/pi/ss25/install/project:/home/pi/ss25/install/my_slam:/home/pi/ss25/install/my_motor_driver:/home/pi/ss25/install/final:/home/pi/ss25/install/description:/home/pi/ss25/install/bringup_pkg:/home/pi/ss25/src/summary/install/summary:/home/pi/ss25/src/install/wheel_odometry:/home/pi/ss25/src/install/summary:/home/pi/ss25/src/install/safety_control:/home/pi/ss25/src/install/project:/home/pi/ss25/src/install/my_motor_driver:/home/pi/ss25/src/install/description:/home/pi/ss25/src/install/bringup_pkg:/home/pi/install/summary:/home/pi/demo_testing_9_april/seav/install/yolov8_ros:/home/pi/demo_testing_9_april/seav/install/static_tf_publisher:/home/pi/demo_testing_9_april/seav/install/seav_test_sensors:/home/pi/demo_testing_9_april/seav/install/my_robot_controller:/opt/ros/humble /usr/bin/cmake --build /home/pi/seav2/build/carlikebot_ros2_control -- -j4 -l4
[0.502s] [100%] Built target carlikebot_ros2_control
[0.594s] Invoked command in '/home/pi/seav2/build/carlikebot_ros2_control' returned '0': CMAKE_PREFIX_PATH=/home/pi/seav2/install/serial:/home/pi/seav2/install/ros2_control_demo_description:/home/pi/seav2/install/carlikebot_ros2_control:/home/pi/seav2/install/seav2:/home/pi/ss25/install/sllidar_ros2:/home/pi/ss25/src/install/sllidar_ros2:/home/pi/demo_testing_9_april/seav/install/seav_simulation:/home/pi/demo_testing_9_april/seav/install/seav_description:/home/pi/demo_testing_9_april/seav/install/rplidar_ros:/home/pi/demo_testing_9_april/seav/install/my_nav2_pkg:/home/pi/seav2/install/robot_cam_ros:/home/pi/seav2/install/ball_tracker:/home/pi/ss25/install/wheel_odometry:/home/pi/ss25/install/vup_2k7:/home/pi/ss25/install/summary:/home/pi/ss25/install/safety_control:/home/pi/ss25/install/project:/home/pi/ss25/install/my_slam:/home/pi/ss25/install/my_motor_driver:/home/pi/ss25/install/final:/home/pi/ss25/install/description:/home/pi/ss25/install/bringup_pkg:/home/pi/ss25/src/summary/install/summary:/home/pi/ss25/src/install/wheel_odometry:/home/pi/ss25/src/install/summary:/home/pi/ss25/src/install/safety_control:/home/pi/ss25/src/install/project:/home/pi/ss25/src/install/my_motor_driver:/home/pi/ss25/src/install/description:/home/pi/ss25/src/install/bringup_pkg:/home/pi/install/summary:/home/pi/demo_testing_9_april/seav/install/yolov8_ros:/home/pi/demo_testing_9_april/seav/install/static_tf_publisher:/home/pi/demo_testing_9_april/seav/install/seav_test_sensors:/home/pi/demo_testing_9_april/seav/install/my_robot_controller:/opt/ros/humble /usr/bin/cmake --build /home/pi/seav2/build/carlikebot_ros2_control -- -j4 -l4
[0.601s] Invoking command in '/home/pi/seav2/build/carlikebot_ros2_control': CMAKE_PREFIX_PATH=/home/pi/seav2/install/serial:/home/pi/seav2/install/ros2_control_demo_description:/home/pi/seav2/install/carlikebot_ros2_control:/home/pi/seav2/install/seav2:/home/pi/ss25/install/sllidar_ros2:/home/pi/ss25/src/install/sllidar_ros2:/home/pi/demo_testing_9_april/seav/install/seav_simulation:/home/pi/demo_testing_9_april/seav/install/seav_description:/home/pi/demo_testing_9_april/seav/install/rplidar_ros:/home/pi/demo_testing_9_april/seav/install/my_nav2_pkg:/home/pi/seav2/install/robot_cam_ros:/home/pi/seav2/install/ball_tracker:/home/pi/ss25/install/wheel_odometry:/home/pi/ss25/install/vup_2k7:/home/pi/ss25/install/summary:/home/pi/ss25/install/safety_control:/home/pi/ss25/install/project:/home/pi/ss25/install/my_slam:/home/pi/ss25/install/my_motor_driver:/home/pi/ss25/install/final:/home/pi/ss25/install/description:/home/pi/ss25/install/bringup_pkg:/home/pi/ss25/src/summary/install/summary:/home/pi/ss25/src/install/wheel_odometry:/home/pi/ss25/src/install/summary:/home/pi/ss25/src/install/safety_control:/home/pi/ss25/src/install/project:/home/pi/ss25/src/install/my_motor_driver:/home/pi/ss25/src/install/description:/home/pi/ss25/src/install/bringup_pkg:/home/pi/install/summary:/home/pi/demo_testing_9_april/seav/install/yolov8_ros:/home/pi/demo_testing_9_april/seav/install/static_tf_publisher:/home/pi/demo_testing_9_april/seav/install/seav_test_sensors:/home/pi/demo_testing_9_april/seav/install/my_robot_controller:/opt/ros/humble /usr/bin/cmake --install /home/pi/seav2/build/carlikebot_ros2_control
[0.651s] -- Install configuration: ""
[0.653s] -- Up-to-date: /home/pi/seav2/install/carlikebot_ros2_control/share/carlikebot_ros2_control/carlikebot_ros2_control.xml
[0.654s] -- Up-to-date: /home/pi/seav2/install/carlikebot_ros2_control/include/carlikebot_ros2_control
[0.656s] -- Up-to-date: /home/pi/seav2/install/carlikebot_ros2_control/include/carlikebot_ros2_control/carlikebot_ros2_control
[0.658s] -- Up-to-date: /home/pi/seav2/install/carlikebot_ros2_control/include/carlikebot_ros2_control/carlikebot_ros2_control/arduino_comms.hpp
[0.659s] -- Up-to-date: /home/pi/seav2/install/carlikebot_ros2_control/include/carlikebot_ros2_control/carlikebot_ros2_control/carlikebot_system.hpp
[0.660s] -- Up-to-date: /home/pi/seav2/install/carlikebot_ros2_control/share/carlikebot_ros2_control/launch
[0.662s] -- Up-to-date: /home/pi/seav2/install/carlikebot_ros2_control/share/carlikebot_ros2_control/launch/view_robot.launch.py
[0.663s] -- Up-to-date: /home/pi/seav2/install/carlikebot_ros2_control/share/carlikebot_ros2_control/ros2_control
[0.664s] -- Up-to-date: /home/pi/seav2/install/carlikebot_ros2_control/share/carlikebot_ros2_control/ros2_control/carlikebot.ros2_control.xacro
[0.666s] -- Up-to-date: /home/pi/seav2/install/carlikebot_ros2_control/share/carlikebot_ros2_control/urdf
[0.667s] -- Up-to-date: /home/pi/seav2/install/carlikebot_ros2_control/share/carlikebot_ros2_control/urdf/carlikebot.urdf.xacro
[0.669s] -- Up-to-date: /home/pi/seav2/install/carlikebot_ros2_control/share/carlikebot_ros2_control/launch
[0.671s] -- Up-to-date: /home/pi/seav2/install/carlikebot_ros2_control/share/carlikebot_ros2_control/launch/carlikebot.launch.py
[0.672s] -- Up-to-date: /home/pi/seav2/install/carlikebot_ros2_control/share/carlikebot_ros2_control/config
[0.674s] -- Up-to-date: /home/pi/seav2/install/carlikebot_ros2_control/share/carlikebot_ros2_control/config/carlikebot_controllers.yaml
[0.677s] -- Up-to-date: /home/pi/seav2/install/carlikebot_ros2_control/lib/libcarlikebot_ros2_control.so
[0.680s] -- Up-to-date: /home/pi/seav2/install/carlikebot_ros2_control/share/carlikebot_ros2_control/environment/library_path.sh
[0.681s] -- Up-to-date: /home/pi/seav2/install/carlikebot_ros2_control/share/carlikebot_ros2_control/environment/library_path.dsv
[0.683s] -- Up-to-date: /home/pi/seav2/install/carlikebot_ros2_control/share/ament_index/resource_index/package_run_dependencies/carlikebot_ros2_control
[0.687s] -- Up-to-date: /home/pi/seav2/install/carlikebot_ros2_control/share/ament_index/resource_index/parent_prefix_path/carlikebot_ros2_control
[0.689s] -- Up-to-date: /home/pi/seav2/install/carlikebot_ros2_control/share/carlikebot_ros2_control/environment/ament_prefix_path.sh
[0.691s] -- Up-to-date: /home/pi/seav2/install/carlikebot_ros2_control/share/carlikebot_ros2_control/environment/ament_prefix_path.dsv
[0.692s] -- Up-to-date: /home/pi/seav2/install/carlikebot_ros2_control/share/carlikebot_ros2_control/environment/path.sh
[0.694s] -- Up-to-date: /home/pi/seav2/install/carlikebot_ros2_control/share/carlikebot_ros2_control/environment/path.dsv
[0.695s] -- Up-to-date: /home/pi/seav2/install/carlikebot_ros2_control/share/carlikebot_ros2_control/local_setup.bash
[0.697s] -- Up-to-date: /home/pi/seav2/install/carlikebot_ros2_control/share/carlikebot_ros2_control/local_setup.sh
[0.698s] -- Up-to-date: /home/pi/seav2/install/carlikebot_ros2_control/share/carlikebot_ros2_control/local_setup.zsh
[0.700s] -- Up-to-date: /home/pi/seav2/install/carlikebot_ros2_control/share/carlikebot_ros2_control/local_setup.dsv
[0.702s] -- Installing: /home/pi/seav2/install/carlikebot_ros2_control/share/carlikebot_ros2_control/package.dsv
[0.707s] -- Up-to-date: /home/pi/seav2/install/carlikebot_ros2_control/share/ament_index/resource_index/packages/carlikebot_ros2_control
[0.708s] -- Up-to-date: /home/pi/seav2/install/carlikebot_ros2_control/share/ament_index/resource_index/hardware_interface__pluginlib__plugin/carlikebot_ros2_control
[0.710s] -- Up-to-date: /home/pi/seav2/install/carlikebot_ros2_control/share/carlikebot_ros2_control/cmake/export_carlikebot_ros2_controlExport.cmake
[0.712s] -- Up-to-date: /home/pi/seav2/install/carlikebot_ros2_control/share/carlikebot_ros2_control/cmake/export_carlikebot_ros2_controlExport-noconfig.cmake
[0.713s] -- Up-to-date: /home/pi/seav2/install/carlikebot_ros2_control/share/carlikebot_ros2_control/cmake/ament_cmake_export_targets-extras.cmake
[0.715s] -- Up-to-date: /home/pi/seav2/install/carlikebot_ros2_control/share/carlikebot_ros2_control/cmake/ament_cmake_export_dependencies-extras.cmake
[0.717s] -- Up-to-date: /home/pi/seav2/install/carlikebot_ros2_control/share/carlikebot_ros2_control/cmake/carlikebot_ros2_controlConfig.cmake
[0.718s] -- Up-to-date: /home/pi/seav2/install/carlikebot_ros2_control/share/carlikebot_ros2_control/cmake/carlikebot_ros2_controlConfig-version.cmake
[0.720s] -- Up-to-date: /home/pi/seav2/install/carlikebot_ros2_control/share/carlikebot_ros2_control/package.xml
[0.733s] Invoked command in '/home/pi/seav2/build/carlikebot_ros2_control' returned '0': CMAKE_PREFIX_PATH=/home/pi/seav2/install/serial:/home/pi/seav2/install/ros2_control_demo_description:/home/pi/seav2/install/carlikebot_ros2_control:/home/pi/seav2/install/seav2:/home/pi/ss25/install/sllidar_ros2:/home/pi/ss25/src/install/sllidar_ros2:/home/pi/demo_testing_9_april/seav/install/seav_simulation:/home/pi/demo_testing_9_april/seav/install/seav_description:/home/pi/demo_testing_9_april/seav/install/rplidar_ros:/home/pi/demo_testing_9_april/seav/install/my_nav2_pkg:/home/pi/seav2/install/robot_cam_ros:/home/pi/seav2/install/ball_tracker:/home/pi/ss25/install/wheel_odometry:/home/pi/ss25/install/vup_2k7:/home/pi/ss25/install/summary:/home/pi/ss25/install/safety_control:/home/pi/ss25/install/project:/home/pi/ss25/install/my_slam:/home/pi/ss25/install/my_motor_driver:/home/pi/ss25/install/final:/home/pi/ss25/install/description:/home/pi/ss25/install/bringup_pkg:/home/pi/ss25/src/summary/install/summary:/home/pi/ss25/src/install/wheel_odometry:/home/pi/ss25/src/install/summary:/home/pi/ss25/src/install/safety_control:/home/pi/ss25/src/install/project:/home/pi/ss25/src/install/my_motor_driver:/home/pi/ss25/src/install/description:/home/pi/ss25/src/install/bringup_pkg:/home/pi/install/summary:/home/pi/demo_testing_9_april/seav/install/yolov8_ros:/home/pi/demo_testing_9_april/seav/install/static_tf_publisher:/home/pi/demo_testing_9_april/seav/install/seav_test_sensors:/home/pi/demo_testing_9_april/seav/install/my_robot_controller:/opt/ros/humble /usr/bin/cmake --install /home/pi/seav2/build/carlikebot_ros2_control
