[0.261s] Invoking command in '/home/pi/seav2/build/seav2': CMAKE_PREFIX_PATH=${CMAKE_PREFIX_PATH}:/home/pi/seav2/install/robot_cam_ros:/home/pi/seav2/install/ball_tracker:/home/pi/ss25/install/wheel_odometry:/home/pi/ss25/install/vup_2k7:/home/pi/ss25/install/summary:/home/pi/ss25/install/safety_control:/home/pi/ss25/install/project:/home/pi/ss25/install/my_slam:/home/pi/ss25/install/my_motor_driver:/home/pi/ss25/install/final:/home/pi/ss25/install/description:/home/pi/ss25/install/bringup_pkg:/home/pi/ss25/src/summary/install/summary:/home/pi/ss25/src/install/wheel_odometry:/home/pi/ss25/src/install/summary:/home/pi/ss25/src/install/safety_control:/home/pi/ss25/src/install/project:/home/pi/ss25/src/install/my_motor_driver:/home/pi/ss25/src/install/description:/home/pi/ss25/src/install/bringup_pkg:/home/pi/install/summary:/home/pi/demo_testing_9_april/seav/install/yolov8_ros:/home/pi/demo_testing_9_april/seav/install/static_tf_publisher:/home/pi/demo_testing_9_april/seav/install/seav_test_sensors:/home/pi/demo_testing_9_april/seav/install/my_robot_controller:/opt/ros/humble /usr/bin/cmake --build /home/pi/seav2/build/seav2 -- -j4 -l4
[0.604s] Invoked command in '/home/pi/seav2/build/seav2' returned '0': CMAKE_PREFIX_PATH=${CMAKE_PREFIX_PATH}:/home/pi/seav2/install/robot_cam_ros:/home/pi/seav2/install/ball_tracker:/home/pi/ss25/install/wheel_odometry:/home/pi/ss25/install/vup_2k7:/home/pi/ss25/install/summary:/home/pi/ss25/install/safety_control:/home/pi/ss25/install/project:/home/pi/ss25/install/my_slam:/home/pi/ss25/install/my_motor_driver:/home/pi/ss25/install/final:/home/pi/ss25/install/description:/home/pi/ss25/install/bringup_pkg:/home/pi/ss25/src/summary/install/summary:/home/pi/ss25/src/install/wheel_odometry:/home/pi/ss25/src/install/summary:/home/pi/ss25/src/install/safety_control:/home/pi/ss25/src/install/project:/home/pi/ss25/src/install/my_motor_driver:/home/pi/ss25/src/install/description:/home/pi/ss25/src/install/bringup_pkg:/home/pi/install/summary:/home/pi/demo_testing_9_april/seav/install/yolov8_ros:/home/pi/demo_testing_9_april/seav/install/static_tf_publisher:/home/pi/demo_testing_9_april/seav/install/seav_test_sensors:/home/pi/demo_testing_9_april/seav/install/my_robot_controller:/opt/ros/humble /usr/bin/cmake --build /home/pi/seav2/build/seav2 -- -j4 -l4
[0.608s] Invoking command in '/home/pi/seav2/build/seav2': CMAKE_PREFIX_PATH=${CMAKE_PREFIX_PATH}:/home/pi/seav2/install/robot_cam_ros:/home/pi/seav2/install/ball_tracker:/home/pi/ss25/install/wheel_odometry:/home/pi/ss25/install/vup_2k7:/home/pi/ss25/install/summary:/home/pi/ss25/install/safety_control:/home/pi/ss25/install/project:/home/pi/ss25/install/my_slam:/home/pi/ss25/install/my_motor_driver:/home/pi/ss25/install/final:/home/pi/ss25/install/description:/home/pi/ss25/install/bringup_pkg:/home/pi/ss25/src/summary/install/summary:/home/pi/ss25/src/install/wheel_odometry:/home/pi/ss25/src/install/summary:/home/pi/ss25/src/install/safety_control:/home/pi/ss25/src/install/project:/home/pi/ss25/src/install/my_motor_driver:/home/pi/ss25/src/install/description:/home/pi/ss25/src/install/bringup_pkg:/home/pi/install/summary:/home/pi/demo_testing_9_april/seav/install/yolov8_ros:/home/pi/demo_testing_9_april/seav/install/static_tf_publisher:/home/pi/demo_testing_9_april/seav/install/seav_test_sensors:/home/pi/demo_testing_9_april/seav/install/my_robot_controller:/opt/ros/humble /usr/bin/cmake --install /home/pi/seav2/build/seav2
[0.659s] -- Install configuration: ""
[0.660s] -- Up-to-date: /home/pi/seav2/install/seav2/share/seav2/config
[0.662s] -- Up-to-date: /home/pi/seav2/install/seav2/share/seav2/config/gazebo_params.yaml
[0.663s] -- Up-to-date: /home/pi/seav2/install/seav2/share/seav2/config/gaz_ros2_ctl_use_sim.yaml
[0.665s] -- Up-to-date: /home/pi/seav2/install/seav2/share/seav2/config/drive_car.rviz
[0.666s] -- Up-to-date: /home/pi/seav2/install/seav2/share/seav2/config/mapper_params_online_async.yaml
[0.667s] -- Up-to-date: /home/pi/seav2/install/seav2/share/seav2/config/joystick.yaml
[0.669s] -- Installing: /home/pi/seav2/install/seav2/share/seav2/config/twist_mux.yaml
[0.672s] -- Up-to-date: /home/pi/seav2/install/seav2/share/seav2/config/nav2_params.yaml
[0.673s] -- Up-to-date: /home/pi/seav2/install/seav2/share/seav2/config/view_car.rviz
[0.674s] -- Up-to-date: /home/pi/seav2/install/seav2/share/seav2/config/main.rviz
[0.679s] -- Up-to-date: /home/pi/seav2/install/seav2/share/seav2/config/my_controllers.yaml
[0.680s] -- Up-to-date: /home/pi/seav2/install/seav2/share/seav2/description
[0.682s] -- Up-to-date: /home/pi/seav2/install/seav2/share/seav2/description/inertial_macros.xacro
[0.683s] -- Up-to-date: /home/pi/seav2/install/seav2/share/seav2/description/depth_camera.xacro
[0.685s] -- Up-to-date: /home/pi/seav2/install/seav2/share/seav2/description/camera.xacro
[0.687s] -- Up-to-date: /home/pi/seav2/install/seav2/share/seav2/description/ros2_control.xacro
[0.689s] -- Up-to-date: /home/pi/seav2/install/seav2/share/seav2/description/robot.urdf.xacro
[0.690s] -- Up-to-date: /home/pi/seav2/install/seav2/share/seav2/description/lidar.xacro
[0.694s] -- Up-to-date: /home/pi/seav2/install/seav2/share/seav2/description/robot_core.xacro
[0.695s] -- Up-to-date: /home/pi/seav2/install/seav2/share/seav2/description/gazebo_control.xacro
[0.697s] -- Up-to-date: /home/pi/seav2/install/seav2/share/seav2/launch
[0.699s] -- Up-to-date: /home/pi/seav2/install/seav2/share/seav2/launch/joystick.launch.py
[0.700s] -- Up-to-date: /home/pi/seav2/install/seav2/share/seav2/launch/rsp.launch.py
[0.706s] -- Up-to-date: /home/pi/seav2/install/seav2/share/seav2/launch/launch_robot.launch.py
[0.708s] -- Up-to-date: /home/pi/seav2/install/seav2/share/seav2/launch/localization_launch.py
[0.709s] -- Up-to-date: /home/pi/seav2/install/seav2/share/seav2/launch/__pycache__
[0.712s] -- Up-to-date: /home/pi/seav2/install/seav2/share/seav2/launch/__pycache__/launch_robot.launch.cpython-310.pyc
[0.713s] -- Up-to-date: /home/pi/seav2/install/seav2/share/seav2/launch/launch_sim.launch.py
[0.713s] -- Up-to-date: /home/pi/seav2/install/seav2/share/seav2/launch/online_async_launch.py
[0.726s] -- Up-to-date: /home/pi/seav2/install/seav2/share/seav2/launch/navigation_launch.py
[0.726s] -- Up-to-date: /home/pi/seav2/install/seav2/share/seav2/launch/rplidar.launch.py
[0.727s] -- Up-to-date: /home/pi/seav2/install/seav2/share/seav2/worlds
[0.727s] -- Up-to-date: /home/pi/seav2/install/seav2/share/seav2/worlds/obstacles.world
[0.728s] -- Up-to-date: /home/pi/seav2/install/seav2/share/seav2/worlds/empty.world
[0.728s] -- Up-to-date: /home/pi/seav2/install/seav2/share/ament_index/resource_index/package_run_dependencies/seav2
[0.737s] -- Up-to-date: /home/pi/seav2/install/seav2/share/ament_index/resource_index/parent_prefix_path/seav2
[0.738s] -- Up-to-date: /home/pi/seav2/install/seav2/share/seav2/environment/ament_prefix_path.sh
[0.739s] -- Up-to-date: /home/pi/seav2/install/seav2/share/seav2/environment/ament_prefix_path.dsv
[0.739s] -- Up-to-date: /home/pi/seav2/install/seav2/share/seav2/environment/path.sh
[0.740s] -- Up-to-date: /home/pi/seav2/install/seav2/share/seav2/environment/path.dsv
[0.740s] -- Up-to-date: /home/pi/seav2/install/seav2/share/seav2/local_setup.bash
[0.741s] -- Up-to-date: /home/pi/seav2/install/seav2/share/seav2/local_setup.sh
[0.741s] -- Up-to-date: /home/pi/seav2/install/seav2/share/seav2/local_setup.zsh
[0.743s] -- Up-to-date: /home/pi/seav2/install/seav2/share/seav2/local_setup.dsv
[0.744s] -- Installing: /home/pi/seav2/install/seav2/share/seav2/package.dsv
[0.746s] -- Up-to-date: /home/pi/seav2/install/seav2/share/ament_index/resource_index/packages/seav2
[0.750s] -- Up-to-date: /home/pi/seav2/install/seav2/share/seav2/cmake/seav2Config.cmake
[0.754s] -- Up-to-date: /home/pi/seav2/install/seav2/share/seav2/cmake/seav2Config-version.cmake
[0.754s] -- Up-to-date: /home/pi/seav2/install/seav2/share/seav2/package.xml
[0.767s] Invoked command in '/home/pi/seav2/build/seav2' returned '0': CMAKE_PREFIX_PATH=${CMAKE_PREFIX_PATH}:/home/pi/seav2/install/robot_cam_ros:/home/pi/seav2/install/ball_tracker:/home/pi/ss25/install/wheel_odometry:/home/pi/ss25/install/vup_2k7:/home/pi/ss25/install/summary:/home/pi/ss25/install/safety_control:/home/pi/ss25/install/project:/home/pi/ss25/install/my_slam:/home/pi/ss25/install/my_motor_driver:/home/pi/ss25/install/final:/home/pi/ss25/install/description:/home/pi/ss25/install/bringup_pkg:/home/pi/ss25/src/summary/install/summary:/home/pi/ss25/src/install/wheel_odometry:/home/pi/ss25/src/install/summary:/home/pi/ss25/src/install/safety_control:/home/pi/ss25/src/install/project:/home/pi/ss25/src/install/my_motor_driver:/home/pi/ss25/src/install/description:/home/pi/ss25/src/install/bringup_pkg:/home/pi/install/summary:/home/pi/demo_testing_9_april/seav/install/yolov8_ros:/home/pi/demo_testing_9_april/seav/install/static_tf_publisher:/home/pi/demo_testing_9_april/seav/install/seav_test_sensors:/home/pi/demo_testing_9_april/seav/install/my_robot_controller:/opt/ros/humble /usr/bin/cmake --install /home/pi/seav2/build/seav2
