[0.247s] Invoking command in '/home/pi/seav2/build/serial': CMAKE_PREFIX_PATH=${CMAKE_PREFIX_PATH}:/home/pi/ss25/install/wheel_odometry:/home/pi/ss25/install/vup_2k7:/home/pi/ss25/install/summary:/home/pi/ss25/install/safety_control:/home/pi/ss25/install/project:/home/pi/ss25/install/my_slam:/home/pi/ss25/install/my_motor_driver:/home/pi/ss25/install/final:/home/pi/ss25/install/description:/home/pi/ss25/install/bringup_pkg:/home/pi/ss25/src/summary/install/summary:/home/pi/ss25/src/install/wheel_odometry:/home/pi/ss25/src/install/summary:/home/pi/ss25/src/install/safety_control:/home/pi/ss25/src/install/project:/home/pi/ss25/src/install/my_motor_driver:/home/pi/ss25/src/install/description:/home/pi/ss25/src/install/bringup_pkg:/home/pi/install/summary:/home/pi/demo_testing_9_april/seav/install/yolov8_ros:/home/pi/demo_testing_9_april/seav/install/static_tf_publisher:/home/pi/demo_testing_9_april/seav/install/seav_test_sensors:/home/pi/demo_testing_9_april/seav/install/my_robot_controller:/opt/ros/humble /usr/bin/cmake --build /home/pi/seav2/build/serial -- -j4 -l4
[2.131s] [ 28%] Built target serial
[2.134s] [ 42%] Built target gtest_main
[2.136s] [ 57%] Built target gtest
[2.137s] [ 71%] Built target serial_example
[2.138s] [ 85%] Built target serial-test-timer
[2.139s] [100%] Built target serial-test
[3.883s] Invoked command in '/home/pi/seav2/build/serial' returned '0': CMAKE_PREFIX_PATH=${CMAKE_PREFIX_PATH}:/home/pi/ss25/install/wheel_odometry:/home/pi/ss25/install/vup_2k7:/home/pi/ss25/install/summary:/home/pi/ss25/install/safety_control:/home/pi/ss25/install/project:/home/pi/ss25/install/my_slam:/home/pi/ss25/install/my_motor_driver:/home/pi/ss25/install/final:/home/pi/ss25/install/description:/home/pi/ss25/install/bringup_pkg:/home/pi/ss25/src/summary/install/summary:/home/pi/ss25/src/install/wheel_odometry:/home/pi/ss25/src/install/summary:/home/pi/ss25/src/install/safety_control:/home/pi/ss25/src/install/project:/home/pi/ss25/src/install/my_motor_driver:/home/pi/ss25/src/install/description:/home/pi/ss25/src/install/bringup_pkg:/home/pi/install/summary:/home/pi/demo_testing_9_april/seav/install/yolov8_ros:/home/pi/demo_testing_9_april/seav/install/static_tf_publisher:/home/pi/demo_testing_9_april/seav/install/seav_test_sensors:/home/pi/demo_testing_9_april/seav/install/my_robot_controller:/opt/ros/humble /usr/bin/cmake --build /home/pi/seav2/build/serial -- -j4 -l4
[3.897s] Invoking command in '/home/pi/seav2/build/serial': CMAKE_PREFIX_PATH=${CMAKE_PREFIX_PATH}:/home/pi/ss25/install/wheel_odometry:/home/pi/ss25/install/vup_2k7:/home/pi/ss25/install/summary:/home/pi/ss25/install/safety_control:/home/pi/ss25/install/project:/home/pi/ss25/install/my_slam:/home/pi/ss25/install/my_motor_driver:/home/pi/ss25/install/final:/home/pi/ss25/install/description:/home/pi/ss25/install/bringup_pkg:/home/pi/ss25/src/summary/install/summary:/home/pi/ss25/src/install/wheel_odometry:/home/pi/ss25/src/install/summary:/home/pi/ss25/src/install/safety_control:/home/pi/ss25/src/install/project:/home/pi/ss25/src/install/my_motor_driver:/home/pi/ss25/src/install/description:/home/pi/ss25/src/install/bringup_pkg:/home/pi/install/summary:/home/pi/demo_testing_9_april/seav/install/yolov8_ros:/home/pi/demo_testing_9_april/seav/install/static_tf_publisher:/home/pi/demo_testing_9_april/seav/install/seav_test_sensors:/home/pi/demo_testing_9_april/seav/install/my_robot_controller:/opt/ros/humble /usr/bin/cmake --install /home/pi/seav2/build/serial
[3.966s] -- Install configuration: ""
[3.969s] -- Up-to-date: /home/pi/seav2/install/serial/lib/libserial.a
[3.969s] -- Up-to-date: /home/pi/seav2/install/serial/include/serial/serial.h
[3.970s] -- Up-to-date: /home/pi/seav2/install/serial/include/serial/v8stdint.h
[3.971s] -- Up-to-date: /home/pi/seav2/install/serial/share/serial/environment/library_path.sh
[3.971s] -- Up-to-date: /home/pi/seav2/install/serial/share/serial/environment/library_path.dsv
[3.973s] -- Up-to-date: /home/pi/seav2/install/serial/share/ament_index/resource_index/package_run_dependencies/serial
[3.973s] -- Up-to-date: /home/pi/seav2/install/serial/share/ament_index/resource_index/parent_prefix_path/serial
[3.974s] -- Up-to-date: /home/pi/seav2/install/serial/share/serial/environment/ament_prefix_path.sh
[3.975s] -- Up-to-date: /home/pi/seav2/install/serial/share/serial/environment/ament_prefix_path.dsv
[3.975s] -- Up-to-date: /home/pi/seav2/install/serial/share/serial/environment/path.sh
[3.975s] -- Up-to-date: /home/pi/seav2/install/serial/share/serial/environment/path.dsv
[3.976s] -- Up-to-date: /home/pi/seav2/install/serial/share/serial/local_setup.bash
[3.977s] -- Up-to-date: /home/pi/seav2/install/serial/share/serial/local_setup.sh
[3.977s] -- Up-to-date: /home/pi/seav2/install/serial/share/serial/local_setup.zsh
[3.978s] -- Up-to-date: /home/pi/seav2/install/serial/share/serial/local_setup.dsv
[3.979s] -- Installing: /home/pi/seav2/install/serial/share/serial/package.dsv
[3.979s] -- Up-to-date: /home/pi/seav2/install/serial/share/ament_index/resource_index/packages/serial
[3.980s] -- Up-to-date: /home/pi/seav2/install/serial/share/serial/cmake/ament_cmake_export_include_directories-extras.cmake
[3.981s] -- Up-to-date: /home/pi/seav2/install/serial/share/serial/cmake/ament_cmake_export_libraries-extras.cmake
[3.983s] -- Up-to-date: /home/pi/seav2/install/serial/share/serial/cmake/serialConfig.cmake
[3.983s] -- Up-to-date: /home/pi/seav2/install/serial/share/serial/cmake/serialConfig-version.cmake
[3.984s] -- Up-to-date: /home/pi/seav2/install/serial/share/serial/package.xml
[4.162s] Invoked command in '/home/pi/seav2/build/serial' returned '0': CMAKE_PREFIX_PATH=${CMAKE_PREFIX_PATH}:/home/pi/ss25/install/wheel_odometry:/home/pi/ss25/install/vup_2k7:/home/pi/ss25/install/summary:/home/pi/ss25/install/safety_control:/home/pi/ss25/install/project:/home/pi/ss25/install/my_slam:/home/pi/ss25/install/my_motor_driver:/home/pi/ss25/install/final:/home/pi/ss25/install/description:/home/pi/ss25/install/bringup_pkg:/home/pi/ss25/src/summary/install/summary:/home/pi/ss25/src/install/wheel_odometry:/home/pi/ss25/src/install/summary:/home/pi/ss25/src/install/safety_control:/home/pi/ss25/src/install/project:/home/pi/ss25/src/install/my_motor_driver:/home/pi/ss25/src/install/description:/home/pi/ss25/src/install/bringup_pkg:/home/pi/install/summary:/home/pi/demo_testing_9_april/seav/install/yolov8_ros:/home/pi/demo_testing_9_april/seav/install/static_tf_publisher:/home/pi/demo_testing_9_april/seav/install/seav_test_sensors:/home/pi/demo_testing_9_april/seav/install/my_robot_controller:/opt/ros/humble /usr/bin/cmake --install /home/pi/seav2/build/serial
