[0.750s] Invoking command in '/home/pi/seav2/build/seav2': CMAKE_PREFIX_PATH=${CMAKE_PREFIX_PATH}:/home/pi/seav2/install/seav2_imu:/home/pi/seav2/install/robot_cam_ros:/home/pi/seav2/install/ball_tracker:/home/pi/ss25/install/wheel_odometry:/home/pi/ss25/install/vup_2k7:/home/pi/ss25/install/summary:/home/pi/ss25/install/safety_control:/home/pi/ss25/install/project:/home/pi/ss25/install/my_slam:/home/pi/ss25/install/my_motor_driver:/home/pi/ss25/install/final:/home/pi/ss25/install/description:/home/pi/ss25/install/bringup_pkg:/home/pi/ss25/src/summary/install/summary:/home/pi/ss25/src/install/wheel_odometry:/home/pi/ss25/src/install/summary:/home/pi/ss25/src/install/safety_control:/home/pi/ss25/src/install/project:/home/pi/ss25/src/install/my_motor_driver:/home/pi/ss25/src/install/description:/home/pi/ss25/src/install/bringup_pkg:/home/pi/install/summary:/home/pi/demo_testing_9_april/seav/install/yolov8_ros:/home/pi/demo_testing_9_april/seav/install/static_tf_publisher:/home/pi/demo_testing_9_april/seav/install/seav_test_sensors:/home/pi/demo_testing_9_april/seav/install/my_robot_controller:/opt/ros/humble /usr/bin/cmake --build /home/pi/seav2/build/seav2 -- -j4 -l4
[5.994s] Invoked command in '/home/pi/seav2/build/seav2' returned '0': CMAKE_PREFIX_PATH=${CMAKE_PREFIX_PATH}:/home/pi/seav2/install/seav2_imu:/home/pi/seav2/install/robot_cam_ros:/home/pi/seav2/install/ball_tracker:/home/pi/ss25/install/wheel_odometry:/home/pi/ss25/install/vup_2k7:/home/pi/ss25/install/summary:/home/pi/ss25/install/safety_control:/home/pi/ss25/install/project:/home/pi/ss25/install/my_slam:/home/pi/ss25/install/my_motor_driver:/home/pi/ss25/install/final:/home/pi/ss25/install/description:/home/pi/ss25/install/bringup_pkg:/home/pi/ss25/src/summary/install/summary:/home/pi/ss25/src/install/wheel_odometry:/home/pi/ss25/src/install/summary:/home/pi/ss25/src/install/safety_control:/home/pi/ss25/src/install/project:/home/pi/ss25/src/install/my_motor_driver:/home/pi/ss25/src/install/description:/home/pi/ss25/src/install/bringup_pkg:/home/pi/install/summary:/home/pi/demo_testing_9_april/seav/install/yolov8_ros:/home/pi/demo_testing_9_april/seav/install/static_tf_publisher:/home/pi/demo_testing_9_april/seav/install/seav_test_sensors:/home/pi/demo_testing_9_april/seav/install/my_robot_controller:/opt/ros/humble /usr/bin/cmake --build /home/pi/seav2/build/seav2 -- -j4 -l4
[6.005s] Invoking command in '/home/pi/seav2/build/seav2': CMAKE_PREFIX_PATH=${CMAKE_PREFIX_PATH}:/home/pi/seav2/install/seav2_imu:/home/pi/seav2/install/robot_cam_ros:/home/pi/seav2/install/ball_tracker:/home/pi/ss25/install/wheel_odometry:/home/pi/ss25/install/vup_2k7:/home/pi/ss25/install/summary:/home/pi/ss25/install/safety_control:/home/pi/ss25/install/project:/home/pi/ss25/install/my_slam:/home/pi/ss25/install/my_motor_driver:/home/pi/ss25/install/final:/home/pi/ss25/install/description:/home/pi/ss25/install/bringup_pkg:/home/pi/ss25/src/summary/install/summary:/home/pi/ss25/src/install/wheel_odometry:/home/pi/ss25/src/install/summary:/home/pi/ss25/src/install/safety_control:/home/pi/ss25/src/install/project:/home/pi/ss25/src/install/my_motor_driver:/home/pi/ss25/src/install/description:/home/pi/ss25/src/install/bringup_pkg:/home/pi/install/summary:/home/pi/demo_testing_9_april/seav/install/yolov8_ros:/home/pi/demo_testing_9_april/seav/install/static_tf_publisher:/home/pi/demo_testing_9_april/seav/install/seav_test_sensors:/home/pi/demo_testing_9_april/seav/install/my_robot_controller:/opt/ros/humble /usr/bin/cmake --install /home/pi/seav2/build/seav2
[6.083s] -- Install configuration: ""
[6.091s] -- Execute custom install script
[6.101s] -- Up-to-date symlink: /home/pi/seav2/install/seav2/share/seav2/config/drive_car.rviz
[6.107s] -- Up-to-date symlink: /home/pi/seav2/install/seav2/share/seav2/config/ekf_odom.yaml
[6.112s] -- Up-to-date symlink: /home/pi/seav2/install/seav2/share/seav2/config/gaz_ros2_ctl_use_sim.yaml
[6.117s] -- Up-to-date symlink: /home/pi/seav2/install/seav2/share/seav2/config/gazebo_params.yaml
[6.123s] -- Up-to-date symlink: /home/pi/seav2/install/seav2/share/seav2/config/imu_filter_madgwick.yaml
[6.128s] -- Up-to-date symlink: /home/pi/seav2/install/seav2/share/seav2/config/joystick.yaml
[6.133s] -- Up-to-date symlink: /home/pi/seav2/install/seav2/share/seav2/config/main.rviz
[6.139s] -- Up-to-date symlink: /home/pi/seav2/install/seav2/share/seav2/config/mapper_params_online_async.yaml
[6.145s] -- Up-to-date symlink: /home/pi/seav2/install/seav2/share/seav2/config/my_controllers.yaml
[6.152s] -- Up-to-date symlink: /home/pi/seav2/install/seav2/share/seav2/config/nav2_params.yaml
[6.157s] -- Up-to-date symlink: /home/pi/seav2/install/seav2/share/seav2/config/twist_mux.yaml
[6.164s] -- Up-to-date symlink: /home/pi/seav2/install/seav2/share/seav2/config/view_car.rviz
[6.173s] -- Up-to-date symlink: /home/pi/seav2/install/seav2/share/seav2/description/camera.xacro
[6.179s] -- Up-to-date symlink: /home/pi/seav2/install/seav2/share/seav2/description/depth_camera.xacro
[6.184s] -- Up-to-date symlink: /home/pi/seav2/install/seav2/share/seav2/description/gazebo_control.xacro
[6.189s] -- Up-to-date symlink: /home/pi/seav2/install/seav2/share/seav2/description/inertial_macros.xacro
[6.195s] -- Up-to-date symlink: /home/pi/seav2/install/seav2/share/seav2/description/lidar.xacro
[6.201s] -- Up-to-date symlink: /home/pi/seav2/install/seav2/share/seav2/description/robot.urdf.xacro
[6.206s] -- Up-to-date symlink: /home/pi/seav2/install/seav2/share/seav2/description/robot_core.xacro
[6.212s] -- Up-to-date symlink: /home/pi/seav2/install/seav2/share/seav2/description/ros2_control.xacro
[6.220s] -- Symlinking: /home/pi/seav2/install/seav2/share/seav2/launch/__pycache__/launch_robot.launch.cpython-310.pyc
[6.358s] -- Up-to-date symlink: /home/pi/seav2/install/seav2/share/seav2/launch/ekf.launch.py
[6.361s] -- Up-to-date symlink: /home/pi/seav2/install/seav2/share/seav2/launch/imu_tf.launch.py
[6.363s] -- Up-to-date symlink: /home/pi/seav2/install/seav2/share/seav2/launch/joystick.launch.py
[6.369s] -- Up-to-date symlink: /home/pi/seav2/install/seav2/share/seav2/launch/launch_robot.launch.py
[6.373s] -- Up-to-date symlink: /home/pi/seav2/install/seav2/share/seav2/launch/launch_sim.launch.py
[6.376s] -- Up-to-date symlink: /home/pi/seav2/install/seav2/share/seav2/launch/localization_launch.py
[6.377s] -- Up-to-date symlink: /home/pi/seav2/install/seav2/share/seav2/launch/navigation_launch.py
[6.380s] -- Up-to-date symlink: /home/pi/seav2/install/seav2/share/seav2/launch/online_async_launch.py
[6.389s] -- Up-to-date symlink: /home/pi/seav2/install/seav2/share/seav2/launch/rplidar.launch.py
[6.390s] -- Up-to-date symlink: /home/pi/seav2/install/seav2/share/seav2/launch/rsp.launch.py
[6.392s] -- Up-to-date symlink: /home/pi/seav2/install/seav2/share/seav2/worlds/empty.world
[6.393s] -- Up-to-date symlink: /home/pi/seav2/install/seav2/share/seav2/worlds/obstacles.world
[6.398s] -- Up-to-date symlink: /home/pi/seav2/install/seav2/share/ament_index/resource_index/package_run_dependencies/seav2
[6.400s] -- Up-to-date symlink: /home/pi/seav2/install/seav2/share/ament_index/resource_index/parent_prefix_path/seav2
[6.407s] -- Up-to-date symlink: /home/pi/seav2/install/seav2/share/seav2/environment/ament_prefix_path.sh
[6.408s] -- Up-to-date symlink: /home/pi/seav2/install/seav2/share/seav2/environment/ament_prefix_path.dsv
[6.431s] -- Up-to-date symlink: /home/pi/seav2/install/seav2/share/seav2/environment/path.sh
[6.432s] -- Up-to-date symlink: /home/pi/seav2/install/seav2/share/seav2/environment/path.dsv
[6.433s] -- Up-to-date symlink: /home/pi/seav2/install/seav2/share/seav2/local_setup.bash
[6.434s] -- Up-to-date symlink: /home/pi/seav2/install/seav2/share/seav2/local_setup.sh
[6.435s] -- Up-to-date symlink: /home/pi/seav2/install/seav2/share/seav2/local_setup.zsh
[6.436s] -- Up-to-date symlink: /home/pi/seav2/install/seav2/share/seav2/local_setup.dsv
[6.437s] -- Symlinking: /home/pi/seav2/install/seav2/share/seav2/package.dsv
[6.529s] -- Up-to-date symlink: /home/pi/seav2/install/seav2/share/ament_index/resource_index/packages/seav2
[6.534s] -- Up-to-date symlink: /home/pi/seav2/install/seav2/share/seav2/cmake/seav2Config.cmake
[6.539s] -- Up-to-date symlink: /home/pi/seav2/install/seav2/share/seav2/cmake/seav2Config-version.cmake
[6.540s] -- Up-to-date symlink: /home/pi/seav2/install/seav2/share/seav2/package.xml
[6.559s] Invoked command in '/home/pi/seav2/build/seav2' returned '0': CMAKE_PREFIX_PATH=${CMAKE_PREFIX_PATH}:/home/pi/seav2/install/seav2_imu:/home/pi/seav2/install/robot_cam_ros:/home/pi/seav2/install/ball_tracker:/home/pi/ss25/install/wheel_odometry:/home/pi/ss25/install/vup_2k7:/home/pi/ss25/install/summary:/home/pi/ss25/install/safety_control:/home/pi/ss25/install/project:/home/pi/ss25/install/my_slam:/home/pi/ss25/install/my_motor_driver:/home/pi/ss25/install/final:/home/pi/ss25/install/description:/home/pi/ss25/install/bringup_pkg:/home/pi/ss25/src/summary/install/summary:/home/pi/ss25/src/install/wheel_odometry:/home/pi/ss25/src/install/summary:/home/pi/ss25/src/install/safety_control:/home/pi/ss25/src/install/project:/home/pi/ss25/src/install/my_motor_driver:/home/pi/ss25/src/install/description:/home/pi/ss25/src/install/bringup_pkg:/home/pi/install/summary:/home/pi/demo_testing_9_april/seav/install/yolov8_ros:/home/pi/demo_testing_9_april/seav/install/static_tf_publisher:/home/pi/demo_testing_9_april/seav/install/seav_test_sensors:/home/pi/demo_testing_9_april/seav/install/my_robot_controller:/opt/ros/humble /usr/bin/cmake --install /home/pi/seav2/build/seav2
