[0.715s] Invoking command in '/home/pi/seav2/build/seav2': CMAKE_PREFIX_PATH=${CMAKE_PREFIX_PATH}:/home/pi/seav2/install/seav2_imu:/home/pi/seav2/install/robot_cam_ros:/home/pi/seav2/install/ball_tracker:/home/pi/ss25/install/wheel_odometry:/home/pi/ss25/install/vup_2k7:/home/pi/ss25/install/summary:/home/pi/ss25/install/safety_control:/home/pi/ss25/install/project:/home/pi/ss25/install/my_slam:/home/pi/ss25/install/my_motor_driver:/home/pi/ss25/install/final:/home/pi/ss25/install/description:/home/pi/ss25/install/bringup_pkg:/home/pi/ss25/src/summary/install/summary:/home/pi/ss25/src/install/wheel_odometry:/home/pi/ss25/src/install/summary:/home/pi/ss25/src/install/safety_control:/home/pi/ss25/src/install/project:/home/pi/ss25/src/install/my_motor_driver:/home/pi/ss25/src/install/description:/home/pi/ss25/src/install/bringup_pkg:/home/pi/install/summary:/home/pi/demo_testing_9_april/seav/install/yolov8_ros:/home/pi/demo_testing_9_april/seav/install/static_tf_publisher:/home/pi/demo_testing_9_april/seav/install/seav_test_sensors:/home/pi/demo_testing_9_april/seav/install/my_robot_controller:/opt/ros/humble /usr/bin/cmake --build /home/pi/seav2/build/seav2 -- -j4 -l4
[5.731s] Invoked command in '/home/pi/seav2/build/seav2' returned '0': CMAKE_PREFIX_PATH=${CMAKE_PREFIX_PATH}:/home/pi/seav2/install/seav2_imu:/home/pi/seav2/install/robot_cam_ros:/home/pi/seav2/install/ball_tracker:/home/pi/ss25/install/wheel_odometry:/home/pi/ss25/install/vup_2k7:/home/pi/ss25/install/summary:/home/pi/ss25/install/safety_control:/home/pi/ss25/install/project:/home/pi/ss25/install/my_slam:/home/pi/ss25/install/my_motor_driver:/home/pi/ss25/install/final:/home/pi/ss25/install/description:/home/pi/ss25/install/bringup_pkg:/home/pi/ss25/src/summary/install/summary:/home/pi/ss25/src/install/wheel_odometry:/home/pi/ss25/src/install/summary:/home/pi/ss25/src/install/safety_control:/home/pi/ss25/src/install/project:/home/pi/ss25/src/install/my_motor_driver:/home/pi/ss25/src/install/description:/home/pi/ss25/src/install/bringup_pkg:/home/pi/install/summary:/home/pi/demo_testing_9_april/seav/install/yolov8_ros:/home/pi/demo_testing_9_april/seav/install/static_tf_publisher:/home/pi/demo_testing_9_april/seav/install/seav_test_sensors:/home/pi/demo_testing_9_april/seav/install/my_robot_controller:/opt/ros/humble /usr/bin/cmake --build /home/pi/seav2/build/seav2 -- -j4 -l4
[5.756s] Invoking command in '/home/pi/seav2/build/seav2': CMAKE_PREFIX_PATH=${CMAKE_PREFIX_PATH}:/home/pi/seav2/install/seav2_imu:/home/pi/seav2/install/robot_cam_ros:/home/pi/seav2/install/ball_tracker:/home/pi/ss25/install/wheel_odometry:/home/pi/ss25/install/vup_2k7:/home/pi/ss25/install/summary:/home/pi/ss25/install/safety_control:/home/pi/ss25/install/project:/home/pi/ss25/install/my_slam:/home/pi/ss25/install/my_motor_driver:/home/pi/ss25/install/final:/home/pi/ss25/install/description:/home/pi/ss25/install/bringup_pkg:/home/pi/ss25/src/summary/install/summary:/home/pi/ss25/src/install/wheel_odometry:/home/pi/ss25/src/install/summary:/home/pi/ss25/src/install/safety_control:/home/pi/ss25/src/install/project:/home/pi/ss25/src/install/my_motor_driver:/home/pi/ss25/src/install/description:/home/pi/ss25/src/install/bringup_pkg:/home/pi/install/summary:/home/pi/demo_testing_9_april/seav/install/yolov8_ros:/home/pi/demo_testing_9_april/seav/install/static_tf_publisher:/home/pi/demo_testing_9_april/seav/install/seav_test_sensors:/home/pi/demo_testing_9_april/seav/install/my_robot_controller:/opt/ros/humble /usr/bin/cmake --install /home/pi/seav2/build/seav2
[5.855s] -- Install configuration: ""
[5.856s] -- Execute custom install script
[5.865s] -- Up-to-date symlink: /home/pi/seav2/install/seav2/share/seav2/config/drive_car.rviz
[5.866s] -- Up-to-date symlink: /home/pi/seav2/install/seav2/share/seav2/config/ekf_odom.yaml
[5.872s] -- Up-to-date symlink: /home/pi/seav2/install/seav2/share/seav2/config/gaz_ros2_ctl_use_sim.yaml
[5.875s] -- Up-to-date symlink: /home/pi/seav2/install/seav2/share/seav2/config/gazebo_params.yaml
[5.889s] -- Up-to-date symlink: /home/pi/seav2/install/seav2/share/seav2/config/imu_filter_madgwick.yaml
[5.890s] -- Up-to-date symlink: /home/pi/seav2/install/seav2/share/seav2/config/joystick.yaml
[5.891s] -- Up-to-date symlink: /home/pi/seav2/install/seav2/share/seav2/config/main.rviz
[5.910s] -- Up-to-date symlink: /home/pi/seav2/install/seav2/share/seav2/config/mapper_params_online_async.yaml
[5.911s] -- Up-to-date symlink: /home/pi/seav2/install/seav2/share/seav2/config/my_controllers.yaml
[5.916s] -- Up-to-date symlink: /home/pi/seav2/install/seav2/share/seav2/config/nav2_params.yaml
[5.917s] -- Up-to-date symlink: /home/pi/seav2/install/seav2/share/seav2/config/twist_mux.yaml
[5.918s] -- Up-to-date symlink: /home/pi/seav2/install/seav2/share/seav2/config/view_car.rviz
[5.920s] -- Up-to-date symlink: /home/pi/seav2/install/seav2/share/seav2/description/camera.xacro
[5.921s] -- Up-to-date symlink: /home/pi/seav2/install/seav2/share/seav2/description/depth_camera.xacro
[5.922s] -- Up-to-date symlink: /home/pi/seav2/install/seav2/share/seav2/description/gazebo_control.xacro
[5.923s] -- Up-to-date symlink: /home/pi/seav2/install/seav2/share/seav2/description/inertial_macros.xacro
[5.924s] -- Up-to-date symlink: /home/pi/seav2/install/seav2/share/seav2/description/lidar.xacro
[5.925s] -- Up-to-date symlink: /home/pi/seav2/install/seav2/share/seav2/description/robot.urdf.xacro
[5.926s] -- Up-to-date symlink: /home/pi/seav2/install/seav2/share/seav2/description/robot_core.xacro
[5.927s] -- Up-to-date symlink: /home/pi/seav2/install/seav2/share/seav2/description/ros2_control.xacro
[5.928s] -- Symlinking: /home/pi/seav2/install/seav2/share/seav2/launch/__pycache__/launch_robot.launch.cpython-310.pyc
[6.037s] -- Up-to-date symlink: /home/pi/seav2/install/seav2/share/seav2/launch/ekf.launch.py
[6.039s] -- Up-to-date symlink: /home/pi/seav2/install/seav2/share/seav2/launch/imu_tf.launch.py
[6.042s] -- Up-to-date symlink: /home/pi/seav2/install/seav2/share/seav2/launch/joystick.launch.py
[6.044s] -- Up-to-date symlink: /home/pi/seav2/install/seav2/share/seav2/launch/launch_robot.launch.py
[6.047s] -- Up-to-date symlink: /home/pi/seav2/install/seav2/share/seav2/launch/launch_sim.launch.py
[6.051s] -- Up-to-date symlink: /home/pi/seav2/install/seav2/share/seav2/launch/localization_launch.py
[6.056s] -- Up-to-date symlink: /home/pi/seav2/install/seav2/share/seav2/launch/navigation_launch.py
[6.061s] -- Up-to-date symlink: /home/pi/seav2/install/seav2/share/seav2/launch/online_async_launch.py
[6.066s] -- Up-to-date symlink: /home/pi/seav2/install/seav2/share/seav2/launch/rplidar.launch.py
[6.070s] -- Up-to-date symlink: /home/pi/seav2/install/seav2/share/seav2/launch/rsp.launch.py
[6.076s] -- Up-to-date symlink: /home/pi/seav2/install/seav2/share/seav2/worlds/empty.world
[6.080s] -- Up-to-date symlink: /home/pi/seav2/install/seav2/share/seav2/worlds/obstacles.world
[6.086s] -- Up-to-date symlink: /home/pi/seav2/install/seav2/share/ament_index/resource_index/package_run_dependencies/seav2
[6.093s] -- Up-to-date symlink: /home/pi/seav2/install/seav2/share/ament_index/resource_index/parent_prefix_path/seav2
[6.098s] -- Up-to-date symlink: /home/pi/seav2/install/seav2/share/seav2/environment/ament_prefix_path.sh
[6.103s] -- Up-to-date symlink: /home/pi/seav2/install/seav2/share/seav2/environment/ament_prefix_path.dsv
[6.109s] -- Up-to-date symlink: /home/pi/seav2/install/seav2/share/seav2/environment/path.sh
[6.119s] -- Up-to-date symlink: /home/pi/seav2/install/seav2/share/seav2/environment/path.dsv
[6.124s] -- Up-to-date symlink: /home/pi/seav2/install/seav2/share/seav2/local_setup.bash
[6.129s] -- Up-to-date symlink: /home/pi/seav2/install/seav2/share/seav2/local_setup.sh
[6.135s] -- Up-to-date symlink: /home/pi/seav2/install/seav2/share/seav2/local_setup.zsh
[6.140s] -- Up-to-date symlink: /home/pi/seav2/install/seav2/share/seav2/local_setup.dsv
[6.145s] -- Symlinking: /home/pi/seav2/install/seav2/share/seav2/package.dsv
[6.278s] -- Up-to-date symlink: /home/pi/seav2/install/seav2/share/ament_index/resource_index/packages/seav2
[6.285s] -- Up-to-date symlink: /home/pi/seav2/install/seav2/share/seav2/cmake/seav2Config.cmake
[6.311s] -- Up-to-date symlink: /home/pi/seav2/install/seav2/share/seav2/cmake/seav2Config-version.cmake
[6.318s] -- Up-to-date symlink: /home/pi/seav2/install/seav2/share/seav2/package.xml
[6.354s] Invoked command in '/home/pi/seav2/build/seav2' returned '0': CMAKE_PREFIX_PATH=${CMAKE_PREFIX_PATH}:/home/pi/seav2/install/seav2_imu:/home/pi/seav2/install/robot_cam_ros:/home/pi/seav2/install/ball_tracker:/home/pi/ss25/install/wheel_odometry:/home/pi/ss25/install/vup_2k7:/home/pi/ss25/install/summary:/home/pi/ss25/install/safety_control:/home/pi/ss25/install/project:/home/pi/ss25/install/my_slam:/home/pi/ss25/install/my_motor_driver:/home/pi/ss25/install/final:/home/pi/ss25/install/description:/home/pi/ss25/install/bringup_pkg:/home/pi/ss25/src/summary/install/summary:/home/pi/ss25/src/install/wheel_odometry:/home/pi/ss25/src/install/summary:/home/pi/ss25/src/install/safety_control:/home/pi/ss25/src/install/project:/home/pi/ss25/src/install/my_motor_driver:/home/pi/ss25/src/install/description:/home/pi/ss25/src/install/bringup_pkg:/home/pi/install/summary:/home/pi/demo_testing_9_april/seav/install/yolov8_ros:/home/pi/demo_testing_9_april/seav/install/static_tf_publisher:/home/pi/demo_testing_9_april/seav/install/seav_test_sensors:/home/pi/demo_testing_9_april/seav/install/my_robot_controller:/opt/ros/humble /usr/bin/cmake --install /home/pi/seav2/build/seav2
