[7.800s] Invoking command in '/home/pi/seav2/src/ball_tracker': PYTHONPATH=/home/pi/seav2/build/ball_tracker/prefix_override:/usr/lib/python3/dist-packages/colcon_core/task/python/colcon_distutils_commands:/home/pi/seav2/install/ball_tracker/lib/python3.10/site-packages:${PYTHONPATH} /usr/bin/python3 -W ignore:setup.py install is deprecated -W ignore:easy_install command is deprecated setup.py egg_info --egg-base ../../build/ball_tracker build --build-base /home/pi/seav2/build/ball_tracker/build install --record /home/pi/seav2/build/ball_tracker/install.log --install-scripts $base/lib/ball_tracker --single-version-externally-managed install_data
[10.118s] /usr/lib/python3/dist-packages/setuptools/dist.py:723: UserWarning: Usage of dash-separated 'script-dir' will not be supported in future versions. Please use the underscore name 'script_dir' instead
[10.119s]   warnings.warn(
[10.214s] running egg_info
[10.229s] writing ../../build/ball_tracker/ball_tracker.egg-info/PKG-INFO
[10.231s] writing dependency_links to ../../build/ball_tracker/ball_tracker.egg-info/dependency_links.txt
[10.237s] writing entry points to ../../build/ball_tracker/ball_tracker.egg-info/entry_points.txt
[10.242s] writing requirements to ../../build/ball_tracker/ball_tracker.egg-info/requires.txt
[10.245s] writing top-level names to ../../build/ball_tracker/ball_tracker.egg-info/top_level.txt
[10.260s] reading manifest file '../../build/ball_tracker/ball_tracker.egg-info/SOURCES.txt'
[10.272s] writing manifest file '../../build/ball_tracker/ball_tracker.egg-info/SOURCES.txt'
[10.282s] running build
[10.285s] running build_py
[10.286s] running install
[10.287s] running install_lib
[10.297s] running install_data
[10.299s] running install_egg_info
[10.310s] removing '/home/pi/seav2/install/ball_tracker/lib/python3.10/site-packages/ball_tracker-0.0.0-py3.10.egg-info' (and everything under it)
[10.312s] Copying ../../build/ball_tracker/ball_tracker.egg-info to /home/pi/seav2/install/ball_tracker/lib/python3.10/site-packages/ball_tracker-0.0.0-py3.10.egg-info
[10.323s] running install_scripts
[10.451s] Installing detect_ball script to /home/pi/seav2/install/ball_tracker/lib/ball_tracker
[10.452s] Installing detect_ball_3d script to /home/pi/seav2/install/ball_tracker/lib/ball_tracker
[10.453s] Installing follow_ball script to /home/pi/seav2/install/ball_tracker/lib/ball_tracker
[10.456s] writing list of installed files to '/home/pi/seav2/build/ball_tracker/install.log'
