[0.241s] Invoking command in '/home/pi/seav2/build/serial': CMAKE_PREFIX_PATH=${CMAKE_PREFIX_PATH}:/home/pi/seav2/install/robot_cam_ros:/home/pi/seav2/install/ball_tracker:/home/pi/ss25/install/wheel_odometry:/home/pi/ss25/install/vup_2k7:/home/pi/ss25/install/summary:/home/pi/ss25/install/safety_control:/home/pi/ss25/install/project:/home/pi/ss25/install/my_slam:/home/pi/ss25/install/my_motor_driver:/home/pi/ss25/install/final:/home/pi/ss25/install/description:/home/pi/ss25/install/bringup_pkg:/home/pi/ss25/src/summary/install/summary:/home/pi/ss25/src/install/wheel_odometry:/home/pi/ss25/src/install/summary:/home/pi/ss25/src/install/safety_control:/home/pi/ss25/src/install/project:/home/pi/ss25/src/install/my_motor_driver:/home/pi/ss25/src/install/description:/home/pi/ss25/src/install/bringup_pkg:/home/pi/install/summary:/home/pi/demo_testing_9_april/seav/install/yolov8_ros:/home/pi/demo_testing_9_april/seav/install/static_tf_publisher:/home/pi/demo_testing_9_april/seav/install/seav_test_sensors:/home/pi/demo_testing_9_april/seav/install/my_robot_controller:/opt/ros/humble /usr/bin/cmake --build /home/pi/seav2/build/serial -- -j4 -l4
[2.089s] [ 28%] Built target serial
[2.090s] [ 42%] Built target gtest
[2.090s] [ 57%] Built target gtest_main
[2.091s] [ 71%] Built target serial_example
[2.091s] [ 85%] Built target serial-test
[2.092s] [100%] Built target serial-test-timer
[2.152s] Invoked command in '/home/pi/seav2/build/serial' returned '0': CMAKE_PREFIX_PATH=${CMAKE_PREFIX_PATH}:/home/pi/seav2/install/robot_cam_ros:/home/pi/seav2/install/ball_tracker:/home/pi/ss25/install/wheel_odometry:/home/pi/ss25/install/vup_2k7:/home/pi/ss25/install/summary:/home/pi/ss25/install/safety_control:/home/pi/ss25/install/project:/home/pi/ss25/install/my_slam:/home/pi/ss25/install/my_motor_driver:/home/pi/ss25/install/final:/home/pi/ss25/install/description:/home/pi/ss25/install/bringup_pkg:/home/pi/ss25/src/summary/install/summary:/home/pi/ss25/src/install/wheel_odometry:/home/pi/ss25/src/install/summary:/home/pi/ss25/src/install/safety_control:/home/pi/ss25/src/install/project:/home/pi/ss25/src/install/my_motor_driver:/home/pi/ss25/src/install/description:/home/pi/ss25/src/install/bringup_pkg:/home/pi/install/summary:/home/pi/demo_testing_9_april/seav/install/yolov8_ros:/home/pi/demo_testing_9_april/seav/install/static_tf_publisher:/home/pi/demo_testing_9_april/seav/install/seav_test_sensors:/home/pi/demo_testing_9_april/seav/install/my_robot_controller:/opt/ros/humble /usr/bin/cmake --build /home/pi/seav2/build/serial -- -j4 -l4
[2.165s] Invoking command in '/home/pi/seav2/build/serial': CMAKE_PREFIX_PATH=${CMAKE_PREFIX_PATH}:/home/pi/seav2/install/robot_cam_ros:/home/pi/seav2/install/ball_tracker:/home/pi/ss25/install/wheel_odometry:/home/pi/ss25/install/vup_2k7:/home/pi/ss25/install/summary:/home/pi/ss25/install/safety_control:/home/pi/ss25/install/project:/home/pi/ss25/install/my_slam:/home/pi/ss25/install/my_motor_driver:/home/pi/ss25/install/final:/home/pi/ss25/install/description:/home/pi/ss25/install/bringup_pkg:/home/pi/ss25/src/summary/install/summary:/home/pi/ss25/src/install/wheel_odometry:/home/pi/ss25/src/install/summary:/home/pi/ss25/src/install/safety_control:/home/pi/ss25/src/install/project:/home/pi/ss25/src/install/my_motor_driver:/home/pi/ss25/src/install/description:/home/pi/ss25/src/install/bringup_pkg:/home/pi/install/summary:/home/pi/demo_testing_9_april/seav/install/yolov8_ros:/home/pi/demo_testing_9_april/seav/install/static_tf_publisher:/home/pi/demo_testing_9_april/seav/install/seav_test_sensors:/home/pi/demo_testing_9_april/seav/install/my_robot_controller:/opt/ros/humble /usr/bin/cmake --install /home/pi/seav2/build/serial
[3.988s] -- Install configuration: ""
[3.991s] -- Up-to-date: /home/pi/seav2/install/serial/lib/libserial.a
[3.992s] -- Up-to-date: /home/pi/seav2/install/serial/include/serial/serial.h
[3.993s] -- Up-to-date: /home/pi/seav2/install/serial/include/serial/v8stdint.h
[3.994s] -- Up-to-date: /home/pi/seav2/install/serial/share/serial/environment/library_path.sh
[3.995s] -- Up-to-date: /home/pi/seav2/install/serial/share/serial/environment/library_path.dsv
[3.996s] -- Up-to-date: /home/pi/seav2/install/serial/share/ament_index/resource_index/package_run_dependencies/serial
[3.996s] -- Up-to-date: /home/pi/seav2/install/serial/share/ament_index/resource_index/parent_prefix_path/serial
[3.997s] -- Up-to-date: /home/pi/seav2/install/serial/share/serial/environment/ament_prefix_path.sh
[3.998s] -- Up-to-date: /home/pi/seav2/install/serial/share/serial/environment/ament_prefix_path.dsv
[3.999s] -- Up-to-date: /home/pi/seav2/install/serial/share/serial/environment/path.sh
[3.999s] -- Up-to-date: /home/pi/seav2/install/serial/share/serial/environment/path.dsv
[4.003s] -- Up-to-date: /home/pi/seav2/install/serial/share/serial/local_setup.bash
[4.003s] -- Up-to-date: /home/pi/seav2/install/serial/share/serial/local_setup.sh
[4.004s] -- Up-to-date: /home/pi/seav2/install/serial/share/serial/local_setup.zsh
[4.005s] -- Up-to-date: /home/pi/seav2/install/serial/share/serial/local_setup.dsv
[4.006s] -- Installing: /home/pi/seav2/install/serial/share/serial/package.dsv
[4.006s] -- Up-to-date: /home/pi/seav2/install/serial/share/ament_index/resource_index/packages/serial
[4.007s] -- Up-to-date: /home/pi/seav2/install/serial/share/serial/cmake/ament_cmake_export_include_directories-extras.cmake
[4.008s] -- Up-to-date: /home/pi/seav2/install/serial/share/serial/cmake/ament_cmake_export_libraries-extras.cmake
[4.009s] -- Up-to-date: /home/pi/seav2/install/serial/share/serial/cmake/serialConfig.cmake
[4.009s] -- Up-to-date: /home/pi/seav2/install/serial/share/serial/cmake/serialConfig-version.cmake
[4.010s] -- Up-to-date: /home/pi/seav2/install/serial/share/serial/package.xml
[4.105s] Invoked command in '/home/pi/seav2/build/serial' returned '0': CMAKE_PREFIX_PATH=${CMAKE_PREFIX_PATH}:/home/pi/seav2/install/robot_cam_ros:/home/pi/seav2/install/ball_tracker:/home/pi/ss25/install/wheel_odometry:/home/pi/ss25/install/vup_2k7:/home/pi/ss25/install/summary:/home/pi/ss25/install/safety_control:/home/pi/ss25/install/project:/home/pi/ss25/install/my_slam:/home/pi/ss25/install/my_motor_driver:/home/pi/ss25/install/final:/home/pi/ss25/install/description:/home/pi/ss25/install/bringup_pkg:/home/pi/ss25/src/summary/install/summary:/home/pi/ss25/src/install/wheel_odometry:/home/pi/ss25/src/install/summary:/home/pi/ss25/src/install/safety_control:/home/pi/ss25/src/install/project:/home/pi/ss25/src/install/my_motor_driver:/home/pi/ss25/src/install/description:/home/pi/ss25/src/install/bringup_pkg:/home/pi/install/summary:/home/pi/demo_testing_9_april/seav/install/yolov8_ros:/home/pi/demo_testing_9_april/seav/install/static_tf_publisher:/home/pi/demo_testing_9_april/seav/install/seav_test_sensors:/home/pi/demo_testing_9_april/seav/install/my_robot_controller:/opt/ros/humble /usr/bin/cmake --install /home/pi/seav2/build/serial
