[17.246s] Invoking command in '/home/pi/seav2/build/robot_cam_ros': PYTHONPATH=/home/pi/seav2/build/robot_cam_ros/prefix_override:/usr/lib/python3/dist-packages/colcon_core/task/python/colcon_distutils_commands:/home/pi/seav2/install/robot_cam_ros/lib/python3.10/site-packages:${PYTHONPATH} /usr/bin/python3 -W ignore:setup.py install is deprecated -W ignore:easy_install command is deprecated setup.py develop --editable --build-directory /home/pi/seav2/build/robot_cam_ros/build --no-deps symlink_data --force
[22.340s] running develop
[25.688s] running egg_info
[25.696s] writing robot_cam_ros.egg-info/PKG-INFO
[25.707s] writing dependency_links to robot_cam_ros.egg-info/dependency_links.txt
[25.711s] writing entry points to robot_cam_ros.egg-info/entry_points.txt
[25.716s] writing requirements to robot_cam_ros.egg-info/requires.txt
[25.719s] writing top-level names to robot_cam_ros.egg-info/top_level.txt
[25.765s] reading manifest file 'robot_cam_ros.egg-info/SOURCES.txt'
[25.773s] writing manifest file 'robot_cam_ros.egg-info/SOURCES.txt'
[25.802s] running build_ext
[25.804s] Creating /home/pi/seav2/install/robot_cam_ros/lib/python3.10/site-packages/robot-cam-ros.egg-link (link to .)
[25.817s] Installing follow_cam script to /home/pi/seav2/install/robot_cam_ros/lib/robot_cam_ros
[25.821s] 
[25.822s] Installed /home/pi/seav2/build/robot_cam_ros
[25.824s] running symlink_data
[25.825s] symbolically linking /home/pi/seav2/build/robot_cam_ros/resource/robot_cam_ros -> /home/pi/seav2/install/robot_cam_ros/share/ament_index/resource_index/packages
[25.827s] symbolically linking /home/pi/seav2/build/robot_cam_ros/package.xml -> /home/pi/seav2/install/robot_cam_ros/share/robot_cam_ros
[25.830s] symbolically linking /home/pi/seav2/build/robot_cam_ros/launch/follow_cam.launch.py -> /home/pi/seav2/install/robot_cam_ros/share/robot_cam_ros/launch
[26.460s] Invoked command in '/home/pi/seav2/build/robot_cam_ros' returned '0': PYTHONPATH=/home/pi/seav2/build/robot_cam_ros/prefix_override:/usr/lib/python3/dist-packages/colcon_core/task/python/colcon_distutils_commands:/home/pi/seav2/install/robot_cam_ros/lib/python3.10/site-packages:${PYTHONPATH} /usr/bin/python3 -W ignore:setup.py install is deprecated -W ignore:easy_install command is deprecated setup.py develop --editable --build-directory /home/pi/seav2/build/robot_cam_ros/build --no-deps symlink_data --force
