running develop
Removing /home/pi/seav2/install/seav2_imu/lib/python3.10/site-packages/seav2-imu.egg-link (link to .)
running egg_info
writing ../../build/seav2_imu/seav2_imu.egg-info/PKG-INFO
writing dependency_links to ../../build/seav2_imu/seav2_imu.egg-info/dependency_links.txt
writing entry points to ../../build/seav2_imu/seav2_imu.egg-info/entry_points.txt
writing requirements to ../../build/seav2_imu/seav2_imu.egg-info/requires.txt
writing top-level names to ../../build/seav2_imu/seav2_imu.egg-info/top_level.txt
reading manifest file '../../build/seav2_imu/seav2_imu.egg-info/SOURCES.txt'
writing manifest file '../../build/seav2_imu/seav2_imu.egg-info/SOURCES.txt'
running build
running build_py
creating /home/pi/seav2/build/seav2_imu/build
creating /home/pi/seav2/build/seav2_imu/build/lib
creating /home/pi/seav2/build/seav2_imu/build/lib/seav2_imu
copying seav2_imu/__init__.py -> /home/pi/seav2/build/seav2_imu/build/lib/seav2_imu
copying seav2_imu/mpu6050_node.py -> /home/pi/seav2/build/seav2_imu/build/lib/seav2_imu
running install
running install_lib
creating /home/pi/seav2/install/seav2_imu/lib/python3.10/site-packages/seav2_imu
copying /home/pi/seav2/build/seav2_imu/build/lib/seav2_imu/__init__.py -> /home/pi/seav2/install/seav2_imu/lib/python3.10/site-packages/seav2_imu
copying /home/pi/seav2/build/seav2_imu/build/lib/seav2_imu/mpu6050_node.py -> /home/pi/seav2/install/seav2_imu/lib/python3.10/site-packages/seav2_imu
byte-compiling /home/pi/seav2/install/seav2_imu/lib/python3.10/site-packages/seav2_imu/__init__.py to __init__.cpython-310.pyc
byte-compiling /home/pi/seav2/install/seav2_imu/lib/python3.10/site-packages/seav2_imu/mpu6050_node.py to mpu6050_node.cpython-310.pyc
running install_data
copying resource/seav2_imu -> /home/pi/seav2/install/seav2_imu/share/ament_index/resource_index/packages
copying package.xml -> /home/pi/seav2/install/seav2_imu/share/seav2_imu
running install_egg_info
Copying ../../build/seav2_imu/seav2_imu.egg-info to /home/pi/seav2/install/seav2_imu/lib/python3.10/site-packages/seav2_imu-0.0.0-py3.10.egg-info
running install_scripts
Installing mpu6050_node script to /home/pi/seav2/install/seav2_imu/lib/seav2_imu
writing list of installed files to '/home/pi/seav2/build/seav2_imu/install.log'
