[11.981s] Invoking command in '/home/pi/seav2/build/seav2_imu': PYTHONPATH=/home/pi/seav2/build/seav2_imu/prefix_override:/usr/lib/python3/dist-packages/colcon_core/task/python/colcon_distutils_commands:/home/pi/seav2/install/seav2_imu/lib/python3.10/site-packages:${PYTHONPATH} /usr/bin/python3 -W ignore:setup.py install is deprecated -W ignore:easy_install command is deprecated setup.py develop --uninstall --editable --build-directory /home/pi/seav2/build/seav2_imu/build
[17.042s] running develop
[21.337s] Removing /home/pi/seav2/install/seav2_imu/lib/python3.10/site-packages/seav2-imu.egg-link (link to .)
[21.633s] Invoked command in '/home/pi/seav2/build/seav2_imu' returned '0': PYTHONPATH=/home/pi/seav2/build/seav2_imu/prefix_override:/usr/lib/python3/dist-packages/colcon_core/task/python/colcon_distutils_commands:/home/pi/seav2/install/seav2_imu/lib/python3.10/site-packages:${PYTHONPATH} /usr/bin/python3 -W ignore:setup.py install is deprecated -W ignore:easy_install command is deprecated setup.py develop --uninstall --editable --build-directory /home/pi/seav2/build/seav2_imu/build
[21.654s] Invoking command in '/home/pi/seav2/src/seav2_imu': PYTHONPATH=/home/pi/seav2/build/seav2_imu/prefix_override:/usr/lib/python3/dist-packages/colcon_core/task/python/colcon_distutils_commands:/home/pi/seav2/install/seav2_imu/lib/python3.10/site-packages:${PYTHONPATH} /usr/bin/python3 -W ignore:setup.py install is deprecated -W ignore:easy_install command is deprecated setup.py egg_info --egg-base ../../build/seav2_imu build --build-base /home/pi/seav2/build/seav2_imu/build install --record /home/pi/seav2/build/seav2_imu/install.log --single-version-externally-managed install_data --force
[28.422s] running egg_info
[28.432s] writing ../../build/seav2_imu/seav2_imu.egg-info/PKG-INFO
[28.443s] writing dependency_links to ../../build/seav2_imu/seav2_imu.egg-info/dependency_links.txt
[28.447s] writing entry points to ../../build/seav2_imu/seav2_imu.egg-info/entry_points.txt
[28.452s] writing requirements to ../../build/seav2_imu/seav2_imu.egg-info/requires.txt
[28.453s] writing top-level names to ../../build/seav2_imu/seav2_imu.egg-info/top_level.txt
[28.475s] reading manifest file '../../build/seav2_imu/seav2_imu.egg-info/SOURCES.txt'
[28.485s] writing manifest file '../../build/seav2_imu/seav2_imu.egg-info/SOURCES.txt'
[28.491s] running build
[28.496s] running build_py
[28.497s] creating /home/pi/seav2/build/seav2_imu/build
[28.498s] creating /home/pi/seav2/build/seav2_imu/build/lib
[28.500s] creating /home/pi/seav2/build/seav2_imu/build/lib/seav2_imu
[28.516s] copying seav2_imu/__init__.py -> /home/pi/seav2/build/seav2_imu/build/lib/seav2_imu
[28.517s] copying seav2_imu/mpu6050_node.py -> /home/pi/seav2/build/seav2_imu/build/lib/seav2_imu
[28.518s] running install
[28.519s] running install_lib
[28.520s] creating /home/pi/seav2/install/seav2_imu/lib/python3.10/site-packages/seav2_imu
[28.521s] copying /home/pi/seav2/build/seav2_imu/build/lib/seav2_imu/__init__.py -> /home/pi/seav2/install/seav2_imu/lib/python3.10/site-packages/seav2_imu
[28.540s] copying /home/pi/seav2/build/seav2_imu/build/lib/seav2_imu/mpu6050_node.py -> /home/pi/seav2/install/seav2_imu/lib/python3.10/site-packages/seav2_imu
[28.547s] byte-compiling /home/pi/seav2/install/seav2_imu/lib/python3.10/site-packages/seav2_imu/__init__.py to __init__.cpython-310.pyc
[28.548s] byte-compiling /home/pi/seav2/install/seav2_imu/lib/python3.10/site-packages/seav2_imu/mpu6050_node.py to mpu6050_node.cpython-310.pyc
[28.550s] running install_data
[28.551s] copying resource/seav2_imu -> /home/pi/seav2/install/seav2_imu/share/ament_index/resource_index/packages
[28.552s] copying package.xml -> /home/pi/seav2/install/seav2_imu/share/seav2_imu
[28.553s] running install_egg_info
[28.571s] Copying ../../build/seav2_imu/seav2_imu.egg-info to /home/pi/seav2/install/seav2_imu/lib/python3.10/site-packages/seav2_imu-0.0.0-py3.10.egg-info
[28.589s] running install_scripts
[28.933s] Installing mpu6050_node script to /home/pi/seav2/install/seav2_imu/lib/seav2_imu
[28.951s] writing list of installed files to '/home/pi/seav2/build/seav2_imu/install.log'
[29.458s] Invoked command in '/home/pi/seav2/src/seav2_imu' returned '0': PYTHONPATH=/home/pi/seav2/build/seav2_imu/prefix_override:/usr/lib/python3/dist-packages/colcon_core/task/python/colcon_distutils_commands:/home/pi/seav2/install/seav2_imu/lib/python3.10/site-packages:${PYTHONPATH} /usr/bin/python3 -W ignore:setup.py install is deprecated -W ignore:easy_install command is deprecated setup.py egg_info --egg-base ../../build/seav2_imu build --build-base /home/pi/seav2/build/seav2_imu/build install --record /home/pi/seav2/build/seav2_imu/install.log --single-version-externally-managed install_data --force
