[11.661s] Invoking command in '/home/pi/seav2/src/seav2_imu': PYTHONPATH=/home/pi/seav2/build/seav2_imu/prefix_override:/usr/lib/python3/dist-packages/colcon_core/task/python/colcon_distutils_commands:/home/pi/seav2/install/seav2_imu/lib/python3.10/site-packages:${PYTHONPATH} /usr/bin/python3 -W ignore:setup.py install is deprecated -W ignore:easy_install command is deprecated setup.py egg_info --egg-base ../../build/seav2_imu build --build-base /home/pi/seav2/build/seav2_imu/build install --record /home/pi/seav2/build/seav2_imu/install.log --single-version-externally-managed install_data
[15.668s] running egg_info
[15.675s] writing ../../build/seav2_imu/seav2_imu.egg-info/PKG-INFO
[15.677s] writing dependency_links to ../../build/seav2_imu/seav2_imu.egg-info/dependency_links.txt
[15.680s] writing entry points to ../../build/seav2_imu/seav2_imu.egg-info/entry_points.txt
[15.682s] writing requirements to ../../build/seav2_imu/seav2_imu.egg-info/requires.txt
[15.683s] writing top-level names to ../../build/seav2_imu/seav2_imu.egg-info/top_level.txt
[15.703s] reading manifest file '../../build/seav2_imu/seav2_imu.egg-info/SOURCES.txt'
[15.713s] writing manifest file '../../build/seav2_imu/seav2_imu.egg-info/SOURCES.txt'
[15.715s] running build
[15.716s] running build_py
[15.718s] running install
[15.721s] running install_lib
[15.737s] running install_data
[15.739s] running install_egg_info
[15.760s] removing '/home/pi/seav2/install/seav2_imu/lib/python3.10/site-packages/seav2_imu-0.0.0-py3.10.egg-info' (and everything under it)
[15.765s] Copying ../../build/seav2_imu/seav2_imu.egg-info to /home/pi/seav2/install/seav2_imu/lib/python3.10/site-packages/seav2_imu-0.0.0-py3.10.egg-info
[15.781s] running install_scripts
[16.015s] Installing mpu6050_node script to /home/pi/seav2/install/seav2_imu/lib/seav2_imu
[16.019s] writing list of installed files to '/home/pi/seav2/build/seav2_imu/install.log'
