[7.569s] Invoking command in '/home/pi/seav2/src/ball_tracker': PYTHONPATH=/home/pi/seav2/build/ball_tracker/prefix_override:/usr/lib/python3/dist-packages/colcon_core/task/python/colcon_distutils_commands:/home/pi/seav2/install/ball_tracker/lib/python3.10/site-packages:${PYTHONPATH} /usr/bin/python3 -W ignore:setup.py install is deprecated -W ignore:easy_install command is deprecated setup.py egg_info --egg-base ../../build/ball_tracker build --build-base /home/pi/seav2/build/ball_tracker/build install --record /home/pi/seav2/build/ball_tracker/install.log --install-scripts $base/lib/ball_tracker --single-version-externally-managed install_data
[10.054s] /usr/lib/python3/dist-packages/setuptools/dist.py:723: UserWarning: Usage of dash-separated 'script-dir' will not be supported in future versions. Please use the underscore name 'script_dir' instead
[10.054s]   warnings.warn(
[10.121s] running egg_info
[10.133s] writing ../../build/ball_tracker/ball_tracker.egg-info/PKG-INFO
[10.135s] writing dependency_links to ../../build/ball_tracker/ball_tracker.egg-info/dependency_links.txt
[10.136s] writing entry points to ../../build/ball_tracker/ball_tracker.egg-info/entry_points.txt
[10.138s] writing requirements to ../../build/ball_tracker/ball_tracker.egg-info/requires.txt
[10.139s] writing top-level names to ../../build/ball_tracker/ball_tracker.egg-info/top_level.txt
[10.151s] reading manifest file '../../build/ball_tracker/ball_tracker.egg-info/SOURCES.txt'
[10.158s] writing manifest file '../../build/ball_tracker/ball_tracker.egg-info/SOURCES.txt'
[10.159s] running build
[10.160s] running build_py
[10.164s] running install
[10.165s] running install_lib
[10.178s] running install_data
[10.180s] running install_egg_info
[10.193s] removing '/home/pi/seav2/install/ball_tracker/lib/python3.10/site-packages/ball_tracker-0.0.0-py3.10.egg-info' (and everything under it)
[10.196s] Copying ../../build/ball_tracker/ball_tracker.egg-info to /home/pi/seav2/install/ball_tracker/lib/python3.10/site-packages/ball_tracker-0.0.0-py3.10.egg-info
[10.215s] running install_scripts
[10.407s] Installing detect_ball script to /home/pi/seav2/install/ball_tracker/lib/ball_tracker
[10.408s] Installing detect_ball_3d script to /home/pi/seav2/install/ball_tracker/lib/ball_tracker
[10.411s] Installing follow_ball script to /home/pi/seav2/install/ball_tracker/lib/ball_tracker
[10.415s] writing list of installed files to '/home/pi/seav2/build/ball_tracker/install.log'
