[14.884s] Invoking command in '/home/pi/seav2/build/ball_tracker': PYTHONPATH=/home/pi/seav2/build/ball_tracker/prefix_override:/usr/lib/python3/dist-packages/colcon_core/task/python/colcon_distutils_commands:/home/pi/seav2/install/ball_tracker/lib/python3.10/site-packages:${PYTHONPATH} /usr/bin/python3 -W ignore:setup.py install is deprecated -W ignore:easy_install command is deprecated setup.py develop --editable --build-directory /home/pi/seav2/build/ball_tracker/build --no-deps symlink_data
[19.536s] /usr/lib/python3/dist-packages/setuptools/dist.py:723: UserWarning: Usage of dash-separated 'script-dir' will not be supported in future versions. Please use the underscore name 'script_dir' instead
[19.537s]   warnings.warn(
[19.924s] running develop
[25.731s] running egg_info
[25.736s] writing ball_tracker.egg-info/PKG-INFO
[25.742s] writing dependency_links to ball_tracker.egg-info/dependency_links.txt
[25.744s] writing entry points to ball_tracker.egg-info/entry_points.txt
[25.745s] writing requirements to ball_tracker.egg-info/requires.txt
[25.746s] writing top-level names to ball_tracker.egg-info/top_level.txt
[25.764s] reading manifest file 'ball_tracker.egg-info/SOURCES.txt'
[25.777s] writing manifest file 'ball_tracker.egg-info/SOURCES.txt'
[25.816s] running build_ext
[25.818s] Creating /home/pi/seav2/install/ball_tracker/lib/python3.10/site-packages/ball-tracker.egg-link (link to .)
[25.829s] Installing detect_ball script to /home/pi/seav2/install/ball_tracker/lib/ball_tracker
[25.831s] Installing detect_ball_3d script to /home/pi/seav2/install/ball_tracker/lib/ball_tracker
[25.833s] Installing follow_ball script to /home/pi/seav2/install/ball_tracker/lib/ball_tracker
[25.836s] 
[25.837s] Installed /home/pi/seav2/build/ball_tracker
[25.838s] running symlink_data
