[8.563s] Invoking command in '/home/pi/seav2/src/ball_tracker': PYTHONPATH=/home/pi/seav2/build/ball_tracker/prefix_override:/usr/lib/python3/dist-packages/colcon_core/task/python/colcon_distutils_commands:/home/pi/seav2/install/ball_tracker/lib/python3.10/site-packages:${PYTHONPATH} /usr/bin/python3 -W ignore:setup.py install is deprecated -W ignore:easy_install command is deprecated setup.py egg_info --egg-base ../../build/ball_tracker build --build-base /home/pi/seav2/build/ball_tracker/build install --record /home/pi/seav2/build/ball_tracker/install.log --install-scripts $base/lib/ball_tracker --single-version-externally-managed install_data
[11.317s] /usr/lib/python3/dist-packages/setuptools/dist.py:723: UserWarning: Usage of dash-separated 'script-dir' will not be supported in future versions. Please use the underscore name 'script_dir' instead
[11.317s]   warnings.warn(
[11.372s] running egg_info
[11.384s] writing ../../build/ball_tracker/ball_tracker.egg-info/PKG-INFO
[11.386s] writing dependency_links to ../../build/ball_tracker/ball_tracker.egg-info/dependency_links.txt
[11.388s] writing entry points to ../../build/ball_tracker/ball_tracker.egg-info/entry_points.txt
[11.390s] writing requirements to ../../build/ball_tracker/ball_tracker.egg-info/requires.txt
[11.393s] writing top-level names to ../../build/ball_tracker/ball_tracker.egg-info/top_level.txt
[11.407s] reading manifest file '../../build/ball_tracker/ball_tracker.egg-info/SOURCES.txt'
[11.413s] writing manifest file '../../build/ball_tracker/ball_tracker.egg-info/SOURCES.txt'
[11.414s] running build
[11.414s] running build_py
[11.417s] running install
[11.419s] running install_lib
[11.430s] running install_data
[11.434s] running install_egg_info
[11.444s] removing '/home/pi/seav2/install/ball_tracker/lib/python3.10/site-packages/ball_tracker-0.0.0-py3.10.egg-info' (and everything under it)
[11.446s] Copying ../../build/ball_tracker/ball_tracker.egg-info to /home/pi/seav2/install/ball_tracker/lib/python3.10/site-packages/ball_tracker-0.0.0-py3.10.egg-info
[11.457s] running install_scripts
[11.621s] Installing detect_ball script to /home/pi/seav2/install/ball_tracker/lib/ball_tracker
[11.631s] Installing detect_ball_3d script to /home/pi/seav2/install/ball_tracker/lib/ball_tracker
[11.639s] Installing follow_ball script to /home/pi/seav2/install/ball_tracker/lib/ball_tracker
[11.642s] writing list of installed files to '/home/pi/seav2/build/ball_tracker/install.log'
