[0.248s] Invoking command in '/home/pi/seav2/build/serial': CMAKE_PREFIX_PATH=${CMAKE_PREFIX_PATH}:/home/pi/seav2/install/robot_cam_ros:/home/pi/seav2/install/ball_tracker:/home/pi/ss25/install/wheel_odometry:/home/pi/ss25/install/vup_2k7:/home/pi/ss25/install/summary:/home/pi/ss25/install/safety_control:/home/pi/ss25/install/project:/home/pi/ss25/install/my_slam:/home/pi/ss25/install/my_motor_driver:/home/pi/ss25/install/final:/home/pi/ss25/install/description:/home/pi/ss25/install/bringup_pkg:/home/pi/ss25/src/summary/install/summary:/home/pi/ss25/src/install/wheel_odometry:/home/pi/ss25/src/install/summary:/home/pi/ss25/src/install/safety_control:/home/pi/ss25/src/install/project:/home/pi/ss25/src/install/my_motor_driver:/home/pi/ss25/src/install/description:/home/pi/ss25/src/install/bringup_pkg:/home/pi/install/summary:/home/pi/demo_testing_9_april/seav/install/yolov8_ros:/home/pi/demo_testing_9_april/seav/install/static_tf_publisher:/home/pi/demo_testing_9_april/seav/install/seav_test_sensors:/home/pi/demo_testing_9_april/seav/install/my_robot_controller:/opt/ros/humble /usr/bin/cmake --build /home/pi/seav2/build/serial -- -j4 -l4
[2.162s] [ 28%] Built target serial
[2.163s] [ 42%] Built target gtest
[2.164s] [ 57%] Built target gtest_main
[2.164s] [ 71%] Built target serial_example
[2.165s] [ 85%] Built target serial-test
[2.165s] [100%] Built target serial-test-timer
[4.008s] Invoked command in '/home/pi/seav2/build/serial' returned '0': CMAKE_PREFIX_PATH=${CMAKE_PREFIX_PATH}:/home/pi/seav2/install/robot_cam_ros:/home/pi/seav2/install/ball_tracker:/home/pi/ss25/install/wheel_odometry:/home/pi/ss25/install/vup_2k7:/home/pi/ss25/install/summary:/home/pi/ss25/install/safety_control:/home/pi/ss25/install/project:/home/pi/ss25/install/my_slam:/home/pi/ss25/install/my_motor_driver:/home/pi/ss25/install/final:/home/pi/ss25/install/description:/home/pi/ss25/install/bringup_pkg:/home/pi/ss25/src/summary/install/summary:/home/pi/ss25/src/install/wheel_odometry:/home/pi/ss25/src/install/summary:/home/pi/ss25/src/install/safety_control:/home/pi/ss25/src/install/project:/home/pi/ss25/src/install/my_motor_driver:/home/pi/ss25/src/install/description:/home/pi/ss25/src/install/bringup_pkg:/home/pi/install/summary:/home/pi/demo_testing_9_april/seav/install/yolov8_ros:/home/pi/demo_testing_9_april/seav/install/static_tf_publisher:/home/pi/demo_testing_9_april/seav/install/seav_test_sensors:/home/pi/demo_testing_9_april/seav/install/my_robot_controller:/opt/ros/humble /usr/bin/cmake --build /home/pi/seav2/build/serial -- -j4 -l4
[4.021s] Invoking command in '/home/pi/seav2/build/serial': CMAKE_PREFIX_PATH=${CMAKE_PREFIX_PATH}:/home/pi/seav2/install/robot_cam_ros:/home/pi/seav2/install/ball_tracker:/home/pi/ss25/install/wheel_odometry:/home/pi/ss25/install/vup_2k7:/home/pi/ss25/install/summary:/home/pi/ss25/install/safety_control:/home/pi/ss25/install/project:/home/pi/ss25/install/my_slam:/home/pi/ss25/install/my_motor_driver:/home/pi/ss25/install/final:/home/pi/ss25/install/description:/home/pi/ss25/install/bringup_pkg:/home/pi/ss25/src/summary/install/summary:/home/pi/ss25/src/install/wheel_odometry:/home/pi/ss25/src/install/summary:/home/pi/ss25/src/install/safety_control:/home/pi/ss25/src/install/project:/home/pi/ss25/src/install/my_motor_driver:/home/pi/ss25/src/install/description:/home/pi/ss25/src/install/bringup_pkg:/home/pi/install/summary:/home/pi/demo_testing_9_april/seav/install/yolov8_ros:/home/pi/demo_testing_9_april/seav/install/static_tf_publisher:/home/pi/demo_testing_9_april/seav/install/seav_test_sensors:/home/pi/demo_testing_9_april/seav/install/my_robot_controller:/opt/ros/humble /usr/bin/cmake --install /home/pi/seav2/build/serial
[4.117s] -- Install configuration: ""
[4.118s] -- Up-to-date: /home/pi/seav2/install/serial/lib/libserial.a
[4.118s] -- Up-to-date: /home/pi/seav2/install/serial/include/serial/serial.h
[4.119s] -- Up-to-date: /home/pi/seav2/install/serial/include/serial/v8stdint.h
[4.119s] -- Up-to-date: /home/pi/seav2/install/serial/share/serial/environment/library_path.sh
[4.119s] -- Up-to-date: /home/pi/seav2/install/serial/share/serial/environment/library_path.dsv
[4.120s] -- Up-to-date: /home/pi/seav2/install/serial/share/ament_index/resource_index/package_run_dependencies/serial
[4.120s] -- Up-to-date: /home/pi/seav2/install/serial/share/ament_index/resource_index/parent_prefix_path/serial
[4.121s] -- Up-to-date: /home/pi/seav2/install/serial/share/serial/environment/ament_prefix_path.sh
[4.121s] -- Up-to-date: /home/pi/seav2/install/serial/share/serial/environment/ament_prefix_path.dsv
[4.122s] -- Up-to-date: /home/pi/seav2/install/serial/share/serial/environment/path.sh
[4.122s] -- Up-to-date: /home/pi/seav2/install/serial/share/serial/environment/path.dsv
[4.123s] -- Up-to-date: /home/pi/seav2/install/serial/share/serial/local_setup.bash
[4.123s] -- Up-to-date: /home/pi/seav2/install/serial/share/serial/local_setup.sh
[4.124s] -- Up-to-date: /home/pi/seav2/install/serial/share/serial/local_setup.zsh
[4.125s] -- Up-to-date: /home/pi/seav2/install/serial/share/serial/local_setup.dsv
[4.125s] -- Installing: /home/pi/seav2/install/serial/share/serial/package.dsv
[4.126s] -- Up-to-date: /home/pi/seav2/install/serial/share/ament_index/resource_index/packages/serial
[4.127s] -- Up-to-date: /home/pi/seav2/install/serial/share/serial/cmake/ament_cmake_export_include_directories-extras.cmake
[4.129s] -- Up-to-date: /home/pi/seav2/install/serial/share/serial/cmake/ament_cmake_export_libraries-extras.cmake
[4.131s] -- Up-to-date: /home/pi/seav2/install/serial/share/serial/cmake/serialConfig.cmake
[4.132s] -- Up-to-date: /home/pi/seav2/install/serial/share/serial/cmake/serialConfig-version.cmake
[4.133s] -- Up-to-date: /home/pi/seav2/install/serial/share/serial/package.xml
[4.309s] Invoked command in '/home/pi/seav2/build/serial' returned '0': CMAKE_PREFIX_PATH=${CMAKE_PREFIX_PATH}:/home/pi/seav2/install/robot_cam_ros:/home/pi/seav2/install/ball_tracker:/home/pi/ss25/install/wheel_odometry:/home/pi/ss25/install/vup_2k7:/home/pi/ss25/install/summary:/home/pi/ss25/install/safety_control:/home/pi/ss25/install/project:/home/pi/ss25/install/my_slam:/home/pi/ss25/install/my_motor_driver:/home/pi/ss25/install/final:/home/pi/ss25/install/description:/home/pi/ss25/install/bringup_pkg:/home/pi/ss25/src/summary/install/summary:/home/pi/ss25/src/install/wheel_odometry:/home/pi/ss25/src/install/summary:/home/pi/ss25/src/install/safety_control:/home/pi/ss25/src/install/project:/home/pi/ss25/src/install/my_motor_driver:/home/pi/ss25/src/install/description:/home/pi/ss25/src/install/bringup_pkg:/home/pi/install/summary:/home/pi/demo_testing_9_april/seav/install/yolov8_ros:/home/pi/demo_testing_9_april/seav/install/static_tf_publisher:/home/pi/demo_testing_9_april/seav/install/seav_test_sensors:/home/pi/demo_testing_9_april/seav/install/my_robot_controller:/opt/ros/humble /usr/bin/cmake --install /home/pi/seav2/build/serial
