[15.437s] Invoking command in '/home/pi/seav2/build/ball_tracker': PYTHONPATH=/home/pi/seav2/build/ball_tracker/prefix_override:/usr/lib/python3/dist-packages/colcon_core/task/python/colcon_distutils_commands:/home/pi/seav2/install/ball_tracker/lib/python3.10/site-packages:${PYTHONPATH} /usr/bin/python3 -W ignore:setup.py install is deprecated -W ignore:easy_install command is deprecated setup.py develop --editable --build-directory /home/pi/seav2/build/ball_tracker/build --no-deps symlink_data
[19.815s] /usr/lib/python3/dist-packages/setuptools/dist.py:723: UserWarning: Usage of dash-separated 'script-dir' will not be supported in future versions. Please use the underscore name 'script_dir' instead
[19.817s]   warnings.warn(
[20.199s] running develop
[23.549s] running egg_info
[23.552s] writing ball_tracker.egg-info/PKG-INFO
[23.556s] writing dependency_links to ball_tracker.egg-info/dependency_links.txt
[23.561s] writing entry points to ball_tracker.egg-info/entry_points.txt
[23.565s] writing requirements to ball_tracker.egg-info/requires.txt
[23.568s] writing top-level names to ball_tracker.egg-info/top_level.txt
[23.591s] reading manifest file 'ball_tracker.egg-info/SOURCES.txt'
[23.608s] writing manifest file 'ball_tracker.egg-info/SOURCES.txt'
[23.634s] running build_ext
[23.638s] Creating /home/pi/seav2/install/ball_tracker/lib/python3.10/site-packages/ball-tracker.egg-link (link to .)
[23.651s] Installing detect_ball script to /home/pi/seav2/install/ball_tracker/lib/ball_tracker
[23.655s] Installing detect_ball_3d script to /home/pi/seav2/install/ball_tracker/lib/ball_tracker
[23.659s] Installing follow_ball script to /home/pi/seav2/install/ball_tracker/lib/ball_tracker
[23.664s] 
[23.666s] Installed /home/pi/seav2/build/ball_tracker
[23.669s] running symlink_data
