[5.594s] Invoking command in '/home/pi/seav2/src/robot_cam_ros': PYTHONPATH=/home/pi/seav2/build/robot_cam_ros/prefix_override:/usr/lib/python3/dist-packages/colcon_core/task/python/colcon_distutils_commands:/home/pi/seav2/install/robot_cam_ros/lib/python3.10/site-packages:${PYTHONPATH} /usr/bin/python3 -W ignore:setup.py install is deprecated -W ignore:easy_install command is deprecated setup.py egg_info --egg-base ../../build/robot_cam_ros build --build-base /home/pi/seav2/build/robot_cam_ros/build install --record /home/pi/seav2/build/robot_cam_ros/install.log --single-version-externally-managed install_data
[7.909s] running egg_info
[7.913s] creating ../../build/robot_cam_ros/robot_cam_ros.egg-info
[7.915s] writing ../../build/robot_cam_ros/robot_cam_ros.egg-info/PKG-INFO
[7.918s] writing dependency_links to ../../build/robot_cam_ros/robot_cam_ros.egg-info/dependency_links.txt
[7.920s] writing entry points to ../../build/robot_cam_ros/robot_cam_ros.egg-info/entry_points.txt
[7.922s] writing requirements to ../../build/robot_cam_ros/robot_cam_ros.egg-info/requires.txt
[7.923s] writing top-level names to ../../build/robot_cam_ros/robot_cam_ros.egg-info/top_level.txt
[7.925s] writing manifest file '../../build/robot_cam_ros/robot_cam_ros.egg-info/SOURCES.txt'
[7.936s] reading manifest file '../../build/robot_cam_ros/robot_cam_ros.egg-info/SOURCES.txt'
[7.941s] writing manifest file '../../build/robot_cam_ros/robot_cam_ros.egg-info/SOURCES.txt'
[7.943s] running build
[7.945s] running build_py
[7.947s] creating /home/pi/seav2/build/robot_cam_ros/build
[7.949s] creating /home/pi/seav2/build/robot_cam_ros/build/lib
[7.950s] creating /home/pi/seav2/build/robot_cam_ros/build/lib/robot_cam_ros
[7.954s] copying robot_cam_ros/follow_cam_node.py -> /home/pi/seav2/build/robot_cam_ros/build/lib/robot_cam_ros
[7.956s] copying robot_cam_ros/__init__.py -> /home/pi/seav2/build/robot_cam_ros/build/lib/robot_cam_ros
[7.959s] running install
[7.961s] running install_lib
[7.973s] creating /home/pi/seav2/install/robot_cam_ros/lib/python3.10/site-packages/robot_cam_ros
[7.974s] copying /home/pi/seav2/build/robot_cam_ros/build/lib/robot_cam_ros/follow_cam_node.py -> /home/pi/seav2/install/robot_cam_ros/lib/python3.10/site-packages/robot_cam_ros
[7.978s] copying /home/pi/seav2/build/robot_cam_ros/build/lib/robot_cam_ros/__init__.py -> /home/pi/seav2/install/robot_cam_ros/lib/python3.10/site-packages/robot_cam_ros
[7.984s] byte-compiling /home/pi/seav2/install/robot_cam_ros/lib/python3.10/site-packages/robot_cam_ros/follow_cam_node.py to follow_cam_node.cpython-310.pyc
[7.995s] byte-compiling /home/pi/seav2/install/robot_cam_ros/lib/python3.10/site-packages/robot_cam_ros/__init__.py to __init__.cpython-310.pyc
[7.998s] running install_data
[7.999s] creating /home/pi/seav2/install/robot_cam_ros/share/ament_index
[8.001s] creating /home/pi/seav2/install/robot_cam_ros/share/ament_index/resource_index
[8.002s] creating /home/pi/seav2/install/robot_cam_ros/share/ament_index/resource_index/packages
[8.004s] copying resource/robot_cam_ros -> /home/pi/seav2/install/robot_cam_ros/share/ament_index/resource_index/packages
[8.006s] copying package.xml -> /home/pi/seav2/install/robot_cam_ros/share/robot_cam_ros
[8.008s] creating /home/pi/seav2/install/robot_cam_ros/share/robot_cam_ros/launch
[8.010s] copying launch/follow_cam.launch.py -> /home/pi/seav2/install/robot_cam_ros/share/robot_cam_ros/launch
[8.012s] running install_egg_info
[8.024s] Copying ../../build/robot_cam_ros/robot_cam_ros.egg-info to /home/pi/seav2/install/robot_cam_ros/lib/python3.10/site-packages/robot_cam_ros-0.1.0-py3.10.egg-info
[8.034s] running install_scripts
[8.275s] Installing follow_cam script to /home/pi/seav2/install/robot_cam_ros/lib/robot_cam_ros
[8.277s] writing list of installed files to '/home/pi/seav2/build/robot_cam_ros/install.log'
[8.570s] Invoked command in '/home/pi/seav2/src/robot_cam_ros' returned '0': PYTHONPATH=/home/pi/seav2/build/robot_cam_ros/prefix_override:/usr/lib/python3/dist-packages/colcon_core/task/python/colcon_distutils_commands:/home/pi/seav2/install/robot_cam_ros/lib/python3.10/site-packages:${PYTHONPATH} /usr/bin/python3 -W ignore:setup.py install is deprecated -W ignore:easy_install command is deprecated setup.py egg_info --egg-base ../../build/robot_cam_ros build --build-base /home/pi/seav2/build/robot_cam_ros/build install --record /home/pi/seav2/build/robot_cam_ros/install.log --single-version-externally-managed install_data
