[14.872s] Invoking command in '/home/pi/seav2/src/ball_tracker': PYTHONPATH=/home/pi/seav2/build/ball_tracker/prefix_override:/usr/lib/python3/dist-packages/colcon_core/task/python/colcon_distutils_commands:/home/pi/seav2/install/ball_tracker/lib/python3.10/site-packages:${PYTHONPATH} /usr/bin/python3 -W ignore:setup.py install is deprecated -W ignore:easy_install command is deprecated setup.py egg_info --egg-base ../../build/ball_tracker build --build-base /home/pi/seav2/build/ball_tracker/build install --record /home/pi/seav2/build/ball_tracker/install.log --install-scripts $base/lib/ball_tracker --single-version-externally-managed install_data
[19.866s] /usr/lib/python3/dist-packages/setuptools/dist.py:723: UserWarning: Usage of dash-separated 'script-dir' will not be supported in future versions. Please use the underscore name 'script_dir' instead
[19.867s]   warnings.warn(
[19.981s] running egg_info
[20.004s] writing ../../build/ball_tracker/ball_tracker.egg-info/PKG-INFO
[20.012s] writing dependency_links to ../../build/ball_tracker/ball_tracker.egg-info/dependency_links.txt
[20.021s] writing entry points to ../../build/ball_tracker/ball_tracker.egg-info/entry_points.txt
[20.033s] writing requirements to ../../build/ball_tracker/ball_tracker.egg-info/requires.txt
[20.041s] writing top-level names to ../../build/ball_tracker/ball_tracker.egg-info/top_level.txt
[20.067s] reading manifest file '../../build/ball_tracker/ball_tracker.egg-info/SOURCES.txt'
[20.083s] writing manifest file '../../build/ball_tracker/ball_tracker.egg-info/SOURCES.txt'
[20.092s] running build
[20.096s] running build_py
[20.107s] running install
[20.115s] running install_lib
[20.140s] running install_data
[20.148s] running install_egg_info
[20.175s] removing '/home/pi/seav2/install/ball_tracker/lib/python3.10/site-packages/ball_tracker-0.0.0-py3.10.egg-info' (and everything under it)
[20.200s] Copying ../../build/ball_tracker/ball_tracker.egg-info to /home/pi/seav2/install/ball_tracker/lib/python3.10/site-packages/ball_tracker-0.0.0-py3.10.egg-info
[20.236s] running install_scripts
[20.571s] Installing detect_ball script to /home/pi/seav2/install/ball_tracker/lib/ball_tracker
[20.580s] Installing detect_ball_3d script to /home/pi/seav2/install/ball_tracker/lib/ball_tracker
[20.591s] Installing follow_ball script to /home/pi/seav2/install/ball_tracker/lib/ball_tracker
[20.605s] writing list of installed files to '/home/pi/seav2/build/ball_tracker/install.log'
[20.979s] Invoked command in '/home/pi/seav2/src/ball_tracker' returned '0': PYTHONPATH=/home/pi/seav2/build/ball_tracker/prefix_override:/usr/lib/python3/dist-packages/colcon_core/task/python/colcon_distutils_commands:/home/pi/seav2/install/ball_tracker/lib/python3.10/site-packages:${PYTHONPATH} /usr/bin/python3 -W ignore:setup.py install is deprecated -W ignore:easy_install command is deprecated setup.py egg_info --egg-base ../../build/ball_tracker build --build-base /home/pi/seav2/build/ball_tracker/build install --record /home/pi/seav2/build/ball_tracker/install.log --install-scripts $base/lib/ball_tracker --single-version-externally-managed install_data
