-- Install configuration: ""
-- Execute custom install script
-- Up-to-date symlink: /home/pi/seav2/install/seav2/share/seav2/config/drive_car.rviz
-- Up-to-date symlink: /home/pi/seav2/install/seav2/share/seav2/config/ekf.yaml
-- Up-to-date symlink: /home/pi/seav2/install/seav2/share/seav2/config/ekf_odom.yaml
-- Up-to-date symlink: /home/pi/seav2/install/seav2/share/seav2/config/gaz_ros2_ctl_use_sim.yaml
-- Up-to-date symlink: /home/pi/seav2/install/seav2/share/seav2/config/gazebo_params.yaml
-- Up-to-date symlink: /home/pi/seav2/install/seav2/share/seav2/config/imu_filter_madgwick.yaml
-- Up-to-date symlink: /home/pi/seav2/install/seav2/share/seav2/config/joystick.yaml
-- Up-to-date symlink: /home/pi/seav2/install/seav2/share/seav2/config/main.rviz
-- Up-to-date symlink: /home/pi/seav2/install/seav2/share/seav2/config/mapper_params_online_async.yaml
-- Up-to-date symlink: /home/pi/seav2/install/seav2/share/seav2/config/my_controllers.yaml
-- Up-to-date symlink: /home/pi/seav2/install/seav2/share/seav2/config/nav2_params.yaml
-- Up-to-date symlink: /home/pi/seav2/install/seav2/share/seav2/config/twist_mux.yaml
-- Up-to-date symlink: /home/pi/seav2/install/seav2/share/seav2/config/view_car.rviz
-- Up-to-date symlink: /home/pi/seav2/install/seav2/share/seav2/description/camera.xacro
-- Up-to-date symlink: /home/pi/seav2/install/seav2/share/seav2/description/depth_camera.xacro
-- Up-to-date symlink: /home/pi/seav2/install/seav2/share/seav2/description/gazebo_control.xacro
-- Up-to-date symlink: /home/pi/seav2/install/seav2/share/seav2/description/inertial_macros.xacro
-- Up-to-date symlink: /home/pi/seav2/install/seav2/share/seav2/description/lidar.xacro
-- Up-to-date symlink: /home/pi/seav2/install/seav2/share/seav2/description/robot.urdf.xacro
-- Up-to-date symlink: /home/pi/seav2/install/seav2/share/seav2/description/robot_core.xacro
-- Up-to-date symlink: /home/pi/seav2/install/seav2/share/seav2/description/ros2_control.xacro
-- Symlinking: /home/pi/seav2/install/seav2/share/seav2/launch/__pycache__/launch_robot.launch.cpython-310.pyc
-- Symlinking: /home/pi/seav2/install/seav2/share/seav2/launch/ekf.launch.py
-- Up-to-date symlink: /home/pi/seav2/install/seav2/share/seav2/launch/imu_tf.launch.py
-- Up-to-date symlink: /home/pi/seav2/install/seav2/share/seav2/launch/joystick.launch.py
-- Up-to-date symlink: /home/pi/seav2/install/seav2/share/seav2/launch/launch_robot.launch.py
-- Up-to-date symlink: /home/pi/seav2/install/seav2/share/seav2/launch/launch_sim.launch.py
-- Up-to-date symlink: /home/pi/seav2/install/seav2/share/seav2/launch/localization_launch.py
-- Up-to-date symlink: /home/pi/seav2/install/seav2/share/seav2/launch/navigation_launch.py
-- Up-to-date symlink: /home/pi/seav2/install/seav2/share/seav2/launch/online_async_launch.py
-- Up-to-date symlink: /home/pi/seav2/install/seav2/share/seav2/launch/rplidar.launch.py
-- Up-to-date symlink: /home/pi/seav2/install/seav2/share/seav2/launch/rsp.launch.py
-- Up-to-date symlink: /home/pi/seav2/install/seav2/share/seav2/worlds/empty.world
-- Up-to-date symlink: /home/pi/seav2/install/seav2/share/seav2/worlds/obstacles.world
-- Up-to-date symlink: /home/pi/seav2/install/seav2/share/ament_index/resource_index/package_run_dependencies/seav2
-- Up-to-date symlink: /home/pi/seav2/install/seav2/share/ament_index/resource_index/parent_prefix_path/seav2
-- Up-to-date symlink: /home/pi/seav2/install/seav2/share/seav2/environment/ament_prefix_path.sh
-- Up-to-date symlink: /home/pi/seav2/install/seav2/share/seav2/environment/ament_prefix_path.dsv
-- Up-to-date symlink: /home/pi/seav2/install/seav2/share/seav2/environment/path.sh
-- Up-to-date symlink: /home/pi/seav2/install/seav2/share/seav2/environment/path.dsv
-- Up-to-date symlink: /home/pi/seav2/install/seav2/share/seav2/local_setup.bash
-- Up-to-date symlink: /home/pi/seav2/install/seav2/share/seav2/local_setup.sh
-- Up-to-date symlink: /home/pi/seav2/install/seav2/share/seav2/local_setup.zsh
-- Up-to-date symlink: /home/pi/seav2/install/seav2/share/seav2/local_setup.dsv
-- Symlinking: /home/pi/seav2/install/seav2/share/seav2/package.dsv
-- Up-to-date symlink: /home/pi/seav2/install/seav2/share/ament_index/resource_index/packages/seav2
-- Up-to-date symlink: /home/pi/seav2/install/seav2/share/seav2/cmake/seav2Config.cmake
-- Up-to-date symlink: /home/pi/seav2/install/seav2/share/seav2/cmake/seav2Config-version.cmake
-- Up-to-date symlink: /home/pi/seav2/install/seav2/share/seav2/package.xml
