[6.857s] Invoking command in '/home/pi/seav2/src/ball_tracker': PYTHONPATH=/home/pi/seav2/build/ball_tracker/prefix_override:/usr/lib/python3/dist-packages/colcon_core/task/python/colcon_distutils_commands:/home/pi/seav2/install/ball_tracker/lib/python3.10/site-packages:${PYTHONPATH} /usr/bin/python3 -W ignore:setup.py install is deprecated -W ignore:easy_install command is deprecated setup.py egg_info --egg-base ../../build/ball_tracker build --build-base /home/pi/seav2/build/ball_tracker/build install --record /home/pi/seav2/build/ball_tracker/install.log --install-scripts $base/lib/ball_tracker --single-version-externally-managed install_data
[8.640s] /usr/lib/python3/dist-packages/setuptools/dist.py:723: UserWarning: Usage of dash-separated 'script-dir' will not be supported in future versions. Please use the underscore name 'script_dir' instead
[8.641s]   warnings.warn(
[8.687s] running egg_info
[8.695s] writing ../../build/ball_tracker/ball_tracker.egg-info/PKG-INFO
[8.697s] writing dependency_links to ../../build/ball_tracker/ball_tracker.egg-info/dependency_links.txt
[8.698s] writing entry points to ../../build/ball_tracker/ball_tracker.egg-info/entry_points.txt
[8.699s] writing requirements to ../../build/ball_tracker/ball_tracker.egg-info/requires.txt
[8.701s] writing top-level names to ../../build/ball_tracker/ball_tracker.egg-info/top_level.txt
[8.711s] reading manifest file '../../build/ball_tracker/ball_tracker.egg-info/SOURCES.txt'
[8.716s] writing manifest file '../../build/ball_tracker/ball_tracker.egg-info/SOURCES.txt'
[8.717s] running build
[8.718s] running build_py
[8.721s] running install
[8.722s] running install_lib
[8.732s] running install_data
[8.733s] running install_egg_info
[8.744s] removing '/home/pi/seav2/install/ball_tracker/lib/python3.10/site-packages/ball_tracker-0.0.0-py3.10.egg-info' (and everything under it)
[8.746s] Copying ../../build/ball_tracker/ball_tracker.egg-info to /home/pi/seav2/install/ball_tracker/lib/python3.10/site-packages/ball_tracker-0.0.0-py3.10.egg-info
[8.757s] running install_scripts
[8.869s] Installing detect_ball script to /home/pi/seav2/install/ball_tracker/lib/ball_tracker
[8.870s] Installing detect_ball_3d script to /home/pi/seav2/install/ball_tracker/lib/ball_tracker
[8.871s] Installing follow_ball script to /home/pi/seav2/install/ball_tracker/lib/ball_tracker
[8.874s] writing list of installed files to '/home/pi/seav2/build/ball_tracker/install.log'
