[0.246s] Invoking command in '/home/pi/seav2/build/serial': CMAKE_PREFIX_PATH=${CMAKE_PREFIX_PATH}:/home/pi/seav2/install/robot_cam_ros:/home/pi/seav2/install/ball_tracker:/home/pi/ss25/install/wheel_odometry:/home/pi/ss25/install/vup_2k7:/home/pi/ss25/install/summary:/home/pi/ss25/install/safety_control:/home/pi/ss25/install/project:/home/pi/ss25/install/my_slam:/home/pi/ss25/install/my_motor_driver:/home/pi/ss25/install/final:/home/pi/ss25/install/description:/home/pi/ss25/install/bringup_pkg:/home/pi/ss25/src/summary/install/summary:/home/pi/ss25/src/install/wheel_odometry:/home/pi/ss25/src/install/summary:/home/pi/ss25/src/install/safety_control:/home/pi/ss25/src/install/project:/home/pi/ss25/src/install/my_motor_driver:/home/pi/ss25/src/install/description:/home/pi/ss25/src/install/bringup_pkg:/home/pi/install/summary:/home/pi/demo_testing_9_april/seav/install/yolov8_ros:/home/pi/demo_testing_9_april/seav/install/static_tf_publisher:/home/pi/demo_testing_9_april/seav/install/seav_test_sensors:/home/pi/demo_testing_9_april/seav/install/my_robot_controller:/opt/ros/humble /usr/bin/cmake --build /home/pi/seav2/build/serial -- -j4 -l4
[2.178s] [ 28%] Built target serial
[2.182s] [ 42%] Built target gtest_main
[2.183s] [ 57%] Built target gtest
[2.184s] [ 71%] Built target serial_example
[2.185s] [ 85%] Built target serial-test-timer
[2.189s] [100%] Built target serial-test
[4.013s] Invoked command in '/home/pi/seav2/build/serial' returned '0': CMAKE_PREFIX_PATH=${CMAKE_PREFIX_PATH}:/home/pi/seav2/install/robot_cam_ros:/home/pi/seav2/install/ball_tracker:/home/pi/ss25/install/wheel_odometry:/home/pi/ss25/install/vup_2k7:/home/pi/ss25/install/summary:/home/pi/ss25/install/safety_control:/home/pi/ss25/install/project:/home/pi/ss25/install/my_slam:/home/pi/ss25/install/my_motor_driver:/home/pi/ss25/install/final:/home/pi/ss25/install/description:/home/pi/ss25/install/bringup_pkg:/home/pi/ss25/src/summary/install/summary:/home/pi/ss25/src/install/wheel_odometry:/home/pi/ss25/src/install/summary:/home/pi/ss25/src/install/safety_control:/home/pi/ss25/src/install/project:/home/pi/ss25/src/install/my_motor_driver:/home/pi/ss25/src/install/description:/home/pi/ss25/src/install/bringup_pkg:/home/pi/install/summary:/home/pi/demo_testing_9_april/seav/install/yolov8_ros:/home/pi/demo_testing_9_april/seav/install/static_tf_publisher:/home/pi/demo_testing_9_april/seav/install/seav_test_sensors:/home/pi/demo_testing_9_april/seav/install/my_robot_controller:/opt/ros/humble /usr/bin/cmake --build /home/pi/seav2/build/serial -- -j4 -l4
[4.097s] Invoking command in '/home/pi/seav2/build/serial': CMAKE_PREFIX_PATH=${CMAKE_PREFIX_PATH}:/home/pi/seav2/install/robot_cam_ros:/home/pi/seav2/install/ball_tracker:/home/pi/ss25/install/wheel_odometry:/home/pi/ss25/install/vup_2k7:/home/pi/ss25/install/summary:/home/pi/ss25/install/safety_control:/home/pi/ss25/install/project:/home/pi/ss25/install/my_slam:/home/pi/ss25/install/my_motor_driver:/home/pi/ss25/install/final:/home/pi/ss25/install/description:/home/pi/ss25/install/bringup_pkg:/home/pi/ss25/src/summary/install/summary:/home/pi/ss25/src/install/wheel_odometry:/home/pi/ss25/src/install/summary:/home/pi/ss25/src/install/safety_control:/home/pi/ss25/src/install/project:/home/pi/ss25/src/install/my_motor_driver:/home/pi/ss25/src/install/description:/home/pi/ss25/src/install/bringup_pkg:/home/pi/install/summary:/home/pi/demo_testing_9_april/seav/install/yolov8_ros:/home/pi/demo_testing_9_april/seav/install/static_tf_publisher:/home/pi/demo_testing_9_april/seav/install/seav_test_sensors:/home/pi/demo_testing_9_april/seav/install/my_robot_controller:/opt/ros/humble /usr/bin/cmake --install /home/pi/seav2/build/serial
[4.100s] -- Install configuration: ""
[4.101s] -- Up-to-date: /home/pi/seav2/install/serial/lib/libserial.a
[4.102s] -- Up-to-date: /home/pi/seav2/install/serial/include/serial/serial.h
[4.103s] -- Up-to-date: /home/pi/seav2/install/serial/include/serial/v8stdint.h
[4.103s] -- Up-to-date: /home/pi/seav2/install/serial/share/serial/environment/library_path.sh
[4.105s] -- Up-to-date: /home/pi/seav2/install/serial/share/serial/environment/library_path.dsv
[4.106s] -- Up-to-date: /home/pi/seav2/install/serial/share/ament_index/resource_index/package_run_dependencies/serial
[4.106s] -- Up-to-date: /home/pi/seav2/install/serial/share/ament_index/resource_index/parent_prefix_path/serial
[4.107s] -- Up-to-date: /home/pi/seav2/install/serial/share/serial/environment/ament_prefix_path.sh
[4.108s] -- Up-to-date: /home/pi/seav2/install/serial/share/serial/environment/ament_prefix_path.dsv
[4.108s] -- Up-to-date: /home/pi/seav2/install/serial/share/serial/environment/path.sh
[4.109s] -- Up-to-date: /home/pi/seav2/install/serial/share/serial/environment/path.dsv
[4.110s] -- Up-to-date: /home/pi/seav2/install/serial/share/serial/local_setup.bash
[4.111s] -- Up-to-date: /home/pi/seav2/install/serial/share/serial/local_setup.sh
[4.111s] -- Up-to-date: /home/pi/seav2/install/serial/share/serial/local_setup.zsh
[4.114s] -- Up-to-date: /home/pi/seav2/install/serial/share/serial/local_setup.dsv
[4.115s] -- Installing: /home/pi/seav2/install/serial/share/serial/package.dsv
[4.116s] -- Up-to-date: /home/pi/seav2/install/serial/share/ament_index/resource_index/packages/serial
[4.117s] -- Up-to-date: /home/pi/seav2/install/serial/share/serial/cmake/ament_cmake_export_include_directories-extras.cmake
[4.117s] -- Up-to-date: /home/pi/seav2/install/serial/share/serial/cmake/ament_cmake_export_libraries-extras.cmake
[4.118s] -- Up-to-date: /home/pi/seav2/install/serial/share/serial/cmake/serialConfig.cmake
[4.119s] -- Up-to-date: /home/pi/seav2/install/serial/share/serial/cmake/serialConfig-version.cmake
[4.119s] -- Up-to-date: /home/pi/seav2/install/serial/share/serial/package.xml
[4.295s] Invoked command in '/home/pi/seav2/build/serial' returned '0': CMAKE_PREFIX_PATH=${CMAKE_PREFIX_PATH}:/home/pi/seav2/install/robot_cam_ros:/home/pi/seav2/install/ball_tracker:/home/pi/ss25/install/wheel_odometry:/home/pi/ss25/install/vup_2k7:/home/pi/ss25/install/summary:/home/pi/ss25/install/safety_control:/home/pi/ss25/install/project:/home/pi/ss25/install/my_slam:/home/pi/ss25/install/my_motor_driver:/home/pi/ss25/install/final:/home/pi/ss25/install/description:/home/pi/ss25/install/bringup_pkg:/home/pi/ss25/src/summary/install/summary:/home/pi/ss25/src/install/wheel_odometry:/home/pi/ss25/src/install/summary:/home/pi/ss25/src/install/safety_control:/home/pi/ss25/src/install/project:/home/pi/ss25/src/install/my_motor_driver:/home/pi/ss25/src/install/description:/home/pi/ss25/src/install/bringup_pkg:/home/pi/install/summary:/home/pi/demo_testing_9_april/seav/install/yolov8_ros:/home/pi/demo_testing_9_april/seav/install/static_tf_publisher:/home/pi/demo_testing_9_april/seav/install/seav_test_sensors:/home/pi/demo_testing_9_april/seav/install/my_robot_controller:/opt/ros/humble /usr/bin/cmake --install /home/pi/seav2/build/serial
