[11.328s] Invoking command in '/home/pi/seav2/build/seav2_imu': PYTHONPATH=/home/pi/seav2/build/seav2_imu/prefix_override:/usr/lib/python3/dist-packages/colcon_core/task/python/colcon_distutils_commands:/home/pi/seav2/install/seav2_imu/lib/python3.10/site-packages:${PYTHONPATH} /usr/bin/python3 -W ignore:setup.py install is deprecated -W ignore:easy_install command is deprecated setup.py develop --editable --build-directory /home/pi/seav2/build/seav2_imu/build --no-deps symlink_data
[15.504s] running develop
[18.204s] running egg_info
[18.205s] creating seav2_imu.egg-info
[18.207s] writing seav2_imu.egg-info/PKG-INFO
[18.210s] writing dependency_links to seav2_imu.egg-info/dependency_links.txt
[18.212s] writing entry points to seav2_imu.egg-info/entry_points.txt
[18.215s] writing requirements to seav2_imu.egg-info/requires.txt
[18.216s] writing top-level names to seav2_imu.egg-info/top_level.txt
[18.218s] writing manifest file 'seav2_imu.egg-info/SOURCES.txt'
[18.236s] reading manifest file 'seav2_imu.egg-info/SOURCES.txt'
[18.243s] writing manifest file 'seav2_imu.egg-info/SOURCES.txt'
[18.265s] running build_ext
[18.267s] Creating /home/pi/seav2/install/seav2_imu/lib/python3.10/site-packages/seav2-imu.egg-link (link to .)
[18.276s] Installing mpu6050_node script to /home/pi/seav2/install/seav2_imu/lib/seav2_imu
[18.279s] 
[18.281s] Installed /home/pi/seav2/build/seav2_imu
[18.283s] running symlink_data
[18.284s] creating /home/pi/seav2/install/seav2_imu/share/ament_index
[18.286s] creating /home/pi/seav2/install/seav2_imu/share/ament_index/resource_index
[18.288s] creating /home/pi/seav2/install/seav2_imu/share/ament_index/resource_index/packages
[18.290s] symbolically linking /home/pi/seav2/build/seav2_imu/resource/seav2_imu -> /home/pi/seav2/install/seav2_imu/share/ament_index/resource_index/packages
[18.295s] symbolically linking /home/pi/seav2/build/seav2_imu/package.xml -> /home/pi/seav2/install/seav2_imu/share/seav2_imu
[18.525s] Invoked command in '/home/pi/seav2/build/seav2_imu' returned '0': PYTHONPATH=/home/pi/seav2/build/seav2_imu/prefix_override:/usr/lib/python3/dist-packages/colcon_core/task/python/colcon_distutils_commands:/home/pi/seav2/install/seav2_imu/lib/python3.10/site-packages:${PYTHONPATH} /usr/bin/python3 -W ignore:setup.py install is deprecated -W ignore:easy_install command is deprecated setup.py develop --editable --build-directory /home/pi/seav2/build/seav2_imu/build --no-deps symlink_data
