[0.634s] Invoking command in '/home/pi/seav2/build/seav2': CMAKE_PREFIX_PATH=${CMAKE_PREFIX_PATH}:/home/pi/seav2/install/seav2_imu:/home/pi/seav2/install/robot_cam_ros:/home/pi/seav2/install/ball_tracker:/home/pi/ss25/install/wheel_odometry:/home/pi/ss25/install/vup_2k7:/home/pi/ss25/install/summary:/home/pi/ss25/install/safety_control:/home/pi/ss25/install/project:/home/pi/ss25/install/my_slam:/home/pi/ss25/install/my_motor_driver:/home/pi/ss25/install/final:/home/pi/ss25/install/description:/home/pi/ss25/install/bringup_pkg:/home/pi/ss25/src/summary/install/summary:/home/pi/ss25/src/install/wheel_odometry:/home/pi/ss25/src/install/summary:/home/pi/ss25/src/install/safety_control:/home/pi/ss25/src/install/project:/home/pi/ss25/src/install/my_motor_driver:/home/pi/ss25/src/install/description:/home/pi/ss25/src/install/bringup_pkg:/home/pi/install/summary:/home/pi/demo_testing_9_april/seav/install/yolov8_ros:/home/pi/demo_testing_9_april/seav/install/static_tf_publisher:/home/pi/demo_testing_9_april/seav/install/seav_test_sensors:/home/pi/demo_testing_9_april/seav/install/my_robot_controller:/opt/ros/humble /usr/bin/cmake --build /home/pi/seav2/build/seav2 -- -j4 -l4
[5.366s] Invoked command in '/home/pi/seav2/build/seav2' returned '0': CMAKE_PREFIX_PATH=${CMAKE_PREFIX_PATH}:/home/pi/seav2/install/seav2_imu:/home/pi/seav2/install/robot_cam_ros:/home/pi/seav2/install/ball_tracker:/home/pi/ss25/install/wheel_odometry:/home/pi/ss25/install/vup_2k7:/home/pi/ss25/install/summary:/home/pi/ss25/install/safety_control:/home/pi/ss25/install/project:/home/pi/ss25/install/my_slam:/home/pi/ss25/install/my_motor_driver:/home/pi/ss25/install/final:/home/pi/ss25/install/description:/home/pi/ss25/install/bringup_pkg:/home/pi/ss25/src/summary/install/summary:/home/pi/ss25/src/install/wheel_odometry:/home/pi/ss25/src/install/summary:/home/pi/ss25/src/install/safety_control:/home/pi/ss25/src/install/project:/home/pi/ss25/src/install/my_motor_driver:/home/pi/ss25/src/install/description:/home/pi/ss25/src/install/bringup_pkg:/home/pi/install/summary:/home/pi/demo_testing_9_april/seav/install/yolov8_ros:/home/pi/demo_testing_9_april/seav/install/static_tf_publisher:/home/pi/demo_testing_9_april/seav/install/seav_test_sensors:/home/pi/demo_testing_9_april/seav/install/my_robot_controller:/opt/ros/humble /usr/bin/cmake --build /home/pi/seav2/build/seav2 -- -j4 -l4
[5.392s] Invoking command in '/home/pi/seav2/build/seav2': CMAKE_PREFIX_PATH=${CMAKE_PREFIX_PATH}:/home/pi/seav2/install/seav2_imu:/home/pi/seav2/install/robot_cam_ros:/home/pi/seav2/install/ball_tracker:/home/pi/ss25/install/wheel_odometry:/home/pi/ss25/install/vup_2k7:/home/pi/ss25/install/summary:/home/pi/ss25/install/safety_control:/home/pi/ss25/install/project:/home/pi/ss25/install/my_slam:/home/pi/ss25/install/my_motor_driver:/home/pi/ss25/install/final:/home/pi/ss25/install/description:/home/pi/ss25/install/bringup_pkg:/home/pi/ss25/src/summary/install/summary:/home/pi/ss25/src/install/wheel_odometry:/home/pi/ss25/src/install/summary:/home/pi/ss25/src/install/safety_control:/home/pi/ss25/src/install/project:/home/pi/ss25/src/install/my_motor_driver:/home/pi/ss25/src/install/description:/home/pi/ss25/src/install/bringup_pkg:/home/pi/install/summary:/home/pi/demo_testing_9_april/seav/install/yolov8_ros:/home/pi/demo_testing_9_april/seav/install/static_tf_publisher:/home/pi/demo_testing_9_april/seav/install/seav_test_sensors:/home/pi/demo_testing_9_april/seav/install/my_robot_controller:/opt/ros/humble /usr/bin/cmake --install /home/pi/seav2/build/seav2
[5.500s] -- Install configuration: ""
[5.505s] -- Execute custom install script
[5.515s] -- Up-to-date symlink: /home/pi/seav2/install/seav2/share/seav2/config/drive_car.rviz
[5.519s] -- Up-to-date symlink: /home/pi/seav2/install/seav2/share/seav2/config/ekf.yaml
[5.520s] -- Up-to-date symlink: /home/pi/seav2/install/seav2/share/seav2/config/ekf_odom.yaml
[5.522s] -- Up-to-date symlink: /home/pi/seav2/install/seav2/share/seav2/config/gaz_ros2_ctl_use_sim.yaml
[5.524s] -- Up-to-date symlink: /home/pi/seav2/install/seav2/share/seav2/config/gazebo_params.yaml
[5.525s] -- Up-to-date symlink: /home/pi/seav2/install/seav2/share/seav2/config/imu_filter_madgwick.yaml
[5.526s] -- Up-to-date symlink: /home/pi/seav2/install/seav2/share/seav2/config/joystick.yaml
[5.530s] -- Up-to-date symlink: /home/pi/seav2/install/seav2/share/seav2/config/main.rviz
[5.534s] -- Up-to-date symlink: /home/pi/seav2/install/seav2/share/seav2/config/mapper_params_online_async.yaml
[5.536s] -- Up-to-date symlink: /home/pi/seav2/install/seav2/share/seav2/config/my_controllers.yaml
[5.537s] -- Up-to-date symlink: /home/pi/seav2/install/seav2/share/seav2/config/nav2_params.yaml
[5.538s] -- Up-to-date symlink: /home/pi/seav2/install/seav2/share/seav2/config/twist_mux.yaml
[5.539s] -- Up-to-date symlink: /home/pi/seav2/install/seav2/share/seav2/config/view_car.rviz
[5.548s] -- Up-to-date symlink: /home/pi/seav2/install/seav2/share/seav2/description/camera.xacro
[5.551s] -- Up-to-date symlink: /home/pi/seav2/install/seav2/share/seav2/description/depth_camera.xacro
[5.555s] -- Up-to-date symlink: /home/pi/seav2/install/seav2/share/seav2/description/gazebo_control.xacro
[5.556s] -- Up-to-date symlink: /home/pi/seav2/install/seav2/share/seav2/description/inertial_macros.xacro
[5.557s] -- Up-to-date symlink: /home/pi/seav2/install/seav2/share/seav2/description/lidar.xacro
[5.559s] -- Up-to-date symlink: /home/pi/seav2/install/seav2/share/seav2/description/robot.urdf.xacro
[5.560s] -- Up-to-date symlink: /home/pi/seav2/install/seav2/share/seav2/description/robot_core.xacro
[5.568s] -- Up-to-date symlink: /home/pi/seav2/install/seav2/share/seav2/description/ros2_control.xacro
[5.570s] -- Up-to-date symlink: /home/pi/seav2/install/seav2/share/seav2/launch/__pycache__/launch_robot.launch.cpython-310.pyc
[5.571s] -- Up-to-date symlink: /home/pi/seav2/install/seav2/share/seav2/launch/ekf.launch.py
[5.572s] -- Up-to-date symlink: /home/pi/seav2/install/seav2/share/seav2/launch/imu_tf.launch.py
[5.578s] -- Up-to-date symlink: /home/pi/seav2/install/seav2/share/seav2/launch/joystick.launch.py
[5.580s] -- Up-to-date symlink: /home/pi/seav2/install/seav2/share/seav2/launch/launch_robot.launch.py
[5.581s] -- Up-to-date symlink: /home/pi/seav2/install/seav2/share/seav2/launch/launch_sim.launch.py
[5.583s] -- Up-to-date symlink: /home/pi/seav2/install/seav2/share/seav2/launch/localization_launch.py
[5.584s] -- Up-to-date symlink: /home/pi/seav2/install/seav2/share/seav2/launch/navigation_launch.py
[5.585s] -- Up-to-date symlink: /home/pi/seav2/install/seav2/share/seav2/launch/online_async_launch.py
[5.587s] -- Up-to-date symlink: /home/pi/seav2/install/seav2/share/seav2/launch/rplidar.launch.py
[5.590s] -- Up-to-date symlink: /home/pi/seav2/install/seav2/share/seav2/launch/rsp.launch.py
[5.591s] -- Up-to-date symlink: /home/pi/seav2/install/seav2/share/seav2/worlds/empty.world
[5.593s] -- Up-to-date symlink: /home/pi/seav2/install/seav2/share/seav2/worlds/obstacles.world
[5.595s] -- Up-to-date symlink: /home/pi/seav2/install/seav2/share/ament_index/resource_index/package_run_dependencies/seav2
[5.596s] -- Up-to-date symlink: /home/pi/seav2/install/seav2/share/ament_index/resource_index/parent_prefix_path/seav2
[5.599s] -- Up-to-date symlink: /home/pi/seav2/install/seav2/share/seav2/environment/ament_prefix_path.sh
[5.604s] -- Up-to-date symlink: /home/pi/seav2/install/seav2/share/seav2/environment/ament_prefix_path.dsv
[5.609s] -- Up-to-date symlink: /home/pi/seav2/install/seav2/share/seav2/environment/path.sh
[5.610s] -- Up-to-date symlink: /home/pi/seav2/install/seav2/share/seav2/environment/path.dsv
[5.614s] -- Up-to-date symlink: /home/pi/seav2/install/seav2/share/seav2/local_setup.bash
[5.616s] -- Up-to-date symlink: /home/pi/seav2/install/seav2/share/seav2/local_setup.sh
[5.622s] -- Up-to-date symlink: /home/pi/seav2/install/seav2/share/seav2/local_setup.zsh
[5.623s] -- Up-to-date symlink: /home/pi/seav2/install/seav2/share/seav2/local_setup.dsv
[5.624s] -- Symlinking: /home/pi/seav2/install/seav2/share/seav2/package.dsv
[5.737s] -- Up-to-date symlink: /home/pi/seav2/install/seav2/share/ament_index/resource_index/packages/seav2
[5.742s] -- Up-to-date symlink: /home/pi/seav2/install/seav2/share/seav2/cmake/seav2Config.cmake
[5.747s] -- Up-to-date symlink: /home/pi/seav2/install/seav2/share/seav2/cmake/seav2Config-version.cmake
[5.748s] -- Up-to-date symlink: /home/pi/seav2/install/seav2/share/seav2/package.xml
[5.767s] Invoked command in '/home/pi/seav2/build/seav2' returned '0': CMAKE_PREFIX_PATH=${CMAKE_PREFIX_PATH}:/home/pi/seav2/install/seav2_imu:/home/pi/seav2/install/robot_cam_ros:/home/pi/seav2/install/ball_tracker:/home/pi/ss25/install/wheel_odometry:/home/pi/ss25/install/vup_2k7:/home/pi/ss25/install/summary:/home/pi/ss25/install/safety_control:/home/pi/ss25/install/project:/home/pi/ss25/install/my_slam:/home/pi/ss25/install/my_motor_driver:/home/pi/ss25/install/final:/home/pi/ss25/install/description:/home/pi/ss25/install/bringup_pkg:/home/pi/ss25/src/summary/install/summary:/home/pi/ss25/src/install/wheel_odometry:/home/pi/ss25/src/install/summary:/home/pi/ss25/src/install/safety_control:/home/pi/ss25/src/install/project:/home/pi/ss25/src/install/my_motor_driver:/home/pi/ss25/src/install/description:/home/pi/ss25/src/install/bringup_pkg:/home/pi/install/summary:/home/pi/demo_testing_9_april/seav/install/yolov8_ros:/home/pi/demo_testing_9_april/seav/install/static_tf_publisher:/home/pi/demo_testing_9_april/seav/install/seav_test_sensors:/home/pi/demo_testing_9_april/seav/install/my_robot_controller:/opt/ros/humble /usr/bin/cmake --install /home/pi/seav2/build/seav2
