[6.666s] Invoking command in '/home/pi/seav2/src/ball_tracker': PYTHONPATH=/home/pi/seav2/build/ball_tracker/prefix_override:/usr/lib/python3/dist-packages/colcon_core/task/python/colcon_distutils_commands:/home/pi/seav2/install/ball_tracker/lib/python3.10/site-packages:${PYTHONPATH} /usr/bin/python3 -W ignore:setup.py install is deprecated -W ignore:easy_install command is deprecated setup.py egg_info --egg-base ../../build/ball_tracker build --build-base /home/pi/seav2/build/ball_tracker/build install --record /home/pi/seav2/build/ball_tracker/install.log --install-scripts $base/lib/ball_tracker --single-version-externally-managed install_data
[8.656s] /usr/lib/python3/dist-packages/setuptools/dist.py:723: UserWarning: Usage of dash-separated 'script-dir' will not be supported in future versions. Please use the underscore name 'script_dir' instead
[8.656s]   warnings.warn(
[8.711s] running egg_info
[8.721s] writing ../../build/ball_tracker/ball_tracker.egg-info/PKG-INFO
[8.722s] writing dependency_links to ../../build/ball_tracker/ball_tracker.egg-info/dependency_links.txt
[8.724s] writing entry points to ../../build/ball_tracker/ball_tracker.egg-info/entry_points.txt
[8.725s] writing requirements to ../../build/ball_tracker/ball_tracker.egg-info/requires.txt
[8.726s] writing top-level names to ../../build/ball_tracker/ball_tracker.egg-info/top_level.txt
[8.738s] reading manifest file '../../build/ball_tracker/ball_tracker.egg-info/SOURCES.txt'
[8.744s] writing manifest file '../../build/ball_tracker/ball_tracker.egg-info/SOURCES.txt'
[8.745s] running build
[8.746s] running build_py
[8.748s] running install
[8.750s] running install_lib
[8.760s] running install_data
[8.762s] running install_egg_info
[8.774s] removing '/home/pi/seav2/install/ball_tracker/lib/python3.10/site-packages/ball_tracker-0.0.0-py3.10.egg-info' (and everything under it)
[8.776s] Copying ../../build/ball_tracker/ball_tracker.egg-info to /home/pi/seav2/install/ball_tracker/lib/python3.10/site-packages/ball_tracker-0.0.0-py3.10.egg-info
[8.784s] running install_scripts
[8.913s] Installing detect_ball script to /home/pi/seav2/install/ball_tracker/lib/ball_tracker
[8.914s] Installing detect_ball_3d script to /home/pi/seav2/install/ball_tracker/lib/ball_tracker
[8.916s] Installing follow_ball script to /home/pi/seav2/install/ball_tracker/lib/ball_tracker
[8.920s] writing list of installed files to '/home/pi/seav2/build/ball_tracker/install.log'
