[17.449s] Invoking command in '/home/pi/seav2/build/ball_tracker': PYTHONPATH=/home/pi/seav2/build/ball_tracker/prefix_override:/usr/lib/python3/dist-packages/colcon_core/task/python/colcon_distutils_commands:/home/pi/seav2/install/ball_tracker/lib/python3.10/site-packages:${PYTHONPATH} /usr/bin/python3 -W ignore:setup.py install is deprecated -W ignore:easy_install command is deprecated setup.py develop --editable --build-directory /home/pi/seav2/build/ball_tracker/build --no-deps symlink_data --force
[22.060s] /usr/lib/python3/dist-packages/setuptools/dist.py:723: UserWarning: Usage of dash-separated 'script-dir' will not be supported in future versions. Please use the underscore name 'script_dir' instead
[22.062s]   warnings.warn(
[22.472s] running develop
[25.810s] running egg_info
[25.811s] writing ball_tracker.egg-info/PKG-INFO
[25.817s] writing dependency_links to ball_tracker.egg-info/dependency_links.txt
[25.824s] writing entry points to ball_tracker.egg-info/entry_points.txt
[25.826s] writing requirements to ball_tracker.egg-info/requires.txt
[25.830s] writing top-level names to ball_tracker.egg-info/top_level.txt
[25.850s] reading manifest file 'ball_tracker.egg-info/SOURCES.txt'
[25.862s] writing manifest file 'ball_tracker.egg-info/SOURCES.txt'
[25.886s] running build_ext
[25.888s] Creating /home/pi/seav2/install/ball_tracker/lib/python3.10/site-packages/ball-tracker.egg-link (link to .)
[25.898s] Installing detect_ball script to /home/pi/seav2/install/ball_tracker/lib/ball_tracker
[25.900s] Installing detect_ball_3d script to /home/pi/seav2/install/ball_tracker/lib/ball_tracker
[25.902s] Installing follow_ball script to /home/pi/seav2/install/ball_tracker/lib/ball_tracker
[25.905s] 
[25.906s] Installed /home/pi/seav2/build/ball_tracker
[25.908s] running symlink_data
[25.912s] symbolically linking /home/pi/seav2/build/ball_tracker/resource/ball_tracker -> /home/pi/seav2/install/ball_tracker/share/ament_index/resource_index/packages
[25.920s] symbolically linking /home/pi/seav2/build/ball_tracker/package.xml -> /home/pi/seav2/install/ball_tracker/share/ball_tracker
[25.921s] symbolically linking /home/pi/seav2/build/ball_tracker/launch/ball_tracker.launch.py -> /home/pi/seav2/install/ball_tracker/share/ball_tracker/launch
[25.922s] symbolically linking /home/pi/seav2/build/ball_tracker/launch/example_launch_include.launch.py -> /home/pi/seav2/install/ball_tracker/share/ball_tracker/launch
[25.923s] symbolically linking /home/pi/seav2/build/ball_tracker/config/ball_tracker_params_example.yaml -> /home/pi/seav2/install/ball_tracker/share/ball_tracker/config
[26.315s] Invoked command in '/home/pi/seav2/build/ball_tracker' returned '0': PYTHONPATH=/home/pi/seav2/build/ball_tracker/prefix_override:/usr/lib/python3/dist-packages/colcon_core/task/python/colcon_distutils_commands:/home/pi/seav2/install/ball_tracker/lib/python3.10/site-packages:${PYTHONPATH} /usr/bin/python3 -W ignore:setup.py install is deprecated -W ignore:easy_install command is deprecated setup.py develop --editable --build-directory /home/pi/seav2/build/ball_tracker/build --no-deps symlink_data --force
