[6.969s] Invoking command in '/home/pi/seav2/src/robot_cam_ros': PYTHONPATH=/home/pi/seav2/build/robot_cam_ros/prefix_override:/usr/lib/python3/dist-packages/colcon_core/task/python/colcon_distutils_commands:/home/pi/seav2/install/robot_cam_ros/lib/python3.10/site-packages:${PYTHONPATH} /usr/bin/python3 -W ignore:setup.py install is deprecated -W ignore:easy_install command is deprecated setup.py egg_info --egg-base ../../build/robot_cam_ros build --build-base /home/pi/seav2/build/robot_cam_ros/build install --record /home/pi/seav2/build/robot_cam_ros/install.log --single-version-externally-managed install_data
[8.825s] running egg_info
[8.828s] writing ../../build/robot_cam_ros/robot_cam_ros.egg-info/PKG-INFO
[8.833s] writing dependency_links to ../../build/robot_cam_ros/robot_cam_ros.egg-info/dependency_links.txt
[8.834s] writing entry points to ../../build/robot_cam_ros/robot_cam_ros.egg-info/entry_points.txt
[8.835s] writing requirements to ../../build/robot_cam_ros/robot_cam_ros.egg-info/requires.txt
[8.835s] writing top-level names to ../../build/robot_cam_ros/robot_cam_ros.egg-info/top_level.txt
[8.848s] reading manifest file '../../build/robot_cam_ros/robot_cam_ros.egg-info/SOURCES.txt'
[8.853s] writing manifest file '../../build/robot_cam_ros/robot_cam_ros.egg-info/SOURCES.txt'
[8.854s] running build
[8.855s] running build_py
[8.858s] running install
[8.860s] running install_lib
[8.871s] running install_data
[8.873s] running install_egg_info
[8.883s] removing '/home/pi/seav2/install/robot_cam_ros/lib/python3.10/site-packages/robot_cam_ros-0.1.0-py3.10.egg-info' (and everything under it)
[8.886s] Copying ../../build/robot_cam_ros/robot_cam_ros.egg-info to /home/pi/seav2/install/robot_cam_ros/lib/python3.10/site-packages/robot_cam_ros-0.1.0-py3.10.egg-info
[8.895s] running install_scripts
[9.011s] Installing follow_cam script to /home/pi/seav2/install/robot_cam_ros/lib/robot_cam_ros
[9.014s] writing list of installed files to '/home/pi/seav2/build/robot_cam_ros/install.log'
