[0.187s] Invoking command in '/home/pi/seav2/build/carlikebot_ros2_control': CMAKE_PREFIX_PATH=/home/pi/seav2/install/serial:/home/pi/seav2/install/ros2_control_demo_description:/home/pi/seav2/install/carlikebot_ros2_control:/home/pi/seav2/install/seav2:/home/pi/ss25/install/sllidar_ros2:/home/pi/ss25/src/install/sllidar_ros2:/home/pi/demo_testing_9_april/seav/install/seav_simulation:/home/pi/demo_testing_9_april/seav/install/seav_description:/home/pi/demo_testing_9_april/seav/install/rplidar_ros:/home/pi/demo_testing_9_april/seav/install/my_nav2_pkg:/home/pi/seav2/install/robot_cam_ros:/home/pi/seav2/install/ball_tracker:/home/pi/ss25/install/wheel_odometry:/home/pi/ss25/install/vup_2k7:/home/pi/ss25/install/summary:/home/pi/ss25/install/safety_control:/home/pi/ss25/install/project:/home/pi/ss25/install/my_slam:/home/pi/ss25/install/my_motor_driver:/home/pi/ss25/install/final:/home/pi/ss25/install/description:/home/pi/ss25/install/bringup_pkg:/home/pi/ss25/src/summary/install/summary:/home/pi/ss25/src/install/wheel_odometry:/home/pi/ss25/src/install/summary:/home/pi/ss25/src/install/safety_control:/home/pi/ss25/src/install/project:/home/pi/ss25/src/install/my_motor_driver:/home/pi/ss25/src/install/description:/home/pi/ss25/src/install/bringup_pkg:/home/pi/install/summary:/home/pi/demo_testing_9_april/seav/install/yolov8_ros:/home/pi/demo_testing_9_april/seav/install/static_tf_publisher:/home/pi/demo_testing_9_april/seav/install/seav_test_sensors:/home/pi/demo_testing_9_april/seav/install/my_robot_controller:/opt/ros/humble /usr/bin/cmake --build /home/pi/seav2/build/carlikebot_ros2_control -- -j4 -l4
[0.865s] [100%] Built target carlikebot_ros2_control
[0.981s] Invoked command in '/home/pi/seav2/build/carlikebot_ros2_control' returned '0': CMAKE_PREFIX_PATH=/home/pi/seav2/install/serial:/home/pi/seav2/install/ros2_control_demo_description:/home/pi/seav2/install/carlikebot_ros2_control:/home/pi/seav2/install/seav2:/home/pi/ss25/install/sllidar_ros2:/home/pi/ss25/src/install/sllidar_ros2:/home/pi/demo_testing_9_april/seav/install/seav_simulation:/home/pi/demo_testing_9_april/seav/install/seav_description:/home/pi/demo_testing_9_april/seav/install/rplidar_ros:/home/pi/demo_testing_9_april/seav/install/my_nav2_pkg:/home/pi/seav2/install/robot_cam_ros:/home/pi/seav2/install/ball_tracker:/home/pi/ss25/install/wheel_odometry:/home/pi/ss25/install/vup_2k7:/home/pi/ss25/install/summary:/home/pi/ss25/install/safety_control:/home/pi/ss25/install/project:/home/pi/ss25/install/my_slam:/home/pi/ss25/install/my_motor_driver:/home/pi/ss25/install/final:/home/pi/ss25/install/description:/home/pi/ss25/install/bringup_pkg:/home/pi/ss25/src/summary/install/summary:/home/pi/ss25/src/install/wheel_odometry:/home/pi/ss25/src/install/summary:/home/pi/ss25/src/install/safety_control:/home/pi/ss25/src/install/project:/home/pi/ss25/src/install/my_motor_driver:/home/pi/ss25/src/install/description:/home/pi/ss25/src/install/bringup_pkg:/home/pi/install/summary:/home/pi/demo_testing_9_april/seav/install/yolov8_ros:/home/pi/demo_testing_9_april/seav/install/static_tf_publisher:/home/pi/demo_testing_9_april/seav/install/seav_test_sensors:/home/pi/demo_testing_9_april/seav/install/my_robot_controller:/opt/ros/humble /usr/bin/cmake --build /home/pi/seav2/build/carlikebot_ros2_control -- -j4 -l4
[0.986s] Invoking command in '/home/pi/seav2/build/carlikebot_ros2_control': CMAKE_PREFIX_PATH=/home/pi/seav2/install/serial:/home/pi/seav2/install/ros2_control_demo_description:/home/pi/seav2/install/carlikebot_ros2_control:/home/pi/seav2/install/seav2:/home/pi/ss25/install/sllidar_ros2:/home/pi/ss25/src/install/sllidar_ros2:/home/pi/demo_testing_9_april/seav/install/seav_simulation:/home/pi/demo_testing_9_april/seav/install/seav_description:/home/pi/demo_testing_9_april/seav/install/rplidar_ros:/home/pi/demo_testing_9_april/seav/install/my_nav2_pkg:/home/pi/seav2/install/robot_cam_ros:/home/pi/seav2/install/ball_tracker:/home/pi/ss25/install/wheel_odometry:/home/pi/ss25/install/vup_2k7:/home/pi/ss25/install/summary:/home/pi/ss25/install/safety_control:/home/pi/ss25/install/project:/home/pi/ss25/install/my_slam:/home/pi/ss25/install/my_motor_driver:/home/pi/ss25/install/final:/home/pi/ss25/install/description:/home/pi/ss25/install/bringup_pkg:/home/pi/ss25/src/summary/install/summary:/home/pi/ss25/src/install/wheel_odometry:/home/pi/ss25/src/install/summary:/home/pi/ss25/src/install/safety_control:/home/pi/ss25/src/install/project:/home/pi/ss25/src/install/my_motor_driver:/home/pi/ss25/src/install/description:/home/pi/ss25/src/install/bringup_pkg:/home/pi/install/summary:/home/pi/demo_testing_9_april/seav/install/yolov8_ros:/home/pi/demo_testing_9_april/seav/install/static_tf_publisher:/home/pi/demo_testing_9_april/seav/install/seav_test_sensors:/home/pi/demo_testing_9_april/seav/install/my_robot_controller:/opt/ros/humble /usr/bin/cmake --install /home/pi/seav2/build/carlikebot_ros2_control
[1.036s] -- Install configuration: ""
[1.037s] -- Up-to-date: /home/pi/seav2/install/carlikebot_ros2_control/share/carlikebot_ros2_control/carlikebot_ros2_control.xml
[1.046s] -- Up-to-date: /home/pi/seav2/install/carlikebot_ros2_control/include/carlikebot_ros2_control
[1.046s] -- Up-to-date: /home/pi/seav2/install/carlikebot_ros2_control/include/carlikebot_ros2_control/carlikebot_ros2_control
[1.047s] -- Up-to-date: /home/pi/seav2/install/carlikebot_ros2_control/include/carlikebot_ros2_control/carlikebot_ros2_control/arduino_comms.hpp
[1.047s] -- Up-to-date: /home/pi/seav2/install/carlikebot_ros2_control/include/carlikebot_ros2_control/carlikebot_ros2_control/carlikebot_system.hpp
[1.048s] -- Up-to-date: /home/pi/seav2/install/carlikebot_ros2_control/share/carlikebot_ros2_control/launch
[1.048s] -- Up-to-date: /home/pi/seav2/install/carlikebot_ros2_control/share/carlikebot_ros2_control/launch/view_robot.launch.py
[1.049s] -- Up-to-date: /home/pi/seav2/install/carlikebot_ros2_control/share/carlikebot_ros2_control/ros2_control
[1.049s] -- Up-to-date: /home/pi/seav2/install/carlikebot_ros2_control/share/carlikebot_ros2_control/ros2_control/carlikebot.ros2_control.xacro
[1.049s] -- Up-to-date: /home/pi/seav2/install/carlikebot_ros2_control/share/carlikebot_ros2_control/urdf
[1.062s] -- Up-to-date: /home/pi/seav2/install/carlikebot_ros2_control/share/carlikebot_ros2_control/urdf/carlikebot.urdf.xacro
[1.062s] -- Up-to-date: /home/pi/seav2/install/carlikebot_ros2_control/share/carlikebot_ros2_control/launch
[1.063s] -- Up-to-date: /home/pi/seav2/install/carlikebot_ros2_control/share/carlikebot_ros2_control/launch/carlikebot.launch.py
[1.065s] -- Up-to-date: /home/pi/seav2/install/carlikebot_ros2_control/share/carlikebot_ros2_control/config
[1.065s] -- Up-to-date: /home/pi/seav2/install/carlikebot_ros2_control/share/carlikebot_ros2_control/config/carlikebot_controllers.yaml
[1.066s] -- Up-to-date: /home/pi/seav2/install/carlikebot_ros2_control/lib/libcarlikebot_ros2_control.so
[1.067s] -- Up-to-date: /home/pi/seav2/install/carlikebot_ros2_control/share/carlikebot_ros2_control/environment/library_path.sh
[1.067s] -- Up-to-date: /home/pi/seav2/install/carlikebot_ros2_control/share/carlikebot_ros2_control/environment/library_path.dsv
[1.067s] -- Up-to-date: /home/pi/seav2/install/carlikebot_ros2_control/share/ament_index/resource_index/package_run_dependencies/carlikebot_ros2_control
[1.068s] -- Up-to-date: /home/pi/seav2/install/carlikebot_ros2_control/share/ament_index/resource_index/parent_prefix_path/carlikebot_ros2_control
[1.068s] -- Up-to-date: /home/pi/seav2/install/carlikebot_ros2_control/share/carlikebot_ros2_control/environment/ament_prefix_path.sh
[1.069s] -- Up-to-date: /home/pi/seav2/install/carlikebot_ros2_control/share/carlikebot_ros2_control/environment/ament_prefix_path.dsv
[1.069s] -- Up-to-date: /home/pi/seav2/install/carlikebot_ros2_control/share/carlikebot_ros2_control/environment/path.sh
[1.070s] -- Up-to-date: /home/pi/seav2/install/carlikebot_ros2_control/share/carlikebot_ros2_control/environment/path.dsv
[1.070s] -- Up-to-date: /home/pi/seav2/install/carlikebot_ros2_control/share/carlikebot_ros2_control/local_setup.bash
[1.071s] -- Up-to-date: /home/pi/seav2/install/carlikebot_ros2_control/share/carlikebot_ros2_control/local_setup.sh
[1.071s] -- Up-to-date: /home/pi/seav2/install/carlikebot_ros2_control/share/carlikebot_ros2_control/local_setup.zsh
[1.072s] -- Up-to-date: /home/pi/seav2/install/carlikebot_ros2_control/share/carlikebot_ros2_control/local_setup.dsv
[1.072s] -- Installing: /home/pi/seav2/install/carlikebot_ros2_control/share/carlikebot_ros2_control/package.dsv
[1.082s] -- Up-to-date: /home/pi/seav2/install/carlikebot_ros2_control/share/ament_index/resource_index/packages/carlikebot_ros2_control
[1.084s] -- Up-to-date: /home/pi/seav2/install/carlikebot_ros2_control/share/ament_index/resource_index/hardware_interface__pluginlib__plugin/carlikebot_ros2_control
[1.090s] -- Up-to-date: /home/pi/seav2/install/carlikebot_ros2_control/share/carlikebot_ros2_control/cmake/export_carlikebot_ros2_controlExport.cmake
[1.091s] -- Up-to-date: /home/pi/seav2/install/carlikebot_ros2_control/share/carlikebot_ros2_control/cmake/export_carlikebot_ros2_controlExport-noconfig.cmake
[1.092s] -- Up-to-date: /home/pi/seav2/install/carlikebot_ros2_control/share/carlikebot_ros2_control/cmake/ament_cmake_export_targets-extras.cmake
[1.093s] -- Up-to-date: /home/pi/seav2/install/carlikebot_ros2_control/share/carlikebot_ros2_control/cmake/ament_cmake_export_dependencies-extras.cmake
[1.094s] -- Up-to-date: /home/pi/seav2/install/carlikebot_ros2_control/share/carlikebot_ros2_control/cmake/carlikebot_ros2_controlConfig.cmake
[1.095s] -- Up-to-date: /home/pi/seav2/install/carlikebot_ros2_control/share/carlikebot_ros2_control/cmake/carlikebot_ros2_controlConfig-version.cmake
[1.095s] -- Up-to-date: /home/pi/seav2/install/carlikebot_ros2_control/share/carlikebot_ros2_control/package.xml
[1.119s] Invoked command in '/home/pi/seav2/build/carlikebot_ros2_control' returned '0': CMAKE_PREFIX_PATH=/home/pi/seav2/install/serial:/home/pi/seav2/install/ros2_control_demo_description:/home/pi/seav2/install/carlikebot_ros2_control:/home/pi/seav2/install/seav2:/home/pi/ss25/install/sllidar_ros2:/home/pi/ss25/src/install/sllidar_ros2:/home/pi/demo_testing_9_april/seav/install/seav_simulation:/home/pi/demo_testing_9_april/seav/install/seav_description:/home/pi/demo_testing_9_april/seav/install/rplidar_ros:/home/pi/demo_testing_9_april/seav/install/my_nav2_pkg:/home/pi/seav2/install/robot_cam_ros:/home/pi/seav2/install/ball_tracker:/home/pi/ss25/install/wheel_odometry:/home/pi/ss25/install/vup_2k7:/home/pi/ss25/install/summary:/home/pi/ss25/install/safety_control:/home/pi/ss25/install/project:/home/pi/ss25/install/my_slam:/home/pi/ss25/install/my_motor_driver:/home/pi/ss25/install/final:/home/pi/ss25/install/description:/home/pi/ss25/install/bringup_pkg:/home/pi/ss25/src/summary/install/summary:/home/pi/ss25/src/install/wheel_odometry:/home/pi/ss25/src/install/summary:/home/pi/ss25/src/install/safety_control:/home/pi/ss25/src/install/project:/home/pi/ss25/src/install/my_motor_driver:/home/pi/ss25/src/install/description:/home/pi/ss25/src/install/bringup_pkg:/home/pi/install/summary:/home/pi/demo_testing_9_april/seav/install/yolov8_ros:/home/pi/demo_testing_9_april/seav/install/static_tf_publisher:/home/pi/demo_testing_9_april/seav/install/seav_test_sensors:/home/pi/demo_testing_9_april/seav/install/my_robot_controller:/opt/ros/humble /usr/bin/cmake --install /home/pi/seav2/build/carlikebot_ros2_control
